test_changed_original_stop_or_ordinal_is_rejected (test_sealed_historical_setup_stop_audit_v01.CausalityTests.test_changed_original_stop_or_ordinal_is_rejected) ... ok
test_equal_timestamp_source_rows_still_bind_prefix (test_sealed_historical_setup_stop_audit_v01.CausalityTests.test_equal_timestamp_source_rows_still_bind_prefix) ... ok
test_future_prices_and_indicators_do_not_change_result (test_sealed_historical_setup_stop_audit_v01.CausalityTests.test_future_prices_and_indicators_do_not_change_result) ... ok
test_independent_original_builder_prefix_and_stop_reproduce (test_sealed_historical_setup_stop_audit_v01.CausalityTests.test_independent_original_builder_prefix_and_stop_reproduce) ... ok
test_later_crossing_cannot_replace_first_crossing (test_sealed_historical_setup_stop_audit_v01.CausalityTests.test_later_crossing_cannot_replace_first_crossing) ... ok
test_macd_unknown_and_zero_remain_distinct (test_sealed_historical_setup_stop_audit_v01.CausalityTests.test_macd_unknown_and_zero_remain_distinct) ... ok
test_quote_lookback_is_inclusive_and_separate_from_sip_clock (test_sealed_historical_setup_stop_audit_v01.CausalityTests.test_quote_lookback_is_inclusive_and_separate_from_sip_clock) ... ok
test_room_is_signed_and_nonpositive_denominators_stay_unknown (test_sealed_historical_setup_stop_audit_v01.CausalityTests.test_room_is_signed_and_nonpositive_denominators_stay_unknown) ... ok
test_support_later_than_trough_cannot_make_plan (test_sealed_historical_setup_stop_audit_v01.CausalityTests.test_support_later_than_trough_cannot_make_plan) ... ok
test_unavailable_quote_cannot_be_invented_or_available_quote_dropped (test_sealed_historical_setup_stop_audit_v01.CausalityTests.test_unavailable_quote_cannot_be_invented_or_available_quote_dropped) ... ok
test_changed_descriptive_field_cannot_be_resigned_into_evidence (test_sealed_historical_setup_stop_audit_v01.FrozenEvidenceTests.test_changed_descriptive_field_cannot_be_resigned_into_evidence) ... ok
test_changed_summary_or_authority_cannot_be_resigned (test_sealed_historical_setup_stop_audit_v01.FrozenEvidenceTests.test_changed_summary_or_authority_cannot_be_resigned) ... ok
test_every_alternative_and_unavailable_reference_is_retained (test_sealed_historical_setup_stop_audit_v01.FrozenEvidenceTests.test_every_alternative_and_unavailable_reference_is_retained) ... ok
test_frozen_registration_and_saved_geometry_reproduce (test_sealed_historical_setup_stop_audit_v01.FrozenEvidenceTests.test_frozen_registration_and_saved_geometry_reproduce) ... ok
test_mutated_geometry_witness_cannot_pass_original_plan (test_sealed_historical_setup_stop_audit_v01.FrozenEvidenceTests.test_mutated_geometry_witness_cannot_pass_original_plan) ... ok
test_wrong_external_commitment_is_rejected (test_sealed_historical_setup_stop_audit_v01.FrozenEvidenceTests.test_wrong_external_commitment_is_rejected) ... ok
test_aggregation_preserves_conditions_float_arithmetic_and_ties (test_sealed_historical_setup_stop_audit_v01.SourceMechanicsTests.test_aggregation_preserves_conditions_float_arithmetic_and_ties) ... ok
test_archive_path_traversal_is_rejected_even_with_matching_hash (test_sealed_historical_setup_stop_audit_v01.SourceMechanicsTests.test_archive_path_traversal_is_rejected_even_with_matching_hash) ... ok
test_original_archive_identity_is_required (test_sealed_historical_setup_stop_audit_v01.SourceMechanicsTests.test_original_archive_identity_is_required) ... ok
test_serialization_matches_original_including_numeric_coercion (test_sealed_historical_setup_stop_audit_v01.SourceMechanicsTests.test_serialization_matches_original_including_numeric_coercion) ... ok
test_witness_preserves_unknown_indicator_values (test_sealed_historical_setup_stop_audit_v01.SourceMechanicsTests.test_witness_preserves_unknown_indicator_values) ... ok
test_witness_rejects_repeated_clocks (test_sealed_historical_setup_stop_audit_v01.SourceMechanicsTests.test_witness_rejects_repeated_clocks) ... ok

----------------------------------------------------------------------
Ran 22 tests in 7.151s

OK
