All three original archives and capture inventories verified
Verified 1/45 source pairs: 2025-05-30 GITS; 6 original decisions
Verified 2/45 source pairs: 2025-06-02 INM; 9 original decisions
Verified 3/45 source pairs: 2025-06-02 LYRA; 11 original decisions
Verified 4/45 source pairs: 2025-06-04 STSS; 12 original decisions
Verified 5/45 source pairs: 2025-06-06 RENT; 13 original decisions
Verified 6/45 source pairs: 2025-06-06 VERO; 15 original decisions
Verified 7/45 source pairs: 2025-06-09 SNPX; 16 original decisions
Verified 8/45 source pairs: 2025-06-09 TPST; 19 original decisions
Verified 9/45 source pairs: 2025-06-10 DPRO; 21 original decisions
Verified 10/45 source pairs: 2025-06-10 GELS; 26 original decisions
Verified 11/45 source pairs: 2025-06-11 HSDT; 28 original decisions
Verified 12/45 source pairs: 2025-06-12 XTIA; 30 original decisions
Verified 13/45 source pairs: 2025-06-13 JVA; 31 original decisions
Verified 14/45 source pairs: 2025-06-18 APVO; 32 original decisions
Verified 15/45 source pairs: 2025-06-18 RELI; 33 original decisions
Verified 16/45 source pairs: 2025-06-23 HUSA; 37 original decisions
Verified 17/45 source pairs: 2025-06-24 INM; 39 original decisions
Verified 18/45 source pairs: 2025-06-25 GCTK; 40 original decisions
Verified 19/45 source pairs: 2025-06-26 CYN; 51 original decisions
Verified 20/45 source pairs: 2025-06-26 LIVE; 54 original decisions
Verified 21/45 source pairs: 2025-06-27 BBLG; 56 original decisions
Verified 22/45 source pairs: 2025-06-27 LCFY; 59 original decisions
Verified 23/45 source pairs: 2025-07-01 CLRO; 61 original decisions
Verified 24/45 source pairs: 2025-07-01 GPUS; 63 original decisions
Verified 25/45 source pairs: 2025-07-01 TRNR; 64 original decisions
Verified 26/45 source pairs: 2025-07-02 CYN; 65 original decisions
Verified 27/45 source pairs: 2025-07-02 ELWS; 66 original decisions
Verified 28/45 source pairs: 2025-07-02 LIXT; 67 original decisions
Verified 29/45 source pairs: 2025-07-02 NTRB; 71 original decisions
Verified 30/45 source pairs: 2025-07-07 CYCC; 72 original decisions
Verified 31/45 source pairs: 2025-07-07 MBIO; 75 original decisions
Verified 32/45 source pairs: 2025-07-08 IROH; 76 original decisions
Verified 33/45 source pairs: 2025-07-08 NDRA; 77 original decisions
Verified 34/45 source pairs: 2025-07-10 DALN; 82 original decisions
Verified 35/45 source pairs: 2025-07-11 HOLO; 86 original decisions
Verified 36/45 source pairs: 2025-07-11 SGN; 88 original decisions
Verified 37/45 source pairs: 2025-07-14 DARE; 91 original decisions
Verified 38/45 source pairs: 2025-07-14 SONN; 93 original decisions
Verified 39/45 source pairs: 2025-07-14 SQFT; 95 original decisions
Verified 40/45 source pairs: 2025-07-15 XAGE; 97 original decisions
Verified 41/45 source pairs: 2025-07-16 BNRG; 98 original decisions
Verified 42/45 source pairs: 2025-07-16 INBS; 100 original decisions
Verified 43/45 source pairs: 2025-07-16 NUWE; 106 original decisions
Verified 44/45 source pairs: 2025-07-16 QLGN; 107 original decisions
Verified 45/45 source pairs: 2025-07-17 WINT; 109 original decisions
{
  "contract_id": "sealed-historical-setup-stop-audit-v0.1",
  "content_sha256": "40c716fa69e99944ddfe8f168d4697d0bc4b6db1a0491f0f4e0f70f54536a39b",
  "all_109_original_prefixes_match": true,
  "all_account_results_unchanged": true
}
