2026-09-14T02:33:24.8238415Z Current runner version: '2.337.0'
2026-09-14T02:33:24.8263097Z ##[group]Runner Image Provisioner
2026-09-14T02:33:24.8264020Z Hosted Compute Agent
2026-09-14T02:33:24.8264706Z Version: 20260828.587
2026-09-14T02:33:24.8265422Z Commit: abac92662cab4cc7352de4f9f9d2e2419aad9c29
2026-09-14T02:33:24.8266152Z Build Date: 2026-08-28T16:44:25Z
2026-09-14T02:33:24.8267314Z Worker ID: {ec017ef6-6a96-44dc-9383-502c387ce625}
2026-09-14T02:33:24.8268114Z Azure Region: westus
2026-09-14T02:33:24.8268795Z ##[endgroup]
2026-09-14T02:33:24.8270489Z ##[group]Operating System
2026-09-14T02:33:24.8271418Z Ubuntu
2026-09-14T02:33:24.8272149Z 24.04.5
2026-09-14T02:33:24.8272700Z LTS
2026-09-14T02:33:24.8273290Z ##[endgroup]
2026-09-14T02:33:24.8273880Z ##[group]Runner Image
2026-09-14T02:33:24.8274666Z Image: ubuntu-24.04
2026-09-14T02:33:24.8275324Z Version: 20260907.300.1
2026-09-14T02:33:24.8276673Z Included Software: https://github.com/actions/runner-images/blob/ubuntu24/20260907.300/images/ubuntu/Ubuntu2404-Readme.md
2026-09-14T02:33:24.8278252Z Image Release: https://github.com/actions/runner-images/releases/tag/ubuntu24%2F20260907.300
2026-09-14T02:33:24.8279331Z ##[endgroup]
2026-09-14T02:33:24.8280593Z ##[group]GITHUB_TOKEN Permissions
2026-09-14T02:33:24.8283205Z Actions: read
2026-09-14T02:33:24.8283859Z Contents: read
2026-09-14T02:33:24.8284555Z Metadata: read
2026-09-14T02:33:24.8285189Z ##[endgroup]
2026-09-14T02:33:24.8287258Z Secret source: Actions
2026-09-14T02:33:24.8288386Z Cache mode: write
2026-09-14T02:33:24.8289158Z Prepare workflow directory
2026-09-14T02:33:24.8932045Z Prepare all required actions
2026-09-14T02:33:24.9004097Z Getting action download info
2026-09-14T02:33:25.2666689Z Download action repository 'actions/checkout@11bd71901bbe5b1630ceea73d27597364c9af683' (SHA:11bd71901bbe5b1630ceea73d27597364c9af683)
2026-09-14T02:33:25.3837803Z Download action repository 'actions/setup-python@42375524e23c412d93fb67b49958b491fce71c38' (SHA:42375524e23c412d93fb67b49958b491fce71c38)
2026-09-14T02:33:25.6455587Z Download action repository 'actions/download-artifact@d3f86a106a0bac45b974a628896c90dbdf5c8093' (SHA:d3f86a106a0bac45b974a628896c90dbdf5c8093)
2026-09-14T02:33:26.0737389Z Download action repository 'actions/upload-artifact@ea165f8d65b6e75b540449e92b4886f43607fa02' (SHA:ea165f8d65b6e75b540449e92b4886f43607fa02)
2026-09-14T02:33:26.2767192Z Complete job name: capture
2026-09-14T02:33:26.3470571Z Node 20 is being deprecated. This workflow is running with Node 24 by default. If you need to temporarily use Node 20, you can set the ACTIONS_ALLOW_USE_UNSECURE_NODE_VERSION=true environment variable. For more information see: https://github.blog/changelog/2025-09-19-deprecation-of-node-20-on-github-actions-runners/
2026-09-14T02:33:26.3479592Z ##[group]Run actions/checkout@11bd71901bbe5b1630ceea73d27597364c9af683
2026-09-14T02:33:26.3480558Z with:
2026-09-14T02:33:26.3481487Z   fetch-depth: 2
2026-09-14T02:33:26.3481984Z   persist-credentials: false
2026-09-14T02:33:26.3482538Z   repository: RoomyRems/momentumbot
2026-09-14T02:33:26.3486620Z   token: ***
2026-09-14T02:33:26.3487072Z   ssh-strict: true
2026-09-14T02:33:26.3487529Z   ssh-user: git
2026-09-14T02:33:26.3487963Z   clean: true
2026-09-14T02:33:26.3488428Z   sparse-checkout-cone-mode: true
2026-09-14T02:33:26.3488967Z   fetch-tags: false
2026-09-14T02:33:26.3489430Z   show-progress: true
2026-09-14T02:33:26.3489917Z   lfs: false
2026-09-14T02:33:26.3490342Z   submodules: false
2026-09-14T02:33:26.3490958Z   set-safe-directory: true
2026-09-14T02:33:26.3491788Z env:
2026-09-14T02:33:26.3492249Z   PYTHONPATH: src:scripts
2026-09-14T02:33:26.3492781Z   PYTHONDONTWRITEBYTECODE: 1
2026-09-14T02:33:26.3493325Z   PREFLIGHT_ARTIFACT_ID: 10330248474
2026-09-14T02:33:26.3494141Z   PREFLIGHT_SHA256: 7b91c4a0ce3f829ac27b5775982c8dde1b5a1544572105ca489af4d5ce222c16
2026-09-14T02:33:26.3494961Z ##[endgroup]
2026-09-14T02:33:26.4523102Z Syncing repository: RoomyRems/momentumbot
2026-09-14T02:33:26.4525705Z ##[group]Getting Git version info
2026-09-14T02:33:26.4526921Z Working directory is '/home/runner/work/momentumbot/momentumbot'
2026-09-14T02:33:26.4529124Z [command]/usr/bin/git version
2026-09-14T02:33:26.4601409Z git version 2.55.0
2026-09-14T02:33:26.4658550Z ##[endgroup]
2026-09-14T02:33:26.4676669Z Temporarily overriding HOME='/home/runner/work/_temp/567a521f-ce4f-409e-afe6-a74bbe10debd' before making global git config changes
2026-09-14T02:33:26.4679341Z Adding repository directory to the temporary git global config as a safe directory
2026-09-14T02:33:26.4683065Z [command]/usr/bin/git config --global --add safe.directory /home/runner/work/momentumbot/momentumbot
2026-09-14T02:33:26.4744384Z Deleting the contents of '/home/runner/work/momentumbot/momentumbot'
2026-09-14T02:33:26.4748138Z ##[group]Initializing the repository
2026-09-14T02:33:26.4752539Z [command]/usr/bin/git init /home/runner/work/momentumbot/momentumbot
2026-09-14T02:33:26.4894694Z hint: Using 'master' as the name for the initial branch. This default branch name
2026-09-14T02:33:26.4896471Z hint: will change to "main" in Git 3.0. To configure the initial branch name
2026-09-14T02:33:26.4898566Z hint: to use in all of your new repositories, which will suppress this warning,
2026-09-14T02:33:26.4900087Z hint: call:
2026-09-14T02:33:26.4903112Z hint:
2026-09-14T02:33:26.4904532Z hint: 	git config --global init.defaultBranch <name>
2026-09-14T02:33:26.4906001Z hint:
2026-09-14T02:33:26.4907204Z hint: Names commonly chosen instead of 'master' are 'main', 'trunk' and
2026-09-14T02:33:26.4909057Z hint: 'development'. The just-created branch can be renamed via this command:
2026-09-14T02:33:26.4910452Z hint:
2026-09-14T02:33:26.4911547Z hint: 	git branch -m <name>
2026-09-14T02:33:26.4912616Z hint:
2026-09-14T02:33:26.4913855Z hint: Disable this message with "git config set advice.defaultBranchName false"
2026-09-14T02:33:26.4915975Z Initialized empty Git repository in /home/runner/work/momentumbot/momentumbot/.git/
2026-09-14T02:33:26.4918881Z [command]/usr/bin/git remote add origin https://github.com/RoomyRems/momentumbot
2026-09-14T02:33:26.4974240Z ##[endgroup]
2026-09-14T02:33:26.4975603Z ##[group]Disabling automatic garbage collection
2026-09-14T02:33:26.4977700Z [command]/usr/bin/git config --local gc.auto 0
2026-09-14T02:33:26.5009889Z ##[endgroup]
2026-09-14T02:33:26.5011564Z ##[group]Setting up auth
2026-09-14T02:33:26.5017841Z [command]/usr/bin/git config --local --name-only --get-regexp core\.sshCommand
2026-09-14T02:33:26.5059115Z [command]/usr/bin/git submodule foreach --recursive sh -c "git config --local --name-only --get-regexp 'core\.sshCommand' && git config --local --unset-all 'core.sshCommand' || :"
2026-09-14T02:33:26.5491398Z [command]/usr/bin/git config --local --name-only --get-regexp http\.https\:\/\/github\.com\/\.extraheader
2026-09-14T02:33:26.5530156Z [command]/usr/bin/git submodule foreach --recursive sh -c "git config --local --name-only --get-regexp 'http\.https\:\/\/github\.com\/\.extraheader' && git config --local --unset-all 'http.https://github.com/.extraheader' || :"
2026-09-14T02:33:26.5764617Z [command]/usr/bin/git config --local http.https://github.com/.extraheader AUTHORIZATION: basic ***
2026-09-14T02:33:26.5807575Z ##[endgroup]
2026-09-14T02:33:26.5808640Z ##[group]Fetching the repository
2026-09-14T02:33:26.5818423Z [command]/usr/bin/git -c protocol.version=2 fetch --no-tags --prune --no-recurse-submodules --depth=2 origin +af48e9f7761d80684683da02c5ef5b9bcdd800d8:refs/remotes/origin/phase-3-historical-snapshot
2026-09-14T02:33:28.3406856Z From https://github.com/RoomyRems/momentumbot
2026-09-14T02:33:28.3411178Z  * [new ref]         af48e9f7761d80684683da02c5ef5b9bcdd800d8 -> origin/phase-3-historical-snapshot
2026-09-14T02:33:28.3415864Z ##[endgroup]
2026-09-14T02:33:28.3417482Z ##[group]Determining the checkout info
2026-09-14T02:33:28.3419177Z ##[endgroup]
2026-09-14T02:33:28.3422826Z [command]/usr/bin/git sparse-checkout disable
2026-09-14T02:33:28.3479834Z [command]/usr/bin/git config --local --unset-all extensions.worktreeConfig
2026-09-14T02:33:28.3511985Z ##[group]Checking out the ref
2026-09-14T02:33:28.3517304Z [command]/usr/bin/git checkout --progress --force -B phase-3-historical-snapshot refs/remotes/origin/phase-3-historical-snapshot
2026-09-14T02:33:28.5745210Z Switched to a new branch 'phase-3-historical-snapshot'
2026-09-14T02:33:28.5838339Z branch 'phase-3-historical-snapshot' set up to track 'origin/phase-3-historical-snapshot'.
2026-09-14T02:33:28.5840133Z ##[endgroup]
2026-09-14T02:33:28.5841241Z [command]/usr/bin/git log -1 --format=%H
2026-09-14T02:33:28.5865006Z af48e9f7761d80684683da02c5ef5b9bcdd800d8
2026-09-14T02:33:28.5876049Z ##[group]Removing auth
2026-09-14T02:33:28.5880392Z [command]/usr/bin/git config --local --name-only --get-regexp core\.sshCommand
2026-09-14T02:33:28.5915050Z [command]/usr/bin/git submodule foreach --recursive sh -c "git config --local --name-only --get-regexp 'core\.sshCommand' && git config --local --unset-all 'core.sshCommand' || :"
2026-09-14T02:33:28.6141207Z [command]/usr/bin/git config --local --name-only --get-regexp http\.https\:\/\/github\.com\/\.extraheader
2026-09-14T02:33:28.6173883Z http.https://github.com/.extraheader
2026-09-14T02:33:28.6182824Z [command]/usr/bin/git config --local --unset-all http.https://github.com/.extraheader
2026-09-14T02:33:28.6218742Z [command]/usr/bin/git submodule foreach --recursive sh -c "git config --local --name-only --get-regexp 'http\.https\:\/\/github\.com\/\.extraheader' && git config --local --unset-all 'http.https://github.com/.extraheader' || :"
2026-09-14T02:33:28.6438745Z ##[endgroup]
2026-09-14T02:33:28.6688399Z Node 20 is being deprecated. This workflow is running with Node 24 by default. If you need to temporarily use Node 20, you can set the ACTIONS_ALLOW_USE_UNSECURE_NODE_VERSION=true environment variable. For more information see: https://github.blog/changelog/2025-09-19-deprecation-of-node-20-on-github-actions-runners/
2026-09-14T02:33:28.6690561Z ##[group]Run actions/setup-python@42375524e23c412d93fb67b49958b491fce71c38
2026-09-14T02:33:28.6691317Z with:
2026-09-14T02:33:28.6691628Z   python-version: 3.12.14
2026-09-14T02:33:28.6691928Z   check-latest: false
2026-09-14T02:33:28.6694551Z   token: ***
2026-09-14T02:33:28.6694831Z   update-environment: true
2026-09-14T02:33:28.6695154Z   allow-prereleases: false
2026-09-14T02:33:28.6695459Z env:
2026-09-14T02:33:28.6695723Z   PYTHONPATH: src:scripts
2026-09-14T02:33:28.6696038Z   PYTHONDONTWRITEBYTECODE: 1
2026-09-14T02:33:28.6696360Z   PREFLIGHT_ARTIFACT_ID: 10330248474
2026-09-14T02:33:28.6696875Z   PREFLIGHT_SHA256: 7b91c4a0ce3f829ac27b5775982c8dde1b5a1544572105ca489af4d5ce222c16
2026-09-14T02:33:28.6697351Z ##[endgroup]
2026-09-14T02:33:28.8075752Z ##[group]Installed versions
2026-09-14T02:33:28.8112003Z (node:2188) [DEP0040] DeprecationWarning: The `punycode` module is deprecated. Please use a userland alternative instead.
2026-09-14T02:33:28.8113133Z (Use `node --trace-deprecation ...` to show where the warning was created)
2026-09-14T02:33:28.8114595Z Successfully set up CPython (3.12.14)
2026-09-14T02:33:28.8115788Z ##[endgroup]
2026-09-14T02:33:28.8270600Z ##[group]Run python -m pip install --disable-pip-version-check --require-hashes --only-binary=:all: --no-deps -r requirements-sealed-source-v04.txt
2026-09-14T02:33:28.8272396Z [36;1mpython -m pip install --disable-pip-version-check --require-hashes --only-binary=:all: --no-deps -r requirements-sealed-source-v04.txt[0m
2026-09-14T02:33:28.8273373Z [36;1mpython -m pip install --disable-pip-version-check --no-deps --no-build-isolation -e .[0m
2026-09-14T02:33:28.8273937Z [36;1mpython -m pip check[0m
2026-09-14T02:33:28.8328292Z shell: /usr/bin/bash -e {0}
2026-09-14T02:33:28.8328669Z env:
2026-09-14T02:33:28.8328959Z   PYTHONPATH: src:scripts
2026-09-14T02:33:28.8329307Z   PYTHONDONTWRITEBYTECODE: 1
2026-09-14T02:33:28.8329656Z   PREFLIGHT_ARTIFACT_ID: 10330248474
2026-09-14T02:33:28.8330196Z   PREFLIGHT_SHA256: 7b91c4a0ce3f829ac27b5775982c8dde1b5a1544572105ca489af4d5ce222c16
2026-09-14T02:33:28.8331088Z   pythonLocation: /opt/hostedtoolcache/Python/3.12.14/x64
2026-09-14T02:33:28.8332002Z   PKG_CONFIG_PATH: /opt/hostedtoolcache/Python/3.12.14/x64/lib/pkgconfig
2026-09-14T02:33:28.8332558Z   Python_ROOT_DIR: /opt/hostedtoolcache/Python/3.12.14/x64
2026-09-14T02:33:28.8333061Z   Python2_ROOT_DIR: /opt/hostedtoolcache/Python/3.12.14/x64
2026-09-14T02:33:28.8333565Z   Python3_ROOT_DIR: /opt/hostedtoolcache/Python/3.12.14/x64
2026-09-14T02:33:28.8334071Z   LD_LIBRARY_PATH: /opt/hostedtoolcache/Python/3.12.14/x64/lib
2026-09-14T02:33:28.8334491Z ##[endgroup]
2026-09-14T02:33:29.5950128Z Requirement already satisfied: pip==26.2.1 in /opt/hostedtoolcache/Python/3.12.14/x64/lib/python3.12/site-packages (from -r requirements-sealed-source-v04.txt (line 6)) (26.2.1)
2026-09-14T02:33:29.7764855Z Collecting setuptools==84.0.0 (from -r requirements-sealed-source-v04.txt (line 8))
2026-09-14T02:33:29.8798296Z   Downloading setuptools-84.0.0-py3-none-any.whl (818 kB)
2026-09-14T02:33:29.9889954Z      ━━━━━━━━━━━━━━━━━━━━━━━━━━━━━━━━━━━━━━━━ 818.2/818.2 kB 12.3 MB/s  0:00:00
2026-09-14T02:33:30.0256513Z Collecting wheel==0.48.0 (from -r requirements-sealed-source-v04.txt (line 10))
2026-09-14T02:33:30.0513923Z   Downloading wheel-0.48.0-py3-none-any.whl (33 kB)
2026-09-14T02:33:30.0763753Z Collecting packaging==26.3 (from -r requirements-sealed-source-v04.txt (line 12))
2026-09-14T02:33:30.0986086Z   Downloading packaging-26.3-py3-none-any.whl (129 kB)
2026-09-14T02:33:30.3421177Z Collecting numpy==2.3.5 (from -r requirements-sealed-source-v04.txt (line 14))
2026-09-14T02:33:30.3643892Z   Downloading numpy-2.3.5-cp312-cp312-manylinux_2_27_x86_64.manylinux_2_28_x86_64.whl (16.6 MB)
2026-09-14T02:33:30.5491554Z      ━━━━━━━━━━━━━━━━━━━━━━━━━━━━━━━━━━━━━━━━ 16.6/16.6 MB 90.7 MB/s  0:00:00
2026-09-14T02:33:30.7008533Z Collecting pandas==2.2.3 (from -r requirements-sealed-source-v04.txt (line 16))
2026-09-14T02:33:30.7238922Z   Downloading pandas-2.2.3-cp312-cp312-manylinux_2_17_x86_64.manylinux2014_x86_64.whl (12.7 MB)
2026-09-14T02:33:30.8178221Z      ━━━━━━━━━━━━━━━━━━━━━━━━━━━━━━━━━━━━━━━━ 12.7/12.7 MB 136.5 MB/s  0:00:00
2026-09-14T02:33:30.8998293Z Collecting PyYAML==6.0.3 (from -r requirements-sealed-source-v04.txt (line 18))
2026-09-14T02:33:30.9278213Z   Downloading pyyaml-6.0.3-cp312-cp312-manylinux2014_x86_64.manylinux_2_17_x86_64.manylinux_2_28_x86_64.whl (807 kB)
2026-09-14T02:33:30.9370149Z      ━━━━━━━━━━━━━━━━━━━━━━━━━━━━━━━━━━━━━━━━ 807.9/807.9 kB 80.5 MB/s  0:00:00
2026-09-14T02:33:30.9640598Z Collecting python-dateutil==2.9.0.post0 (from -r requirements-sealed-source-v04.txt (line 20))
2026-09-14T02:33:30.9857913Z   Downloading python_dateutil-2.9.0.post0-py2.py3-none-any.whl (229 kB)
2026-09-14T02:33:31.0299803Z Collecting pytz==2026.3.post1 (from -r requirements-sealed-source-v04.txt (line 22))
2026-09-14T02:33:31.0523919Z   Downloading pytz-2026.3.post1-py2.py3-none-any.whl (508 kB)
2026-09-14T02:33:31.0796453Z Collecting tzdata==2026.3 (from -r requirements-sealed-source-v04.txt (line 24))
2026-09-14T02:33:31.1016947Z   Downloading tzdata-2026.3-py2.py3-none-any.whl (348 kB)
2026-09-14T02:33:31.1261795Z Collecting six==1.17.0 (from -r requirements-sealed-source-v04.txt (line 26))
2026-09-14T02:33:31.1477629Z   Downloading six-1.17.0-py2.py3-none-any.whl (11 kB)
2026-09-14T02:33:31.1874729Z Installing collected packages: pytz, wheel, tzdata, six, setuptools, PyYAML, python-dateutil, pandas, packaging, numpy
2026-09-14T02:33:38.8667648Z 
2026-09-14T02:33:38.8684930Z Successfully installed PyYAML-6.0.3 numpy-2.3.5 packaging-26.3 pandas-2.2.3 python-dateutil-2.9.0.post0 pytz-2026.3.post1 setuptools-84.0.0 six-1.17.0 tzdata-2026.3 wheel-0.48.0
2026-09-14T02:33:39.2432196Z Obtaining file:///home/runner/work/momentumbot/momentumbot
2026-09-14T02:33:39.2444274Z   Checking if build backend supports build_editable: started
2026-09-14T02:33:39.4364079Z   Checking if build backend supports build_editable: finished with status 'done'
2026-09-14T02:33:39.4373302Z   Preparing editable metadata (pyproject.toml): started
2026-09-14T02:33:39.6784833Z   Preparing editable metadata (pyproject.toml): finished with status 'done'
2026-09-14T02:33:39.6858628Z Building wheels for collected packages: momentumbot
2026-09-14T02:33:39.6869062Z   Building editable for momentumbot (pyproject.toml): started
2026-09-14T02:33:39.9659606Z   Building editable for momentumbot (pyproject.toml): finished with status 'done'
2026-09-14T02:33:39.9666899Z   Created wheel for momentumbot: filename=momentumbot-0.2.0-0.editable-py3-none-any.whl size=4119 sha256=2aad7f7c4e77442b9f1bc80fd22ec337b4307d607862625f4f043d38efe04c36
2026-09-14T02:33:39.9668690Z   Stored in directory: /tmp/pip-ephem-wheel-cache-mb64lzvv/wheels/07/cb/80/ea9ec0ff3434472434457f9dbf823fffe4e1a99167faeb982a
2026-09-14T02:33:39.9692762Z Successfully built momentumbot
2026-09-14T02:33:39.9853611Z Installing collected packages: momentumbot
2026-09-14T02:33:39.9935016Z Successfully installed momentumbot-0.2.0
2026-09-14T02:33:40.2687869Z No broken requirements found.
2026-09-14T02:33:40.3019607Z Node 20 is being deprecated. This workflow is running with Node 24 by default. If you need to temporarily use Node 20, you can set the ACTIONS_ALLOW_USE_UNSECURE_NODE_VERSION=true environment variable. For more information see: https://github.blog/changelog/2025-09-19-deprecation-of-node-20-on-github-actions-runners/
2026-09-14T02:33:40.3021408Z ##[group]Run actions/download-artifact@d3f86a106a0bac45b974a628896c90dbdf5c8093
2026-09-14T02:33:40.3021823Z with:
2026-09-14T02:33:40.3022031Z   artifact-ids: 10330248474
2026-09-14T02:33:40.3022291Z   path: coverage-preflight
2026-09-14T02:33:40.3022543Z   merge-multiple: true
2026-09-14T02:33:40.3022782Z   repository: RoomyRems/momentumbot
2026-09-14T02:33:40.3023044Z   run-id: 34799137954
2026-09-14T02:33:40.3023259Z env:
2026-09-14T02:33:40.3023451Z   PYTHONPATH: src:scripts
2026-09-14T02:33:40.3023696Z   PYTHONDONTWRITEBYTECODE: 1
2026-09-14T02:33:40.3023947Z   PREFLIGHT_ARTIFACT_ID: 10330248474
2026-09-14T02:33:40.3024411Z   PREFLIGHT_SHA256: 7b91c4a0ce3f829ac27b5775982c8dde1b5a1544572105ca489af4d5ce222c16
2026-09-14T02:33:40.3024928Z   pythonLocation: /opt/hostedtoolcache/Python/3.12.14/x64
2026-09-14T02:33:40.3025369Z   PKG_CONFIG_PATH: /opt/hostedtoolcache/Python/3.12.14/x64/lib/pkgconfig
2026-09-14T02:33:40.3025803Z   Python_ROOT_DIR: /opt/hostedtoolcache/Python/3.12.14/x64
2026-09-14T02:33:40.3026195Z   Python2_ROOT_DIR: /opt/hostedtoolcache/Python/3.12.14/x64
2026-09-14T02:33:40.3026576Z   Python3_ROOT_DIR: /opt/hostedtoolcache/Python/3.12.14/x64
2026-09-14T02:33:40.3026965Z   LD_LIBRARY_PATH: /opt/hostedtoolcache/Python/3.12.14/x64/lib
2026-09-14T02:33:40.3027293Z ##[endgroup]
2026-09-14T02:33:40.4549830Z Downloading artifacts by ID
2026-09-14T02:33:40.4700275Z (node:2257) [DEP0040] DeprecationWarning: The `punycode` module is deprecated. Please use a userland alternative instead.
2026-09-14T02:33:40.4701596Z (Use `node --trace-deprecation ...` to show where the warning was created)
2026-09-14T02:33:40.7272945Z Found 1 artifact(s)
2026-09-14T02:33:40.7274481Z Preparing to download the following artifacts:
2026-09-14T02:33:40.7276852Z - early-pullback-coverage-capture-v0.1-consumption-34799137954-1 (ID: 10330248474, Size: 5463, Expected Digest: sha256:ac41fb1cbd5c37cea70fe0805135bf4b30e2e0d0057dbf5ceba693d5925c2f47)
2026-09-14T02:33:40.9609664Z Redirecting to blob download url: https://productionresultssa13.blob.core.windows.net/actions-results/1edeae9e-854d-4c4e-a90b-f4ceea71bd56/workflow-job-run-4be4024c-a11a-55dc-a783-f1d1edc2360c/artifacts/0e4869b6c5471d9531e2b40e3fd19cd3681a09f1503c407e3e92874e3794fa4f.zip
2026-09-14T02:33:40.9612861Z Starting download of artifact to: /home/runner/work/momentumbot/momentumbot/coverage-preflight
2026-09-14T02:33:41.2639175Z (node:2257) [DEP0005] DeprecationWarning: Buffer() is deprecated due to security and usability issues. Please use the Buffer.alloc(), Buffer.allocUnsafe(), or Buffer.from() methods instead.
2026-09-14T02:33:41.2772181Z SHA256 digest of downloaded artifact is ac41fb1cbd5c37cea70fe0805135bf4b30e2e0d0057dbf5ceba693d5925c2f47
2026-09-14T02:33:41.2773248Z Artifact download completed successfully.
2026-09-14T02:33:41.2774143Z Total of 1 artifact(s) downloaded
2026-09-14T02:33:41.2778850Z Download artifact has finished successfully
2026-09-14T02:33:41.2935791Z ##[group]Run gh api repos/RoomyRems/momentumbot/git/ref/tags/early-pullback-coverage-capture-v0.1-consumed > coverage-current-ref.json
2026-09-14T02:33:41.2937023Z [36;1mgh api repos/RoomyRems/momentumbot/git/ref/tags/early-pullback-coverage-capture-v0.1-consumed > coverage-current-ref.json[0m
2026-09-14T02:33:41.2938215Z [36;1mgh api "repos/RoomyRems/momentumbot/actions/artifacts/$PREFLIGHT_ARTIFACT_ID" > coverage-preflight-artifact.json[0m
2026-09-14T02:33:41.2987608Z shell: /usr/bin/bash -e {0}
2026-09-14T02:33:41.2987878Z env:
2026-09-14T02:33:41.2988099Z   PYTHONPATH: src:scripts
2026-09-14T02:33:41.2988371Z   PYTHONDONTWRITEBYTECODE: 1
2026-09-14T02:33:41.2988664Z   PREFLIGHT_ARTIFACT_ID: 10330248474
2026-09-14T02:33:41.2989115Z   PREFLIGHT_SHA256: 7b91c4a0ce3f829ac27b5775982c8dde1b5a1544572105ca489af4d5ce222c16
2026-09-14T02:33:41.2989666Z   pythonLocation: /opt/hostedtoolcache/Python/3.12.14/x64
2026-09-14T02:33:41.2990176Z   PKG_CONFIG_PATH: /opt/hostedtoolcache/Python/3.12.14/x64/lib/pkgconfig
2026-09-14T02:33:41.2990637Z   Python_ROOT_DIR: /opt/hostedtoolcache/Python/3.12.14/x64
2026-09-14T02:33:41.2991414Z   Python2_ROOT_DIR: /opt/hostedtoolcache/Python/3.12.14/x64
2026-09-14T02:33:41.2991835Z   Python3_ROOT_DIR: /opt/hostedtoolcache/Python/3.12.14/x64
2026-09-14T02:33:41.2992257Z   LD_LIBRARY_PATH: /opt/hostedtoolcache/Python/3.12.14/x64/lib
2026-09-14T02:33:41.2995253Z   GH_TOKEN: ***
2026-09-14T02:33:41.2995488Z ##[endgroup]
2026-09-14T02:33:42.0866491Z ##[group]Run python scripts/run_coverage_capture.py capture
2026-09-14T02:33:42.0866976Z [36;1mpython scripts/run_coverage_capture.py capture[0m
2026-09-14T02:33:42.0903974Z shell: /usr/bin/bash -e {0}
2026-09-14T02:33:42.0904257Z env:
2026-09-14T02:33:42.0904495Z   PYTHONPATH: src:scripts
2026-09-14T02:33:42.0904782Z   PYTHONDONTWRITEBYTECODE: 1
2026-09-14T02:33:42.0905097Z   PREFLIGHT_ARTIFACT_ID: 10330248474
2026-09-14T02:33:42.0905578Z   PREFLIGHT_SHA256: 7b91c4a0ce3f829ac27b5775982c8dde1b5a1544572105ca489af4d5ce222c16
2026-09-14T02:33:42.0906157Z   pythonLocation: /opt/hostedtoolcache/Python/3.12.14/x64
2026-09-14T02:33:42.0906648Z   PKG_CONFIG_PATH: /opt/hostedtoolcache/Python/3.12.14/x64/lib/pkgconfig
2026-09-14T02:33:42.0907143Z   Python_ROOT_DIR: /opt/hostedtoolcache/Python/3.12.14/x64
2026-09-14T02:33:42.0907588Z   Python2_ROOT_DIR: /opt/hostedtoolcache/Python/3.12.14/x64
2026-09-14T02:33:42.0908029Z   Python3_ROOT_DIR: /opt/hostedtoolcache/Python/3.12.14/x64
2026-09-14T02:33:42.0908516Z   LD_LIBRARY_PATH: /opt/hostedtoolcache/Python/3.12.14/x64/lib
2026-09-14T02:33:42.0909025Z   ALPACA_API_KEY: ***
2026-09-14T02:33:42.0909408Z   ALPACA_API_SECRET: ***
2026-09-14T02:33:42.0928841Z   MASSIVE_API_KEY: ***
2026-09-14T02:33:42.0929258Z ##[endgroup]
2026-09-14T02:33:52.2155735Z {"attempts": 1, "date": "2026-03-04", "provider": "alpaca", "completed_tasks": 0, "error": null}
2026-09-14T02:33:53.0108565Z {"attempts": 2, "date": "2026-03-04", "provider": "alpaca", "completed_tasks": 0, "error": null}
2026-09-14T02:33:53.7826900Z {"attempts": 3, "date": "2026-03-04", "provider": "alpaca", "completed_tasks": 0, "error": null}
2026-09-14T02:33:54.5124474Z {"attempts": 4, "date": "2026-03-04", "provider": "alpaca", "completed_tasks": 0, "error": null}
2026-09-14T02:33:55.3305381Z {"attempts": 5, "date": "2026-03-04", "provider": "alpaca", "completed_tasks": 0, "error": null}
2026-09-14T02:33:56.0982221Z {"attempts": 6, "date": "2026-03-04", "provider": "alpaca", "completed_tasks": 0, "error": null}
2026-09-14T02:33:56.9083892Z {"attempts": 7, "date": "2026-03-04", "provider": "alpaca", "completed_tasks": 0, "error": null}
2026-09-14T02:33:57.7048668Z {"attempts": 8, "date": "2026-03-04", "provider": "alpaca", "completed_tasks": 0, "error": null}
2026-09-14T02:33:58.4966716Z {"attempts": 9, "date": "2026-03-04", "provider": "alpaca", "completed_tasks": 0, "error": null}
2026-09-14T02:33:59.2580067Z {"attempts": 10, "date": "2026-03-04", "provider": "alpaca", "completed_tasks": 0, "error": null}
2026-09-14T02:34:00.0463562Z {"attempts": 11, "date": "2026-03-04", "provider": "alpaca", "completed_tasks": 0, "error": null}
2026-09-14T02:34:00.8430990Z {"attempts": 12, "date": "2026-03-04", "provider": "alpaca", "completed_tasks": 0, "error": null}
2026-09-14T02:34:01.6408815Z {"attempts": 13, "date": "2026-03-04", "provider": "alpaca", "completed_tasks": 0, "error": null}
2026-09-14T02:34:02.3777015Z {"attempts": 14, "date": "2026-03-04", "provider": "alpaca", "completed_tasks": 0, "error": null}
2026-09-14T02:34:03.1631299Z {"attempts": 15, "date": "2026-03-04", "provider": "alpaca", "completed_tasks": 0, "error": null}
2026-09-14T02:34:03.9733246Z {"attempts": 16, "date": "2026-03-04", "provider": "alpaca", "completed_tasks": 0, "error": null}
2026-09-14T02:34:04.7665753Z {"attempts": 17, "date": "2026-03-04", "provider": "alpaca", "completed_tasks": 0, "error": null}
2026-09-14T02:34:05.5580655Z {"attempts": 18, "date": "2026-03-04", "provider": "alpaca", "completed_tasks": 0, "error": null}
2026-09-14T02:34:06.2894651Z {"attempts": 19, "date": "2026-03-04", "provider": "alpaca", "completed_tasks": 0, "error": null}
2026-09-14T02:34:07.0832553Z {"attempts": 20, "date": "2026-03-04", "provider": "alpaca", "completed_tasks": 0, "error": null}
2026-09-14T02:34:07.8788869Z {"attempts": 21, "date": "2026-03-04", "provider": "alpaca", "completed_tasks": 0, "error": null}
2026-09-14T02:34:08.6824478Z {"attempts": 22, "date": "2026-03-04", "provider": "alpaca", "completed_tasks": 0, "error": null}
2026-09-14T02:34:09.0490240Z {"attempts": 23, "date": "2026-03-04", "provider": "alpaca", "completed_tasks": 0, "error": null}
2026-09-14T02:34:09.7641226Z {"attempts": 24, "date": "2026-03-04", "provider": "alpaca", "completed_tasks": 0, "error": null}
2026-09-14T02:34:10.5402722Z {"attempts": 25, "date": "2026-03-04", "provider": "alpaca", "completed_tasks": 0, "error": null}
2026-09-14T02:34:11.3348723Z {"attempts": 26, "date": "2026-03-04", "provider": "alpaca", "completed_tasks": 0, "error": null}
2026-09-14T02:34:12.1241620Z {"attempts": 27, "date": "2026-03-04", "provider": "alpaca", "completed_tasks": 0, "error": null}
2026-09-14T02:34:12.9477291Z {"attempts": 28, "date": "2026-03-04", "provider": "alpaca", "completed_tasks": 0, "error": null}
2026-09-14T02:34:13.7502048Z {"attempts": 29, "date": "2026-03-04", "provider": "alpaca", "completed_tasks": 0, "error": null}
2026-09-14T02:34:14.5324634Z {"attempts": 30, "date": "2026-03-04", "provider": "alpaca", "completed_tasks": 0, "error": null}
2026-09-14T02:34:15.2656982Z {"attempts": 31, "date": "2026-03-04", "provider": "alpaca", "completed_tasks": 0, "error": null}
2026-09-14T02:34:16.0669276Z {"attempts": 32, "date": "2026-03-04", "provider": "alpaca", "completed_tasks": 0, "error": null}
2026-09-14T02:34:16.8707943Z {"attempts": 33, "date": "2026-03-04", "provider": "alpaca", "completed_tasks": 0, "error": null}
2026-09-14T02:34:17.5941824Z {"attempts": 34, "date": "2026-03-04", "provider": "alpaca", "completed_tasks": 0, "error": null}
2026-09-14T02:34:18.3178457Z {"attempts": 35, "date": "2026-03-04", "provider": "alpaca", "completed_tasks": 0, "error": null}
2026-09-14T02:34:19.1020218Z {"attempts": 36, "date": "2026-03-04", "provider": "alpaca", "completed_tasks": 0, "error": null}
2026-09-14T02:34:19.8730995Z {"attempts": 37, "date": "2026-03-04", "provider": "alpaca", "completed_tasks": 0, "error": null}
2026-09-14T02:34:20.6779689Z {"attempts": 38, "date": "2026-03-04", "provider": "alpaca", "completed_tasks": 0, "error": null}
2026-09-14T02:34:21.4739638Z {"attempts": 39, "date": "2026-03-04", "provider": "alpaca", "completed_tasks": 0, "error": null}
2026-09-14T02:34:22.2548560Z {"attempts": 40, "date": "2026-03-04", "provider": "alpaca", "completed_tasks": 0, "error": null}
2026-09-14T02:34:22.9859595Z {"attempts": 41, "date": "2026-03-04", "provider": "alpaca", "completed_tasks": 0, "error": null}
2026-09-14T02:34:23.8138498Z {"attempts": 42, "date": "2026-03-04", "provider": "alpaca", "completed_tasks": 0, "error": null}
2026-09-14T02:34:24.6045468Z {"attempts": 43, "date": "2026-03-04", "provider": "alpaca", "completed_tasks": 0, "error": null}
2026-09-14T02:34:25.4038321Z {"attempts": 44, "date": "2026-03-04", "provider": "alpaca", "completed_tasks": 0, "error": null}
2026-09-14T02:34:26.1854773Z {"attempts": 45, "date": "2026-03-04", "provider": "alpaca", "completed_tasks": 0, "error": null}
2026-09-14T02:34:26.6102139Z {"attempts": 46, "date": "2026-03-04", "provider": "alpaca", "completed_tasks": 1, "error": null}
2026-09-14T02:34:27.2328191Z {"attempts": 47, "date": "2026-03-04", "provider": "alpaca", "completed_tasks": 1, "error": "invalid_payload_or_chain"}
2026-09-14T02:34:27.5162986Z {"protocol_complete": false, "attempt_count": 47, "failure": "invalid_payload_or_chain"}
2026-09-14T02:34:27.5798105Z ##[error]Process completed with exit code 2.
2026-09-14T02:34:27.5901099Z Node 20 is being deprecated. This workflow is running with Node 24 by default. If you need to temporarily use Node 20, you can set the ACTIONS_ALLOW_USE_UNSECURE_NODE_VERSION=true environment variable. For more information see: https://github.blog/changelog/2025-09-19-deprecation-of-node-20-on-github-actions-runners/
2026-09-14T02:34:27.5902597Z ##[group]Run actions/upload-artifact@ea165f8d65b6e75b540449e92b4886f43607fa02
2026-09-14T02:34:27.5902999Z with:
2026-09-14T02:34:27.5903320Z   name: early-pullback-coverage-capture-v0.1-capture-34799137954-1
2026-09-14T02:34:27.5903726Z   path: coverage-capture
2026-09-14T02:34:27.5903977Z   if-no-files-found: error
2026-09-14T02:34:27.5904222Z   retention-days: 90
2026-09-14T02:34:27.5904446Z   compression-level: 6
2026-09-14T02:34:27.5904672Z   overwrite: false
2026-09-14T02:34:27.5904894Z   include-hidden-files: false
2026-09-14T02:34:27.5905133Z env:
2026-09-14T02:34:27.5905346Z   PYTHONPATH: src:scripts
2026-09-14T02:34:27.5905631Z   PYTHONDONTWRITEBYTECODE: 1
2026-09-14T02:34:27.5905894Z   PREFLIGHT_ARTIFACT_ID: 10330248474
2026-09-14T02:34:27.5906316Z   PREFLIGHT_SHA256: 7b91c4a0ce3f829ac27b5775982c8dde1b5a1544572105ca489af4d5ce222c16
2026-09-14T02:34:27.5906808Z   pythonLocation: /opt/hostedtoolcache/Python/3.12.14/x64
2026-09-14T02:34:27.5907244Z   PKG_CONFIG_PATH: /opt/hostedtoolcache/Python/3.12.14/x64/lib/pkgconfig
2026-09-14T02:34:27.5907672Z   Python_ROOT_DIR: /opt/hostedtoolcache/Python/3.12.14/x64
2026-09-14T02:34:27.5908060Z   Python2_ROOT_DIR: /opt/hostedtoolcache/Python/3.12.14/x64
2026-09-14T02:34:27.5908461Z   Python3_ROOT_DIR: /opt/hostedtoolcache/Python/3.12.14/x64
2026-09-14T02:34:27.5908856Z   LD_LIBRARY_PATH: /opt/hostedtoolcache/Python/3.12.14/x64/lib
2026-09-14T02:34:27.5909196Z ##[endgroup]
2026-09-14T02:34:27.7543771Z (node:2332) [DEP0040] DeprecationWarning: The `punycode` module is deprecated. Please use a userland alternative instead.
2026-09-14T02:34:27.7544724Z (Use `node --trace-deprecation ...` to show where the warning was created)
2026-09-14T02:34:27.7849144Z With the provided path, there will be 144 files uploaded
2026-09-14T02:34:27.7856680Z Artifact name is valid!
2026-09-14T02:34:27.7857435Z Root directory input is valid!
2026-09-14T02:34:28.2068331Z Beginning upload of artifact content to blob storage
2026-09-14T02:34:28.8093729Z (node:2332) [DEP0169] DeprecationWarning: `url.parse()` behavior is not standardized and prone to errors that have security implications. Use the WHATWG URL API instead. CVEs are not issued for `url.parse()` vulnerabilities.
2026-09-14T02:34:29.6092234Z Uploaded bytes 3493487
2026-09-14T02:34:29.6899826Z Finished uploading artifact content to blob storage!
2026-09-14T02:34:29.6901715Z SHA256 digest of uploaded artifact zip is 1d7edc9a9458b290320b5cd2963d911037d3c2b8d60bd86e01ef001a6528861a
2026-09-14T02:34:29.6903561Z Finalizing artifact upload
2026-09-14T02:34:29.9401621Z Artifact early-pullback-coverage-capture-v0.1-capture-34799137954-1.zip successfully finalized. Artifact ID 10330669089
2026-09-14T02:34:29.9403738Z Artifact early-pullback-coverage-capture-v0.1-capture-34799137954-1 has been successfully uploaded! Final size is 3493487 bytes. Artifact ID is 10330669089
2026-09-14T02:34:29.9407556Z Artifact download URL: https://github.com/RoomyRems/momentumbot/actions/runs/34799137954/artifacts/10330669089
2026-09-14T02:34:29.9606632Z Node 20 is being deprecated. This workflow is running with Node 24 by default. If you need to temporarily use Node 20, you can set the ACTIONS_ALLOW_USE_UNSECURE_NODE_VERSION=true environment variable. For more information see: https://github.blog/changelog/2025-09-19-deprecation-of-node-20-on-github-actions-runners/
2026-09-14T02:34:29.9607916Z Post job cleanup.
2026-09-14T02:34:30.0446049Z [command]/usr/bin/git version
2026-09-14T02:34:30.0487573Z git version 2.55.0
2026-09-14T02:34:30.0530468Z Temporarily overriding HOME='/home/runner/work/_temp/1ecfb87c-d6cc-4b93-af49-fd31989c4aab' before making global git config changes
2026-09-14T02:34:30.0532134Z Adding repository directory to the temporary git global config as a safe directory
2026-09-14T02:34:30.0537149Z [command]/usr/bin/git config --global --add safe.directory /home/runner/work/momentumbot/momentumbot
2026-09-14T02:34:30.0577301Z [command]/usr/bin/git config --local --name-only --get-regexp core\.sshCommand
2026-09-14T02:34:30.0614230Z [command]/usr/bin/git submodule foreach --recursive sh -c "git config --local --name-only --get-regexp 'core\.sshCommand' && git config --local --unset-all 'core.sshCommand' || :"
2026-09-14T02:34:30.0864725Z [command]/usr/bin/git config --local --name-only --get-regexp http\.https\:\/\/github\.com\/\.extraheader
2026-09-14T02:34:30.0900346Z [command]/usr/bin/git submodule foreach --recursive sh -c "git config --local --name-only --get-regexp 'http\.https\:\/\/github\.com\/\.extraheader' && git config --local --unset-all 'http.https://github.com/.extraheader' || :"
2026-09-14T02:34:30.1287105Z Evaluate and set job outputs
2026-09-14T02:34:30.1293314Z Set output 'artifact_id'
2026-09-14T02:34:30.1295147Z Set output 'inventory_sha256'
2026-09-14T02:34:30.1296349Z Cleaning up orphan processes
2026-09-14T02:34:30.1751215Z ##[warning]Node.js 20 is deprecated. The following actions target Node.js 20 but are being forced to run on Node.js 24: actions/checkout@11bd71901bbe5b1630ceea73d27597364c9af683, actions/download-artifact@d3f86a106a0bac45b974a628896c90dbdf5c8093, actions/setup-python@42375524e23c412d93fb67b49958b491fce71c38, actions/upload-artifact@ea165f8d65b6e75b540449e92b4886f43607fa02. For more information see: https://github.blog/changelog/2025-09-19-deprecation-of-node-20-on-github-actions-runners/
