2026-09-12T20:54:37.0626413Z Current runner version: '2.337.0'
2026-09-12T20:54:37.0663733Z ##[group]Runner Image Provisioner
2026-09-12T20:54:37.0665173Z Hosted Compute Agent
2026-09-12T20:54:37.0666259Z Version: 20260828.587
2026-09-12T20:54:37.0668167Z Commit: abac92662cab4cc7352de4f9f9d2e2419aad9c29
2026-09-12T20:54:37.0669618Z Build Date: 2026-08-28T16:44:25Z
2026-09-12T20:54:37.0671432Z Worker ID: {51a0ce77-c97a-47fc-9367-b5928e2e518f}
2026-09-12T20:54:37.0672727Z Azure Region: centralus
2026-09-12T20:54:37.0673664Z ##[endgroup]
2026-09-12T20:54:37.0676223Z ##[group]Operating System
2026-09-12T20:54:37.0677793Z Ubuntu
2026-09-12T20:54:37.0679447Z 24.04.5
2026-09-12T20:54:37.0680476Z LTS
2026-09-12T20:54:37.0681357Z ##[endgroup]
2026-09-12T20:54:37.0682428Z ##[group]Runner Image
2026-09-12T20:54:37.0683521Z Image: ubuntu-24.04
2026-09-12T20:54:37.0684588Z Version: 20260907.300.1
2026-09-12T20:54:37.0686935Z Included Software: https://github.com/actions/runner-images/blob/ubuntu24/20260907.300/images/ubuntu/Ubuntu2404-Readme.md
2026-09-12T20:54:37.0690017Z Image Release: https://github.com/actions/runner-images/releases/tag/ubuntu24%2F20260907.300
2026-09-12T20:54:37.0691791Z ##[endgroup]
2026-09-12T20:54:37.0693857Z ##[group]GITHUB_TOKEN Permissions
2026-09-12T20:54:37.0696900Z Actions: read
2026-09-12T20:54:37.0698336Z Contents: write
2026-09-12T20:54:37.0699442Z Metadata: read
2026-09-12T20:54:37.0700415Z ##[endgroup]
2026-09-12T20:54:37.0703506Z Secret source: Actions
2026-09-12T20:54:37.0705082Z Cache mode: write
2026-09-12T20:54:37.0707209Z Prepare workflow directory
2026-09-12T20:54:37.1173823Z Prepare all required actions
2026-09-12T20:54:37.1244436Z Getting action download info
2026-09-12T20:54:37.3942405Z Download action repository 'actions/checkout@11bd71901bbe5b1630ceea73d27597364c9af683' (SHA:11bd71901bbe5b1630ceea73d27597364c9af683)
2026-09-12T20:54:37.4936732Z Download action repository 'actions/setup-python@42375524e23c412d93fb67b49958b491fce71c38' (SHA:42375524e23c412d93fb67b49958b491fce71c38)
2026-09-12T20:54:37.7563056Z Download action repository 'actions/upload-artifact@ea165f8d65b6e75b540449e92b4886f43607fa02' (SHA:ea165f8d65b6e75b540449e92b4886f43607fa02)
2026-09-12T20:54:37.9666289Z Complete job name: consume
2026-09-12T20:54:38.0454500Z Node 20 is being deprecated. This workflow is running with Node 24 by default. If you need to temporarily use Node 20, you can set the ACTIONS_ALLOW_USE_UNSECURE_NODE_VERSION=true environment variable. For more information see: https://github.blog/changelog/2025-09-19-deprecation-of-node-20-on-github-actions-runners/
2026-09-12T20:54:38.0463839Z ##[group]Run actions/checkout@11bd71901bbe5b1630ceea73d27597364c9af683
2026-09-12T20:54:38.0464885Z with:
2026-09-12T20:54:38.0465417Z   fetch-depth: 2
2026-09-12T20:54:38.0466003Z   persist-credentials: false
2026-09-12T20:54:38.0466652Z   repository: RoomyRems/momentumbot
2026-09-12T20:54:38.0471025Z   token: ***
2026-09-12T20:54:38.0471593Z   ssh-strict: true
2026-09-12T20:54:38.0472162Z   ssh-user: git
2026-09-12T20:54:38.0472697Z   clean: true
2026-09-12T20:54:38.0473275Z   sparse-checkout-cone-mode: true
2026-09-12T20:54:38.0473919Z   fetch-tags: false
2026-09-12T20:54:38.0474489Z   show-progress: true
2026-09-12T20:54:38.0475083Z   lfs: false
2026-09-12T20:54:38.0475620Z   submodules: false
2026-09-12T20:54:38.0476187Z   set-safe-directory: true
2026-09-12T20:54:38.0477384Z env:
2026-09-12T20:54:38.0478005Z   PYTHONPATH: src:scripts
2026-09-12T20:54:38.0478640Z   PYTHONDONTWRITEBYTECODE: 1
2026-09-12T20:54:38.0479277Z ##[endgroup]
2026-09-12T20:54:38.1633841Z Syncing repository: RoomyRems/momentumbot
2026-09-12T20:54:38.1635730Z ##[group]Getting Git version info
2026-09-12T20:54:38.1636484Z Working directory is '/home/runner/work/momentumbot/momentumbot'
2026-09-12T20:54:38.1638218Z [command]/usr/bin/git version
2026-09-12T20:54:38.1731164Z git version 2.55.0
2026-09-12T20:54:38.1763534Z ##[endgroup]
2026-09-12T20:54:38.1781378Z Temporarily overriding HOME='/home/runner/work/_temp/6425856d-b17c-4b3e-884b-dc42eae56502' before making global git config changes
2026-09-12T20:54:38.1784247Z Adding repository directory to the temporary git global config as a safe directory
2026-09-12T20:54:38.1788577Z [command]/usr/bin/git config --global --add safe.directory /home/runner/work/momentumbot/momentumbot
2026-09-12T20:54:38.1845017Z Deleting the contents of '/home/runner/work/momentumbot/momentumbot'
2026-09-12T20:54:38.1850368Z ##[group]Initializing the repository
2026-09-12T20:54:38.1856087Z [command]/usr/bin/git init /home/runner/work/momentumbot/momentumbot
2026-09-12T20:54:38.1988011Z hint: Using 'master' as the name for the initial branch. This default branch name
2026-09-12T20:54:38.1989907Z hint: will change to "main" in Git 3.0. To configure the initial branch name
2026-09-12T20:54:38.1991616Z hint: to use in all of your new repositories, which will suppress this warning,
2026-09-12T20:54:38.1992967Z hint: call:
2026-09-12T20:54:38.1993672Z hint:
2026-09-12T20:54:38.1994540Z hint: 	git config --global init.defaultBranch <name>
2026-09-12T20:54:38.1995608Z hint:
2026-09-12T20:54:38.1996641Z hint: Names commonly chosen instead of 'master' are 'main', 'trunk' and
2026-09-12T20:54:38.1998662Z hint: 'development'. The just-created branch can be renamed via this command:
2026-09-12T20:54:38.2000012Z hint:
2026-09-12T20:54:38.2000770Z hint: 	git branch -m <name>
2026-09-12T20:54:38.2001652Z hint:
2026-09-12T20:54:38.2002741Z hint: Disable this message with "git config set advice.defaultBranchName false"
2026-09-12T20:54:38.2004509Z Initialized empty Git repository in /home/runner/work/momentumbot/momentumbot/.git/
2026-09-12T20:54:38.2007606Z [command]/usr/bin/git remote add origin https://github.com/RoomyRems/momentumbot
2026-09-12T20:54:38.2048791Z ##[endgroup]
2026-09-12T20:54:38.2050119Z ##[group]Disabling automatic garbage collection
2026-09-12T20:54:38.2053303Z [command]/usr/bin/git config --local gc.auto 0
2026-09-12T20:54:38.2086330Z ##[endgroup]
2026-09-12T20:54:38.2087962Z ##[group]Setting up auth
2026-09-12T20:54:38.2106468Z [command]/usr/bin/git config --local --name-only --get-regexp core\.sshCommand
2026-09-12T20:54:38.2143525Z [command]/usr/bin/git submodule foreach --recursive sh -c "git config --local --name-only --get-regexp 'core\.sshCommand' && git config --local --unset-all 'core.sshCommand' || :"
2026-09-12T20:54:38.2506622Z [command]/usr/bin/git config --local --name-only --get-regexp http\.https\:\/\/github\.com\/\.extraheader
2026-09-12T20:54:38.2566634Z [command]/usr/bin/git submodule foreach --recursive sh -c "git config --local --name-only --get-regexp 'http\.https\:\/\/github\.com\/\.extraheader' && git config --local --unset-all 'http.https://github.com/.extraheader' || :"
2026-09-12T20:54:38.2806873Z [command]/usr/bin/git config --local http.https://github.com/.extraheader AUTHORIZATION: basic ***
2026-09-12T20:54:38.2849874Z ##[endgroup]
2026-09-12T20:54:38.2851318Z ##[group]Fetching the repository
2026-09-12T20:54:38.2861221Z [command]/usr/bin/git -c protocol.version=2 fetch --no-tags --prune --no-recurse-submodules --depth=2 origin +03856c714ab8a819439808622483dc7294da46e2:refs/remotes/origin/phase-3-historical-snapshot
2026-09-12T20:54:39.8492654Z From https://github.com/RoomyRems/momentumbot
2026-09-12T20:54:39.8495117Z  * [new ref]         03856c714ab8a819439808622483dc7294da46e2 -> origin/phase-3-historical-snapshot
2026-09-12T20:54:39.8529047Z ##[endgroup]
2026-09-12T20:54:39.8530688Z ##[group]Determining the checkout info
2026-09-12T20:54:39.8532470Z ##[endgroup]
2026-09-12T20:54:39.8533688Z [command]/usr/bin/git sparse-checkout disable
2026-09-12T20:54:39.8566672Z [command]/usr/bin/git config --local --unset-all extensions.worktreeConfig
2026-09-12T20:54:39.8610345Z ##[group]Checking out the ref
2026-09-12T20:54:39.8611755Z [command]/usr/bin/git checkout --progress --force -B phase-3-historical-snapshot refs/remotes/origin/phase-3-historical-snapshot
2026-09-12T20:54:40.0575017Z Switched to a new branch 'phase-3-historical-snapshot'
2026-09-12T20:54:40.0579736Z branch 'phase-3-historical-snapshot' set up to track 'origin/phase-3-historical-snapshot'.
2026-09-12T20:54:40.0643369Z ##[endgroup]
2026-09-12T20:54:40.0647298Z [command]/usr/bin/git log -1 --format=%H
2026-09-12T20:54:40.0679770Z 03856c714ab8a819439808622483dc7294da46e2
2026-09-12T20:54:40.0689323Z ##[group]Removing auth
2026-09-12T20:54:40.0692873Z [command]/usr/bin/git config --local --name-only --get-regexp core\.sshCommand
2026-09-12T20:54:40.0729229Z [command]/usr/bin/git submodule foreach --recursive sh -c "git config --local --name-only --get-regexp 'core\.sshCommand' && git config --local --unset-all 'core.sshCommand' || :"
2026-09-12T20:54:40.0957757Z [command]/usr/bin/git config --local --name-only --get-regexp http\.https\:\/\/github\.com\/\.extraheader
2026-09-12T20:54:40.0990155Z http.https://github.com/.extraheader
2026-09-12T20:54:40.0997996Z [command]/usr/bin/git config --local --unset-all http.https://github.com/.extraheader
2026-09-12T20:54:40.1034140Z [command]/usr/bin/git submodule foreach --recursive sh -c "git config --local --name-only --get-regexp 'http\.https\:\/\/github\.com\/\.extraheader' && git config --local --unset-all 'http.https://github.com/.extraheader' || :"
2026-09-12T20:54:40.1256024Z ##[endgroup]
2026-09-12T20:54:40.1670183Z Node 20 is being deprecated. This workflow is running with Node 24 by default. If you need to temporarily use Node 20, you can set the ACTIONS_ALLOW_USE_UNSECURE_NODE_VERSION=true environment variable. For more information see: https://github.blog/changelog/2025-09-19-deprecation-of-node-20-on-github-actions-runners/
2026-09-12T20:54:40.1679597Z ##[group]Run actions/setup-python@42375524e23c412d93fb67b49958b491fce71c38
2026-09-12T20:54:40.1682138Z with:
2026-09-12T20:54:40.1683637Z   python-version: 3.12.14
2026-09-12T20:54:40.1685387Z   check-latest: false
2026-09-12T20:54:40.1695104Z   token: ***
2026-09-12T20:54:40.1696079Z   update-environment: true
2026-09-12T20:54:40.1697455Z   allow-prereleases: false
2026-09-12T20:54:40.1698519Z env:
2026-09-12T20:54:40.1699398Z   PYTHONPATH: src:scripts
2026-09-12T20:54:40.1700503Z   PYTHONDONTWRITEBYTECODE: 1
2026-09-12T20:54:40.1701540Z ##[endgroup]
2026-09-12T20:54:40.3076620Z ##[group]Installed versions
2026-09-12T20:54:40.3128995Z (node:2309) [DEP0040] DeprecationWarning: The `punycode` module is deprecated. Please use a userland alternative instead.
2026-09-12T20:54:40.3132266Z (Use `node --trace-deprecation ...` to show where the warning was created)
2026-09-12T20:54:40.3134146Z Successfully set up CPython (3.12.14)
2026-09-12T20:54:40.3138106Z ##[endgroup]
2026-09-12T20:54:40.3384408Z ##[group]Run python -m pip install --disable-pip-version-check --require-hashes --only-binary=:all: --no-deps -r requirements-sealed-source-v04.txt
2026-09-12T20:54:40.3389731Z [36;1mpython -m pip install --disable-pip-version-check --require-hashes --only-binary=:all: --no-deps -r requirements-sealed-source-v04.txt[0m
2026-09-12T20:54:40.3392727Z [36;1mpython -m pip install --disable-pip-version-check --no-deps --no-build-isolation -e .[0m
2026-09-12T20:54:40.3394525Z [36;1mpython -m pip check[0m
2026-09-12T20:54:40.3452176Z shell: /usr/bin/bash -e {0}
2026-09-12T20:54:40.3453286Z env:
2026-09-12T20:54:40.3454175Z   PYTHONPATH: src:scripts
2026-09-12T20:54:40.3455275Z   PYTHONDONTWRITEBYTECODE: 1
2026-09-12T20:54:40.3456554Z   pythonLocation: /opt/hostedtoolcache/Python/3.12.14/x64
2026-09-12T20:54:40.3459508Z   PKG_CONFIG_PATH: /opt/hostedtoolcache/Python/3.12.14/x64/lib/pkgconfig
2026-09-12T20:54:40.3462765Z   Python_ROOT_DIR: /opt/hostedtoolcache/Python/3.12.14/x64
2026-09-12T20:54:40.3465333Z   Python2_ROOT_DIR: /opt/hostedtoolcache/Python/3.12.14/x64
2026-09-12T20:54:40.3468071Z   Python3_ROOT_DIR: /opt/hostedtoolcache/Python/3.12.14/x64
2026-09-12T20:54:40.3470629Z   LD_LIBRARY_PATH: /opt/hostedtoolcache/Python/3.12.14/x64/lib
2026-09-12T20:54:40.3472828Z ##[endgroup]
2026-09-12T20:54:41.0163006Z Requirement already satisfied: pip==26.2.1 in /opt/hostedtoolcache/Python/3.12.14/x64/lib/python3.12/site-packages (from -r requirements-sealed-source-v04.txt (line 6)) (26.2.1)
2026-09-12T20:54:41.1916197Z Collecting setuptools==84.0.0 (from -r requirements-sealed-source-v04.txt (line 8))
2026-09-12T20:54:41.2698047Z   Downloading setuptools-84.0.0-py3-none-any.whl (818 kB)
2026-09-12T20:54:41.3894908Z      ━━━━━━━━━━━━━━━━━━━━━━━━━━━━━━━━━━━━━━━━ 818.2/818.2 kB 8.1 MB/s  0:00:00
2026-09-12T20:54:41.4236024Z Collecting wheel==0.48.0 (from -r requirements-sealed-source-v04.txt (line 10))
2026-09-12T20:54:41.4367828Z   Downloading wheel-0.48.0-py3-none-any.whl (33 kB)
2026-09-12T20:54:41.4639218Z Collecting packaging==26.3 (from -r requirements-sealed-source-v04.txt (line 12))
2026-09-12T20:54:41.4776830Z   Downloading packaging-26.3-py3-none-any.whl (129 kB)
2026-09-12T20:54:41.7443937Z Collecting numpy==2.3.5 (from -r requirements-sealed-source-v04.txt (line 14))
2026-09-12T20:54:41.7580322Z   Downloading numpy-2.3.5-cp312-cp312-manylinux_2_27_x86_64.manylinux_2_28_x86_64.whl (16.6 MB)
2026-09-12T20:54:42.2739311Z      ━━━━━━━━━━━━━━━━━━━━━━━━━━━━━━━━━━━━━━━━ 16.6/16.6 MB 33.3 MB/s  0:00:00
2026-09-12T20:54:42.4300687Z Collecting pandas==2.2.3 (from -r requirements-sealed-source-v04.txt (line 16))
2026-09-12T20:54:42.4439340Z   Downloading pandas-2.2.3-cp312-cp312-manylinux_2_17_x86_64.manylinux2014_x86_64.whl (12.7 MB)
2026-09-12T20:54:42.5824502Z      ━━━━━━━━━━━━━━━━━━━━━━━━━━━━━━━━━━━━━━━━ 12.7/12.7 MB 92.2 MB/s  0:00:00
2026-09-12T20:54:42.6663566Z Collecting PyYAML==6.0.3 (from -r requirements-sealed-source-v04.txt (line 18))
2026-09-12T20:54:42.6801253Z   Downloading pyyaml-6.0.3-cp312-cp312-manylinux2014_x86_64.manylinux_2_17_x86_64.manylinux_2_28_x86_64.whl (807 kB)
2026-09-12T20:54:42.6882291Z      ━━━━━━━━━━━━━━━━━━━━━━━━━━━━━━━━━━━━━━━━ 807.9/807.9 kB 96.4 MB/s  0:00:00
2026-09-12T20:54:42.7092819Z Collecting python-dateutil==2.9.0.post0 (from -r requirements-sealed-source-v04.txt (line 20))
2026-09-12T20:54:42.7227745Z   Downloading python_dateutil-2.9.0.post0-py2.py3-none-any.whl (229 kB)
2026-09-12T20:54:42.7694146Z Collecting pytz==2026.3.post1 (from -r requirements-sealed-source-v04.txt (line 22))
2026-09-12T20:54:42.7826822Z   Downloading pytz-2026.3.post1-py2.py3-none-any.whl (508 kB)
2026-09-12T20:54:42.8125701Z Collecting tzdata==2026.3 (from -r requirements-sealed-source-v04.txt (line 24))
2026-09-12T20:54:42.8269618Z   Downloading tzdata-2026.3-py2.py3-none-any.whl (348 kB)
2026-09-12T20:54:42.8532679Z Collecting six==1.17.0 (from -r requirements-sealed-source-v04.txt (line 26))
2026-09-12T20:54:42.8665666Z   Downloading six-1.17.0-py2.py3-none-any.whl (11 kB)
2026-09-12T20:54:42.8995353Z Installing collected packages: pytz, wheel, tzdata, six, setuptools, PyYAML, python-dateutil, pandas, packaging, numpy
2026-09-12T20:54:50.2335102Z 
2026-09-12T20:54:50.2352052Z Successfully installed PyYAML-6.0.3 numpy-2.3.5 packaging-26.3 pandas-2.2.3 python-dateutil-2.9.0.post0 pytz-2026.3.post1 setuptools-84.0.0 six-1.17.0 tzdata-2026.3 wheel-0.48.0
2026-09-12T20:54:50.6108265Z Obtaining file:///home/runner/work/momentumbot/momentumbot
2026-09-12T20:54:50.6122930Z   Checking if build backend supports build_editable: started
2026-09-12T20:54:50.7853427Z   Checking if build backend supports build_editable: finished with status 'done'
2026-09-12T20:54:50.7862337Z   Preparing editable metadata (pyproject.toml): started
2026-09-12T20:54:51.0305716Z   Preparing editable metadata (pyproject.toml): finished with status 'done'
2026-09-12T20:54:51.0350849Z Building wheels for collected packages: momentumbot
2026-09-12T20:54:51.0358726Z   Building editable for momentumbot (pyproject.toml): started
2026-09-12T20:54:51.3098573Z   Building editable for momentumbot (pyproject.toml): finished with status 'done'
2026-09-12T20:54:51.3105642Z   Created wheel for momentumbot: filename=momentumbot-0.2.0-0.editable-py3-none-any.whl size=4119 sha256=1a50d24fb040debf6fbda7c08c1ba9a5e74725b6dd7d91bdc687c582dc8ba6be
2026-09-12T20:54:51.3107660Z   Stored in directory: /tmp/pip-ephem-wheel-cache-gso0lcfb/wheels/07/cb/80/ea9ec0ff3434472434457f9dbf823fffe4e1a99167faeb982a
2026-09-12T20:54:51.3130869Z Successfully built momentumbot
2026-09-12T20:54:51.3283690Z Installing collected packages: momentumbot
2026-09-12T20:54:51.3362209Z Successfully installed momentumbot-0.2.0
2026-09-12T20:54:51.5951671Z No broken requirements found.
2026-09-12T20:54:51.6224933Z ##[group]Run python scripts/run_census_capture.py validate --check-launch
2026-09-12T20:54:51.6225516Z [36;1mpython scripts/run_census_capture.py validate --check-launch[0m
2026-09-12T20:54:51.6264577Z shell: /usr/bin/bash -e {0}
2026-09-12T20:54:51.6264843Z env:
2026-09-12T20:54:51.6265043Z   PYTHONPATH: src:scripts
2026-09-12T20:54:51.6265301Z   PYTHONDONTWRITEBYTECODE: 1
2026-09-12T20:54:51.6265618Z   pythonLocation: /opt/hostedtoolcache/Python/3.12.14/x64
2026-09-12T20:54:51.6266060Z   PKG_CONFIG_PATH: /opt/hostedtoolcache/Python/3.12.14/x64/lib/pkgconfig
2026-09-12T20:54:51.6266505Z   Python_ROOT_DIR: /opt/hostedtoolcache/Python/3.12.14/x64
2026-09-12T20:54:51.6266899Z   Python2_ROOT_DIR: /opt/hostedtoolcache/Python/3.12.14/x64
2026-09-12T20:54:51.6267574Z   Python3_ROOT_DIR: /opt/hostedtoolcache/Python/3.12.14/x64
2026-09-12T20:54:51.6267987Z   LD_LIBRARY_PATH: /opt/hostedtoolcache/Python/3.12.14/x64/lib
2026-09-12T20:54:51.6268336Z ##[endgroup]
2026-09-12T20:54:52.7954678Z {"registration_sha256": "06110e27a31a130e6b52605fe9e5b290dda545f81b1757101741629eed2aee39", "provider_requests": 0}
2026-09-12T20:54:52.8601221Z ##[group]Run mkdir census-preflight
2026-09-12T20:54:52.8601578Z [36;1mmkdir census-preflight[0m
2026-09-12T20:54:52.8601830Z [36;1mCI_RUN=""[0m
2026-09-12T20:54:52.8602044Z [36;1mfor n in $(seq 1 20); do[0m
2026-09-12T20:54:52.8602708Z [36;1m  CI_RUN=$(gh run list --repo RoomyRems/momentumbot --workflow ci.yml --commit "$GITHUB_SHA" --event push --json databaseId --jq '.[0].databaseId // empty')[0m
2026-09-12T20:54:52.8603400Z [36;1m  if [ -n "$CI_RUN" ]; then break; fi[0m
2026-09-12T20:54:52.8603683Z [36;1m  sleep 3[0m
2026-09-12T20:54:52.8603884Z [36;1mdone[0m
2026-09-12T20:54:52.8604087Z [36;1mtest -n "$CI_RUN"[0m
2026-09-12T20:54:52.8604487Z [36;1mgh run watch "$CI_RUN" --repo RoomyRems/momentumbot --exit-status --interval 15[0m
2026-09-12T20:54:52.8605091Z [36;1mgh api "repos/RoomyRems/momentumbot/actions/runs/$CI_RUN" > census-preflight/ci.json[0m
2026-09-12T20:54:52.8605831Z [36;1mgh api "repos/RoomyRems/momentumbot/actions/runs/$CI_RUN/jobs?per_page=100" > census-preflight/ci-jobs.json[0m
2026-09-12T20:54:52.8606355Z [36;1mpython - <<'PY'[0m
2026-09-12T20:54:52.8606579Z [36;1mimport os[0m
2026-09-12T20:54:52.8606796Z [36;1mfrom pathlib import Path[0m
2026-09-12T20:54:52.8607503Z [36;1mfrom momentumbot.research import census_capture_hosted as m[0m
2026-09-12T20:54:52.8608421Z [36;1mm.d.check_ci(m.d.base.json_object(Path('census-preflight/ci.json').read_bytes()), m.d.base.json_object(Path('census-preflight/ci-jobs.json').read_bytes()), {'GITHUB_SHA': os.environ['GITHUB_SHA']})[0m
2026-09-12T20:54:52.8609209Z [36;1mPY[0m
2026-09-12T20:54:52.8646129Z shell: /usr/bin/bash -e {0}
2026-09-12T20:54:52.8646381Z env:
2026-09-12T20:54:52.8646586Z   PYTHONPATH: src:scripts
2026-09-12T20:54:52.8646845Z   PYTHONDONTWRITEBYTECODE: 1
2026-09-12T20:54:52.8647511Z   pythonLocation: /opt/hostedtoolcache/Python/3.12.14/x64
2026-09-12T20:54:52.8647961Z   PKG_CONFIG_PATH: /opt/hostedtoolcache/Python/3.12.14/x64/lib/pkgconfig
2026-09-12T20:54:52.8648402Z   Python_ROOT_DIR: /opt/hostedtoolcache/Python/3.12.14/x64
2026-09-12T20:54:52.8648795Z   Python2_ROOT_DIR: /opt/hostedtoolcache/Python/3.12.14/x64
2026-09-12T20:54:52.8649179Z   Python3_ROOT_DIR: /opt/hostedtoolcache/Python/3.12.14/x64
2026-09-12T20:54:52.8649576Z   LD_LIBRARY_PATH: /opt/hostedtoolcache/Python/3.12.14/x64/lib
2026-09-12T20:54:52.8652420Z   GH_TOKEN: ***
2026-09-12T20:54:52.8652636Z ##[endgroup]
2026-09-12T20:54:54.5390894Z Refreshing run status every 15 seconds. Press Ctrl+C to quit.
2026-09-12T20:54:54.5391725Z 
2026-09-12T20:54:54.5392279Z * phase-3-historical-snapshot CI · 34718443340
2026-09-12T20:54:54.5393026Z Triggered via push less than a minute ago
2026-09-12T20:54:54.5393993Z 
2026-09-12T20:54:54.5394152Z JOBS
2026-09-12T20:54:54.5394501Z * test (ID 103619752761)
2026-09-12T20:54:54.5395065Z   ✓ Set up job
2026-09-12T20:54:54.5395576Z   ✓ Run actions/checkout@v4
2026-09-12T20:54:54.5396135Z   ✓ Run actions/setup-python@v5
2026-09-12T20:54:54.5396728Z   ✓ Install package
2026-09-12T20:54:54.5397433Z   * Run tests
2026-09-12T20:54:54.5397840Z   * Compile
2026-09-12T20:54:54.5398298Z   * Post Run actions/setup-python@v5
2026-09-12T20:54:54.5398844Z   * Post Run actions/checkout@v4
2026-09-12T20:55:10.1633755Z Refreshing run status every 15 seconds. Press Ctrl+C to quit.
2026-09-12T20:55:10.1634393Z 
2026-09-12T20:55:10.1634858Z * phase-3-historical-snapshot CI · 34718443340
2026-09-12T20:55:10.1635319Z Triggered via push less than a minute ago
2026-09-12T20:55:10.1635593Z 
2026-09-12T20:55:10.1635694Z JOBS
2026-09-12T20:55:10.1635948Z * test (ID 103619752761)
2026-09-12T20:55:10.1636297Z   ✓ Set up job
2026-09-12T20:55:10.1636603Z   ✓ Run actions/checkout@v4
2026-09-12T20:55:10.1637319Z   ✓ Run actions/setup-python@v5
2026-09-12T20:55:10.1637642Z   ✓ Install package
2026-09-12T20:55:10.1637867Z   * Run tests
2026-09-12T20:55:10.1638071Z   * Compile
2026-09-12T20:55:10.1638298Z   * Post Run actions/setup-python@v5
2026-09-12T20:55:10.1638604Z   * Post Run actions/checkout@v4
2026-09-12T20:55:25.7119278Z Refreshing run status every 15 seconds. Press Ctrl+C to quit.
2026-09-12T20:55:25.7119674Z 
2026-09-12T20:55:25.7120246Z * phase-3-historical-snapshot CI · 34718443340
2026-09-12T20:55:25.7120788Z Triggered via push less than a minute ago
2026-09-12T20:55:25.7121148Z 
2026-09-12T20:55:25.7121283Z JOBS
2026-09-12T20:55:25.7121611Z * test (ID 103619752761)
2026-09-12T20:55:25.7121942Z   ✓ Set up job
2026-09-12T20:55:25.7122224Z   ✓ Run actions/checkout@v4
2026-09-12T20:55:25.7122562Z   ✓ Run actions/setup-python@v5
2026-09-12T20:55:25.7122881Z   ✓ Install package
2026-09-12T20:55:25.7123123Z   * Run tests
2026-09-12T20:55:25.7123346Z   * Compile
2026-09-12T20:55:25.7123588Z   * Post Run actions/setup-python@v5
2026-09-12T20:55:25.7123934Z   * Post Run actions/checkout@v4
2026-09-12T20:55:41.3014509Z Refreshing run status every 15 seconds. Press Ctrl+C to quit.
2026-09-12T20:55:41.3014975Z 
2026-09-12T20:55:41.3015430Z * phase-3-historical-snapshot CI · 34718443340
2026-09-12T20:55:41.3015944Z Triggered via push about 1 minute ago
2026-09-12T20:55:41.3016196Z 
2026-09-12T20:55:41.3016303Z JOBS
2026-09-12T20:55:41.3016555Z * test (ID 103619752761)
2026-09-12T20:55:41.3016899Z   ✓ Set up job
2026-09-12T20:55:41.3017587Z   ✓ Run actions/checkout@v4
2026-09-12T20:55:41.3017979Z   ✓ Run actions/setup-python@v5
2026-09-12T20:55:41.3018354Z   ✓ Install package
2026-09-12T20:55:41.3018632Z   * Run tests
2026-09-12T20:55:41.3018891Z   * Compile
2026-09-12T20:55:41.3019171Z   * Post Run actions/setup-python@v5
2026-09-12T20:55:41.3019560Z   * Post Run actions/checkout@v4
2026-09-12T20:55:56.8794838Z Refreshing run status every 15 seconds. Press Ctrl+C to quit.
2026-09-12T20:55:56.8795445Z 
2026-09-12T20:55:56.8795986Z * phase-3-historical-snapshot CI · 34718443340
2026-09-12T20:55:56.8796421Z Triggered via push about 1 minute ago
2026-09-12T20:55:56.8796667Z 
2026-09-12T20:55:56.8796771Z JOBS
2026-09-12T20:55:56.8797384Z * test (ID 103619752761)
2026-09-12T20:55:56.8797750Z   ✓ Set up job
2026-09-12T20:55:56.8798031Z   ✓ Run actions/checkout@v4
2026-09-12T20:55:56.8798332Z   ✓ Run actions/setup-python@v5
2026-09-12T20:55:56.8798615Z   ✓ Install package
2026-09-12T20:55:56.8798854Z   * Run tests
2026-09-12T20:55:56.8799054Z   * Compile
2026-09-12T20:55:56.8799272Z   * Post Run actions/setup-python@v5
2026-09-12T20:55:56.8799560Z   * Post Run actions/checkout@v4
2026-09-12T20:56:12.4627254Z Refreshing run status every 15 seconds. Press Ctrl+C to quit.
2026-09-12T20:56:12.4627893Z 
2026-09-12T20:56:12.4628362Z * phase-3-historical-snapshot CI · 34718443340
2026-09-12T20:56:12.4628818Z Triggered via push about 1 minute ago
2026-09-12T20:56:12.4629076Z 
2026-09-12T20:56:12.4629175Z JOBS
2026-09-12T20:56:12.4632024Z * test (ID 103619752761)
2026-09-12T20:56:12.4632408Z   ✓ Set up job
2026-09-12T20:56:12.4632737Z   ✓ Run actions/checkout@v4
2026-09-12T20:56:12.4633133Z   ✓ Run actions/setup-python@v5
2026-09-12T20:56:12.4633502Z   ✓ Install package
2026-09-12T20:56:12.4633775Z   * Run tests
2026-09-12T20:56:12.4634027Z   * Compile
2026-09-12T20:56:12.4634322Z   * Post Run actions/setup-python@v5
2026-09-12T20:56:12.4634694Z   * Post Run actions/checkout@v4
2026-09-12T20:56:28.0170669Z Refreshing run status every 15 seconds. Press Ctrl+C to quit.
2026-09-12T20:56:28.0171062Z 
2026-09-12T20:56:28.0171496Z * phase-3-historical-snapshot CI · 34718443340
2026-09-12T20:56:28.0171911Z Triggered via push about 1 minute ago
2026-09-12T20:56:28.0172158Z 
2026-09-12T20:56:28.0172252Z JOBS
2026-09-12T20:56:28.0172483Z * test (ID 103619752761)
2026-09-12T20:56:28.0172792Z   ✓ Set up job
2026-09-12T20:56:28.0173090Z   ✓ Run actions/checkout@v4
2026-09-12T20:56:28.0173418Z   ✓ Run actions/setup-python@v5
2026-09-12T20:56:28.0173719Z   ✓ Install package
2026-09-12T20:56:28.0173927Z   * Run tests
2026-09-12T20:56:28.0174121Z   * Compile
2026-09-12T20:56:28.0174332Z   * Post Run actions/setup-python@v5
2026-09-12T20:56:28.0174614Z   * Post Run actions/checkout@v4
2026-09-12T20:56:43.5668596Z Refreshing run status every 15 seconds. Press Ctrl+C to quit.
2026-09-12T20:56:43.5669845Z 
2026-09-12T20:56:43.5670517Z * phase-3-historical-snapshot CI · 34718443340
2026-09-12T20:56:43.5671237Z Triggered via push about 2 minutes ago
2026-09-12T20:56:43.5671681Z 
2026-09-12T20:56:43.5674333Z JOBS
2026-09-12T20:56:43.5675053Z * test (ID 103619752761)
2026-09-12T20:56:43.5675595Z   ✓ Set up job
2026-09-12T20:56:43.5675903Z   ✓ Run actions/checkout@v4
2026-09-12T20:56:43.5676423Z   ✓ Run actions/setup-python@v5
2026-09-12T20:56:43.5677112Z   ✓ Install package
2026-09-12T20:56:43.5677502Z   * Run tests
2026-09-12T20:56:43.5677815Z   * Compile
2026-09-12T20:56:43.5678156Z   * Post Run actions/setup-python@v5
2026-09-12T20:56:43.5678635Z   * Post Run actions/checkout@v4
2026-09-12T20:56:59.1279168Z Refreshing run status every 15 seconds. Press Ctrl+C to quit.
2026-09-12T20:56:59.1279720Z 
2026-09-12T20:56:59.1280218Z * phase-3-historical-snapshot CI · 34718443340
2026-09-12T20:56:59.1280678Z Triggered via push about 2 minutes ago
2026-09-12T20:56:59.1281019Z 
2026-09-12T20:56:59.1281185Z JOBS
2026-09-12T20:56:59.1281492Z * test (ID 103619752761)
2026-09-12T20:56:59.1281921Z   ✓ Set up job
2026-09-12T20:56:59.1282327Z   ✓ Run actions/checkout@v4
2026-09-12T20:56:59.1282675Z   ✓ Run actions/setup-python@v5
2026-09-12T20:56:59.1282955Z   ✓ Install package
2026-09-12T20:56:59.1283169Z   * Run tests
2026-09-12T20:56:59.1283361Z   * Compile
2026-09-12T20:56:59.1283580Z   * Post Run actions/setup-python@v5
2026-09-12T20:56:59.1283869Z   * Post Run actions/checkout@v4
2026-09-12T20:57:14.7070648Z Refreshing run status every 15 seconds. Press Ctrl+C to quit.
2026-09-12T20:57:14.7071067Z 
2026-09-12T20:57:14.7071528Z * phase-3-historical-snapshot CI · 34718443340
2026-09-12T20:57:14.7071993Z Triggered via push about 2 minutes ago
2026-09-12T20:57:14.7072241Z 
2026-09-12T20:57:14.7072333Z JOBS
2026-09-12T20:57:14.7072573Z * test (ID 103619752761)
2026-09-12T20:57:14.7072981Z   ✓ Set up job
2026-09-12T20:57:14.7073248Z   ✓ Run actions/checkout@v4
2026-09-12T20:57:14.7073559Z   ✓ Run actions/setup-python@v5
2026-09-12T20:57:14.7073840Z   ✓ Install package
2026-09-12T20:57:14.7074046Z   * Run tests
2026-09-12T20:57:14.7074234Z   * Compile
2026-09-12T20:57:14.7074445Z   * Post Run actions/setup-python@v5
2026-09-12T20:57:14.7074728Z   * Post Run actions/checkout@v4
2026-09-12T20:57:30.2467682Z Refreshing run status every 15 seconds. Press Ctrl+C to quit.
2026-09-12T20:57:30.2468371Z 
2026-09-12T20:57:30.2468827Z * phase-3-historical-snapshot CI · 34718443340
2026-09-12T20:57:30.2469294Z Triggered via push about 2 minutes ago
2026-09-12T20:57:30.2469563Z 
2026-09-12T20:57:30.2469662Z JOBS
2026-09-12T20:57:30.2469904Z * test (ID 103619752761)
2026-09-12T20:57:30.2470236Z   ✓ Set up job
2026-09-12T20:57:30.2471002Z   ✓ Run actions/checkout@v4
2026-09-12T20:57:30.2471379Z   ✓ Run actions/setup-python@v5
2026-09-12T20:57:30.2471740Z   ✓ Install package
2026-09-12T20:57:30.2472008Z   * Run tests
2026-09-12T20:57:30.2472252Z   * Compile
2026-09-12T20:57:30.2472522Z   * Post Run actions/setup-python@v5
2026-09-12T20:57:30.2472906Z   * Post Run actions/checkout@v4
2026-09-12T20:57:45.8113633Z Refreshing run status every 15 seconds. Press Ctrl+C to quit.
2026-09-12T20:57:45.8114305Z 
2026-09-12T20:57:45.8114805Z * phase-3-historical-snapshot CI · 34718443340
2026-09-12T20:57:45.8115300Z Triggered via push about 3 minutes ago
2026-09-12T20:57:45.8115580Z 
2026-09-12T20:57:45.8115687Z JOBS
2026-09-12T20:57:45.8115954Z * test (ID 103619752761)
2026-09-12T20:57:45.8116326Z   ✓ Set up job
2026-09-12T20:57:45.8116670Z   ✓ Run actions/checkout@v4
2026-09-12T20:57:45.8117333Z   ✓ Run actions/setup-python@v5
2026-09-12T20:57:45.8117736Z   ✓ Install package
2026-09-12T20:57:45.8118047Z   * Run tests
2026-09-12T20:57:45.8118351Z   * Compile
2026-09-12T20:57:45.8118650Z   * Post Run actions/setup-python@v5
2026-09-12T20:57:45.8119020Z   * Post Run actions/checkout@v4
2026-09-12T20:58:01.4066894Z Refreshing run status every 15 seconds. Press Ctrl+C to quit.
2026-09-12T20:58:01.4067799Z 
2026-09-12T20:58:01.4068838Z * phase-3-historical-snapshot CI · 34718443340
2026-09-12T20:58:01.4069379Z Triggered via push about 3 minutes ago
2026-09-12T20:58:01.4069686Z 
2026-09-12T20:58:01.4069801Z JOBS
2026-09-12T20:58:01.4070094Z * test (ID 103619752761)
2026-09-12T20:58:01.4070497Z   ✓ Set up job
2026-09-12T20:58:01.4070879Z   ✓ Run actions/checkout@v4
2026-09-12T20:58:01.4071322Z   ✓ Run actions/setup-python@v5
2026-09-12T20:58:01.4071749Z   ✓ Install package
2026-09-12T20:58:01.4072068Z   * Run tests
2026-09-12T20:58:01.4072361Z   * Compile
2026-09-12T20:58:01.4072658Z   * Post Run actions/setup-python@v5
2026-09-12T20:58:01.4073015Z   * Post Run actions/checkout@v4
2026-09-12T20:58:16.9865228Z Refreshing run status every 15 seconds. Press Ctrl+C to quit.
2026-09-12T20:58:16.9866840Z 
2026-09-12T20:58:16.9867586Z * phase-3-historical-snapshot CI · 34718443340
2026-09-12T20:58:16.9868206Z Triggered via push about 3 minutes ago
2026-09-12T20:58:16.9868537Z 
2026-09-12T20:58:16.9868653Z JOBS
2026-09-12T20:58:16.9868882Z * test (ID 103619752761)
2026-09-12T20:58:16.9869277Z   ✓ Set up job
2026-09-12T20:58:16.9869557Z   ✓ Run actions/checkout@v4
2026-09-12T20:58:16.9869879Z   ✓ Run actions/setup-python@v5
2026-09-12T20:58:16.9870188Z   ✓ Install package
2026-09-12T20:58:16.9870417Z   * Run tests
2026-09-12T20:58:16.9870631Z   * Compile
2026-09-12T20:58:16.9889027Z   * Post Run actions/setup-python@v5
2026-09-12T20:58:16.9889343Z   * Post Run actions/checkout@v4
2026-09-12T20:58:32.5058083Z Refreshing run status every 15 seconds. Press Ctrl+C to quit.
2026-09-12T20:58:32.5058637Z 
2026-09-12T20:58:32.5059097Z * phase-3-historical-snapshot CI · 34718443340
2026-09-12T20:58:32.5059552Z Triggered via push about 3 minutes ago
2026-09-12T20:58:32.5059852Z 
2026-09-12T20:58:32.5059952Z JOBS
2026-09-12T20:58:32.5060202Z * test (ID 103619752761)
2026-09-12T20:58:32.5060543Z   ✓ Set up job
2026-09-12T20:58:32.5060876Z   ✓ Run actions/checkout@v4
2026-09-12T20:58:32.5061263Z   ✓ Run actions/setup-python@v5
2026-09-12T20:58:32.5061653Z   ✓ Install package
2026-09-12T20:58:32.5061930Z   * Run tests
2026-09-12T20:58:32.5062181Z   * Compile
2026-09-12T20:58:32.5062458Z   * Post Run actions/setup-python@v5
2026-09-12T20:58:32.5062832Z   * Post Run actions/checkout@v4
2026-09-12T20:58:48.0720728Z Refreshing run status every 15 seconds. Press Ctrl+C to quit.
2026-09-12T20:58:48.0721434Z 
2026-09-12T20:58:48.0721969Z * phase-3-historical-snapshot CI · 34718443340
2026-09-12T20:58:48.0722415Z Triggered via push about 4 minutes ago
2026-09-12T20:58:48.0722623Z 
2026-09-12T20:58:48.0722705Z JOBS
2026-09-12T20:58:48.0722904Z * test (ID 103619752761)
2026-09-12T20:58:48.0723177Z   ✓ Set up job
2026-09-12T20:58:48.0723443Z   ✓ Run actions/checkout@v4
2026-09-12T20:58:48.0724052Z   ✓ Run actions/setup-python@v5
2026-09-12T20:58:48.0724355Z   ✓ Install package
2026-09-12T20:58:48.0724582Z   * Run tests
2026-09-12T20:58:48.0724785Z   * Compile
2026-09-12T20:58:48.0725009Z   * Post Run actions/setup-python@v5
2026-09-12T20:58:48.0725314Z   * Post Run actions/checkout@v4
2026-09-12T20:59:03.6411493Z Refreshing run status every 15 seconds. Press Ctrl+C to quit.
2026-09-12T20:59:03.6411903Z 
2026-09-12T20:59:03.6412359Z * phase-3-historical-snapshot CI · 34718443340
2026-09-12T20:59:03.6412785Z Triggered via push about 4 minutes ago
2026-09-12T20:59:03.6413033Z 
2026-09-12T20:59:03.6413136Z JOBS
2026-09-12T20:59:03.6413368Z * test (ID 103619752761)
2026-09-12T20:59:03.6413689Z   ✓ Set up job
2026-09-12T20:59:03.6413993Z   ✓ Run actions/checkout@v4
2026-09-12T20:59:03.6414385Z   ✓ Run actions/setup-python@v5
2026-09-12T20:59:03.6414729Z   ✓ Install package
2026-09-12T20:59:03.6414987Z   * Run tests
2026-09-12T20:59:03.6415233Z   * Compile
2026-09-12T20:59:03.6415472Z   * Post Run actions/setup-python@v5
2026-09-12T20:59:03.6415754Z   * Post Run actions/checkout@v4
2026-09-12T20:59:19.1829697Z Refreshing run status every 15 seconds. Press Ctrl+C to quit.
2026-09-12T20:59:19.1830459Z 
2026-09-12T20:59:19.1830944Z * phase-3-historical-snapshot CI · 34718443340
2026-09-12T20:59:19.1831885Z Triggered via push about 4 minutes ago
2026-09-12T20:59:19.1832198Z 
2026-09-12T20:59:19.1832319Z JOBS
2026-09-12T20:59:19.1832641Z * test (ID 103619752761)
2026-09-12T20:59:19.1833037Z   ✓ Set up job
2026-09-12T20:59:19.1833406Z   ✓ Run actions/checkout@v4
2026-09-12T20:59:19.1833842Z   ✓ Run actions/setup-python@v5
2026-09-12T20:59:19.1834266Z   ✓ Install package
2026-09-12T20:59:19.1834584Z   * Run tests
2026-09-12T20:59:19.1834871Z   * Compile
2026-09-12T20:59:19.1835172Z   * Post Run actions/setup-python@v5
2026-09-12T20:59:19.1835587Z   * Post Run actions/checkout@v4
2026-09-12T20:59:34.7365686Z Refreshing run status every 15 seconds. Press Ctrl+C to quit.
2026-09-12T20:59:34.7366287Z 
2026-09-12T20:59:34.7366821Z * phase-3-historical-snapshot CI · 34718443340
2026-09-12T20:59:34.7367619Z Triggered via push about 5 minutes ago
2026-09-12T20:59:34.7367871Z 
2026-09-12T20:59:34.7367970Z JOBS
2026-09-12T20:59:34.7368205Z * test (ID 103619752761)
2026-09-12T20:59:34.7368536Z   ✓ Set up job
2026-09-12T20:59:34.7368859Z   ✓ Run actions/checkout@v4
2026-09-12T20:59:34.7369223Z   ✓ Run actions/setup-python@v5
2026-09-12T20:59:34.7369570Z   ✓ Install package
2026-09-12T20:59:34.7369832Z   * Run tests
2026-09-12T20:59:34.7370069Z   * Compile
2026-09-12T20:59:34.7370335Z   * Post Run actions/setup-python@v5
2026-09-12T20:59:34.7370683Z   * Post Run actions/checkout@v4
2026-09-12T20:59:50.2654812Z Refreshing run status every 15 seconds. Press Ctrl+C to quit.
2026-09-12T20:59:50.2655405Z 
2026-09-12T20:59:50.2655991Z * phase-3-historical-snapshot CI · 34718443340
2026-09-12T20:59:50.2656673Z Triggered via push about 5 minutes ago
2026-09-12T20:59:50.2657462Z 
2026-09-12T20:59:50.2657578Z JOBS
2026-09-12T20:59:50.2657867Z * test (ID 103619752761)
2026-09-12T20:59:50.2658235Z   ✓ Set up job
2026-09-12T20:59:50.2658561Z   ✓ Run actions/checkout@v4
2026-09-12T20:59:50.2658977Z   ✓ Run actions/setup-python@v5
2026-09-12T20:59:50.2659363Z   ✓ Install package
2026-09-12T20:59:50.2659637Z   * Run tests
2026-09-12T20:59:50.2659908Z   * Compile
2026-09-12T20:59:50.2660184Z   * Post Run actions/setup-python@v5
2026-09-12T20:59:50.2660556Z   * Post Run actions/checkout@v4
2026-09-12T21:00:05.8277813Z Refreshing run status every 15 seconds. Press Ctrl+C to quit.
2026-09-12T21:00:05.8278348Z 
2026-09-12T21:00:05.8278753Z * phase-3-historical-snapshot CI · 34718443340
2026-09-12T21:00:05.8279340Z Triggered via push about 5 minutes ago
2026-09-12T21:00:05.8279674Z 
2026-09-12T21:00:05.8279804Z JOBS
2026-09-12T21:00:05.8280118Z * test (ID 103619752761)
2026-09-12T21:00:05.8280545Z   ✓ Set up job
2026-09-12T21:00:05.8280971Z   ✓ Run actions/checkout@v4
2026-09-12T21:00:05.8281447Z   ✓ Run actions/setup-python@v5
2026-09-12T21:00:05.8282263Z   ✓ Install package
2026-09-12T21:00:05.8282513Z   * Run tests
2026-09-12T21:00:05.8282716Z   * Compile
2026-09-12T21:00:05.8282945Z   * Post Run actions/setup-python@v5
2026-09-12T21:00:05.8283244Z   * Post Run actions/checkout@v4
2026-09-12T21:00:21.3823178Z Refreshing run status every 15 seconds. Press Ctrl+C to quit.
2026-09-12T21:00:21.3823875Z 
2026-09-12T21:00:21.3824351Z * phase-3-historical-snapshot CI · 34718443340
2026-09-12T21:00:21.3824818Z Triggered via push about 5 minutes ago
2026-09-12T21:00:21.3825074Z 
2026-09-12T21:00:21.3825182Z JOBS
2026-09-12T21:00:21.3825432Z * test (ID 103619752761)
2026-09-12T21:00:21.3825770Z   ✓ Set up job
2026-09-12T21:00:21.3826099Z   ✓ Run actions/checkout@v4
2026-09-12T21:00:21.3826484Z   ✓ Run actions/setup-python@v5
2026-09-12T21:00:21.3826870Z   ✓ Install package
2026-09-12T21:00:21.3827716Z   * Run tests
2026-09-12T21:00:21.3827977Z   * Compile
2026-09-12T21:00:21.3828263Z   * Post Run actions/setup-python@v5
2026-09-12T21:00:21.3828663Z   * Post Run actions/checkout@v4
2026-09-12T21:00:36.9198262Z Refreshing run status every 15 seconds. Press Ctrl+C to quit.
2026-09-12T21:00:36.9198763Z 
2026-09-12T21:00:36.9199189Z * phase-3-historical-snapshot CI · 34718443340
2026-09-12T21:00:36.9199562Z Triggered via push about 6 minutes ago
2026-09-12T21:00:36.9200160Z 
2026-09-12T21:00:36.9200247Z JOBS
2026-09-12T21:00:36.9200450Z * test (ID 103619752761)
2026-09-12T21:00:36.9200732Z   ✓ Set up job
2026-09-12T21:00:36.9200993Z   ✓ Run actions/checkout@v4
2026-09-12T21:00:36.9201304Z   ✓ Run actions/setup-python@v5
2026-09-12T21:00:36.9201597Z   ✓ Install package
2026-09-12T21:00:36.9201818Z   * Run tests
2026-09-12T21:00:36.9202025Z   * Compile
2026-09-12T21:00:36.9202248Z   * Post Run actions/setup-python@v5
2026-09-12T21:00:36.9202549Z   * Post Run actions/checkout@v4
2026-09-12T21:00:52.4615460Z Refreshing run status every 15 seconds. Press Ctrl+C to quit.
2026-09-12T21:00:52.4616049Z 
2026-09-12T21:00:52.4619042Z * phase-3-historical-snapshot CI · 34718443340
2026-09-12T21:00:52.4619829Z Triggered via push about 6 minutes ago
2026-09-12T21:00:52.4620291Z 
2026-09-12T21:00:52.4620431Z JOBS
2026-09-12T21:00:52.4620665Z * test (ID 103619752761)
2026-09-12T21:00:52.4621008Z   ✓ Set up job
2026-09-12T21:00:52.4621287Z   ✓ Run actions/checkout@v4
2026-09-12T21:00:52.4621621Z   ✓ Run actions/setup-python@v5
2026-09-12T21:00:52.4621920Z   ✓ Install package
2026-09-12T21:00:52.4622139Z   * Run tests
2026-09-12T21:00:52.4622344Z   * Compile
2026-09-12T21:00:52.4622571Z   * Post Run actions/setup-python@v5
2026-09-12T21:00:52.4622873Z   * Post Run actions/checkout@v4
2026-09-12T21:01:08.0067453Z Refreshing run status every 15 seconds. Press Ctrl+C to quit.
2026-09-12T21:01:08.0068047Z 
2026-09-12T21:01:08.0068505Z * phase-3-historical-snapshot CI · 34718443340
2026-09-12T21:01:08.0068879Z Triggered via push about 6 minutes ago
2026-09-12T21:01:08.0069078Z 
2026-09-12T21:01:08.0069154Z JOBS
2026-09-12T21:01:08.0069350Z * test (ID 103619752761)
2026-09-12T21:01:08.0069633Z   ✓ Set up job
2026-09-12T21:01:08.0069875Z   ✓ Run actions/checkout@v4
2026-09-12T21:01:08.0070180Z   ✓ Run actions/setup-python@v5
2026-09-12T21:01:08.0070469Z   ✓ Install package
2026-09-12T21:01:08.0070676Z   * Run tests
2026-09-12T21:01:08.0070864Z   * Compile
2026-09-12T21:01:08.0071092Z   * Post Run actions/setup-python@v5
2026-09-12T21:01:08.0071381Z   * Post Run actions/checkout@v4
2026-09-12T21:01:23.5557229Z Refreshing run status every 15 seconds. Press Ctrl+C to quit.
2026-09-12T21:01:23.5557725Z 
2026-09-12T21:01:23.5558172Z * phase-3-historical-snapshot CI · 34718443340
2026-09-12T21:01:23.5558618Z Triggered via push about 6 minutes ago
2026-09-12T21:01:23.5558861Z 
2026-09-12T21:01:23.5558960Z JOBS
2026-09-12T21:01:23.5559188Z * test (ID 103619752761)
2026-09-12T21:01:23.5559500Z   ✓ Set up job
2026-09-12T21:01:23.5559795Z   ✓ Run actions/checkout@v4
2026-09-12T21:01:23.5560152Z   ✓ Run actions/setup-python@v5
2026-09-12T21:01:23.5560494Z   ✓ Install package
2026-09-12T21:01:23.5561243Z   * Run tests
2026-09-12T21:01:23.5561473Z   * Compile
2026-09-12T21:01:23.5561726Z   * Post Run actions/setup-python@v5
2026-09-12T21:01:23.5562074Z   * Post Run actions/checkout@v4
2026-09-12T21:01:39.1204257Z Refreshing run status every 15 seconds. Press Ctrl+C to quit.
2026-09-12T21:01:39.1204796Z 
2026-09-12T21:01:39.1205246Z * phase-3-historical-snapshot CI · 34718443340
2026-09-12T21:01:39.1205640Z Triggered via push about 7 minutes ago
2026-09-12T21:01:39.1205999Z 
2026-09-12T21:01:39.1206132Z JOBS
2026-09-12T21:01:39.1206468Z * test (ID 103619752761)
2026-09-12T21:01:39.1207178Z   ✓ Set up job
2026-09-12T21:01:39.1207693Z   ✓ Run actions/checkout@v4
2026-09-12T21:01:39.1208216Z   ✓ Run actions/setup-python@v5
2026-09-12T21:01:39.1208701Z   ✓ Install package
2026-09-12T21:01:39.1208975Z   * Run tests
2026-09-12T21:01:39.1209198Z   * Compile
2026-09-12T21:01:39.1209442Z   * Post Run actions/setup-python@v5
2026-09-12T21:01:39.1209776Z   * Post Run actions/checkout@v4
2026-09-12T21:01:54.6718233Z Refreshing run status every 15 seconds. Press Ctrl+C to quit.
2026-09-12T21:01:54.6718901Z 
2026-09-12T21:01:54.6719576Z * phase-3-historical-snapshot CI · 34718443340
2026-09-12T21:01:54.6720269Z Triggered via push about 7 minutes ago
2026-09-12T21:01:54.6720665Z 
2026-09-12T21:01:54.6720829Z JOBS
2026-09-12T21:01:54.6721806Z * test (ID 103619752761)
2026-09-12T21:01:54.6722384Z   ✓ Set up job
2026-09-12T21:01:54.6722723Z   ✓ Run actions/checkout@v4
2026-09-12T21:01:54.6723101Z   ✓ Run actions/setup-python@v5
2026-09-12T21:01:54.6723461Z   ✓ Install package
2026-09-12T21:01:54.6723734Z   * Run tests
2026-09-12T21:01:54.6723989Z   * Compile
2026-09-12T21:01:54.6724262Z   * Post Run actions/setup-python@v5
2026-09-12T21:01:54.6724633Z   * Post Run actions/checkout@v4
2026-09-12T21:02:10.2469791Z ✓ phase-3-historical-snapshot CI · 34718443340
2026-09-12T21:02:10.2470856Z Triggered via push about 7 minutes ago
2026-09-12T21:02:10.2471546Z 
2026-09-12T21:02:10.2471787Z JOBS
2026-09-12T21:02:10.2472215Z ✓ test in 7m29s (ID 103619752761)
2026-09-12T21:02:10.2472586Z   ✓ Set up job
2026-09-12T21:02:10.2472867Z   ✓ Run actions/checkout@v4
2026-09-12T21:02:10.2473198Z   ✓ Run actions/setup-python@v5
2026-09-12T21:02:10.2473520Z   ✓ Install package
2026-09-12T21:02:10.2473784Z   ✓ Run tests
2026-09-12T21:02:10.2474024Z   ✓ Compile
2026-09-12T21:02:10.2474326Z   ✓ Post Run actions/setup-python@v5
2026-09-12T21:02:10.2474686Z   ✓ Post Run actions/checkout@v4
2026-09-12T21:02:10.2474997Z   ✓ Complete job
2026-09-12T21:02:10.2475136Z 
2026-09-12T21:02:10.2475233Z ANNOTATIONS
2026-09-12T21:02:10.2476473Z ! Node.js 20 is deprecated. The following actions target Node.js 20 but are being forced to run on Node.js 24: actions/checkout@v4, actions/setup-python@v5. For more information see: https://github.blog/changelog/2025-09-19-deprecation-of-node-20-on-github-actions-runners/
2026-09-12T21:02:10.2478355Z test: .github#2
2026-09-12T21:02:10.2478507Z 
2026-09-12T21:02:11.9663560Z ##[group]Run gh api --method POST repos/RoomyRems/momentumbot/git/refs -f ref=refs/tags/early-pullback-census-repaired-v0.3-consumed -f sha="$GITHUB_SHA" > census-preflight/consumed-ref.json
2026-09-12T21:02:11.9664990Z [36;1mgh api --method POST repos/RoomyRems/momentumbot/git/refs -f ref=refs/tags/early-pullback-census-repaired-v0.3-consumed -f sha="$GITHUB_SHA" > census-preflight/consumed-ref.json[0m
2026-09-12T21:02:11.9665825Z [36;1mpython scripts/run_census_capture.py prepare[0m
2026-09-12T21:02:11.9702898Z shell: /usr/bin/bash -e {0}
2026-09-12T21:02:11.9703148Z env:
2026-09-12T21:02:11.9703341Z   PYTHONPATH: src:scripts
2026-09-12T21:02:11.9703586Z   PYTHONDONTWRITEBYTECODE: 1
2026-09-12T21:02:11.9703889Z   pythonLocation: /opt/hostedtoolcache/Python/3.12.14/x64
2026-09-12T21:02:11.9704334Z   PKG_CONFIG_PATH: /opt/hostedtoolcache/Python/3.12.14/x64/lib/pkgconfig
2026-09-12T21:02:11.9704822Z   Python_ROOT_DIR: /opt/hostedtoolcache/Python/3.12.14/x64
2026-09-12T21:02:11.9705246Z   Python2_ROOT_DIR: /opt/hostedtoolcache/Python/3.12.14/x64
2026-09-12T21:02:11.9705798Z   Python3_ROOT_DIR: /opt/hostedtoolcache/Python/3.12.14/x64
2026-09-12T21:02:11.9706183Z   LD_LIBRARY_PATH: /opt/hostedtoolcache/Python/3.12.14/x64/lib
2026-09-12T21:02:11.9709213Z   GH_TOKEN: ***
2026-09-12T21:02:11.9709422Z ##[endgroup]
2026-09-12T21:02:13.9544029Z Node 20 is being deprecated. This workflow is running with Node 24 by default. If you need to temporarily use Node 20, you can set the ACTIONS_ALLOW_USE_UNSECURE_NODE_VERSION=true environment variable. For more information see: https://github.blog/changelog/2025-09-19-deprecation-of-node-20-on-github-actions-runners/
2026-09-12T21:02:13.9545431Z ##[group]Run actions/upload-artifact@ea165f8d65b6e75b540449e92b4886f43607fa02
2026-09-12T21:02:13.9545815Z with:
2026-09-12T21:02:13.9546132Z   name: early-pullback-census-repaired-v0.3-consumption-34718443422-1
2026-09-12T21:02:13.9546530Z   path: census-preflight
2026-09-12T21:02:13.9546765Z   if-no-files-found: error
2026-09-12T21:02:13.9547320Z   retention-days: 90
2026-09-12T21:02:13.9547567Z   compression-level: 6
2026-09-12T21:02:13.9547786Z   overwrite: false
2026-09-12T21:02:13.9547994Z   include-hidden-files: false
2026-09-12T21:02:13.9548220Z env:
2026-09-12T21:02:13.9548404Z   PYTHONPATH: src:scripts
2026-09-12T21:02:13.9548672Z   PYTHONDONTWRITEBYTECODE: 1
2026-09-12T21:02:13.9548972Z   pythonLocation: /opt/hostedtoolcache/Python/3.12.14/x64
2026-09-12T21:02:13.9549395Z   PKG_CONFIG_PATH: /opt/hostedtoolcache/Python/3.12.14/x64/lib/pkgconfig
2026-09-12T21:02:13.9549807Z   Python_ROOT_DIR: /opt/hostedtoolcache/Python/3.12.14/x64
2026-09-12T21:02:13.9550182Z   Python2_ROOT_DIR: /opt/hostedtoolcache/Python/3.12.14/x64
2026-09-12T21:02:13.9550557Z   Python3_ROOT_DIR: /opt/hostedtoolcache/Python/3.12.14/x64
2026-09-12T21:02:13.9550935Z   LD_LIBRARY_PATH: /opt/hostedtoolcache/Python/3.12.14/x64/lib
2026-09-12T21:02:13.9551263Z ##[endgroup]
2026-09-12T21:02:14.1191450Z (node:2561) [DEP0040] DeprecationWarning: The `punycode` module is deprecated. Please use a userland alternative instead.
2026-09-12T21:02:14.1192692Z (Use `node --trace-deprecation ...` to show where the warning was created)
2026-09-12T21:02:14.1253708Z With the provided path, there will be 6 files uploaded
2026-09-12T21:02:14.1260412Z Artifact name is valid!
2026-09-12T21:02:14.1261474Z Root directory input is valid!
2026-09-12T21:02:14.3932864Z Beginning upload of artifact content to blob storage
2026-09-12T21:02:14.4213184Z (node:2561) [DEP0169] DeprecationWarning: `url.parse()` behavior is not standardized and prone to errors that have security implications. Use the WHATWG URL API instead. CVEs are not issued for `url.parse()` vulnerabilities.
2026-09-12T21:02:14.5682813Z Uploaded bytes 6320
2026-09-12T21:02:14.6133430Z Finished uploading artifact content to blob storage!
2026-09-12T21:02:14.6134540Z SHA256 digest of uploaded artifact zip is 08b3e8b0138ee7672b8985ffd0c0addb3248fe17cf2ec3e1a13785c491afda38
2026-09-12T21:02:14.6135648Z Finalizing artifact upload
2026-09-12T21:02:14.8345674Z Artifact early-pullback-census-repaired-v0.3-consumption-34718443422-1.zip successfully finalized. Artifact ID 10305017350
2026-09-12T21:02:14.8348340Z Artifact early-pullback-census-repaired-v0.3-consumption-34718443422-1 has been successfully uploaded! Final size is 6320 bytes. Artifact ID is 10305017350
2026-09-12T21:02:14.8355561Z Artifact download URL: https://github.com/RoomyRems/momentumbot/actions/runs/34718443422/artifacts/10305017350
2026-09-12T21:02:14.8538615Z Node 20 is being deprecated. This workflow is running with Node 24 by default. If you need to temporarily use Node 20, you can set the ACTIONS_ALLOW_USE_UNSECURE_NODE_VERSION=true environment variable. For more information see: https://github.blog/changelog/2025-09-19-deprecation-of-node-20-on-github-actions-runners/
2026-09-12T21:02:14.8539889Z Post job cleanup.
2026-09-12T21:02:14.9792428Z (node:2573) [DEP0040] DeprecationWarning: The `punycode` module is deprecated. Please use a userland alternative instead.
2026-09-12T21:02:14.9793287Z (Use `node --trace-deprecation ...` to show where the warning was created)
2026-09-12T21:02:14.9920623Z Node 20 is being deprecated. This workflow is running with Node 24 by default. If you need to temporarily use Node 20, you can set the ACTIONS_ALLOW_USE_UNSECURE_NODE_VERSION=true environment variable. For more information see: https://github.blog/changelog/2025-09-19-deprecation-of-node-20-on-github-actions-runners/
2026-09-12T21:02:14.9921896Z Post job cleanup.
2026-09-12T21:02:15.0815922Z [command]/usr/bin/git version
2026-09-12T21:02:15.0858356Z git version 2.55.0
2026-09-12T21:02:15.0896324Z Temporarily overriding HOME='/home/runner/work/_temp/d51313fa-8add-4872-940c-6af0e1e4321a' before making global git config changes
2026-09-12T21:02:15.0898083Z Adding repository directory to the temporary git global config as a safe directory
2026-09-12T21:02:15.0902034Z [command]/usr/bin/git config --global --add safe.directory /home/runner/work/momentumbot/momentumbot
2026-09-12T21:02:15.0941591Z [command]/usr/bin/git config --local --name-only --get-regexp core\.sshCommand
2026-09-12T21:02:15.0976642Z [command]/usr/bin/git submodule foreach --recursive sh -c "git config --local --name-only --get-regexp 'core\.sshCommand' && git config --local --unset-all 'core.sshCommand' || :"
2026-09-12T21:02:15.1226595Z [command]/usr/bin/git config --local --name-only --get-regexp http\.https\:\/\/github\.com\/\.extraheader
2026-09-12T21:02:15.1261605Z [command]/usr/bin/git submodule foreach --recursive sh -c "git config --local --name-only --get-regexp 'http\.https\:\/\/github\.com\/\.extraheader' && git config --local --unset-all 'http.https://github.com/.extraheader' || :"
2026-09-12T21:02:15.1715905Z Evaluate and set job outputs
2026-09-12T21:02:15.1724167Z Set output 'artifact_id'
2026-09-12T21:02:15.1727520Z Set output 'inventory_sha256'
2026-09-12T21:02:15.1729275Z Cleaning up orphan processes
2026-09-12T21:02:15.2057721Z ##[warning]Node.js 20 is deprecated. The following actions target Node.js 20 but are being forced to run on Node.js 24: actions/checkout@11bd71901bbe5b1630ceea73d27597364c9af683, actions/setup-python@42375524e23c412d93fb67b49958b491fce71c38, actions/upload-artifact@ea165f8d65b6e75b540449e92b4886f43607fa02. For more information see: https://github.blog/changelog/2025-09-19-deprecation-of-node-20-on-github-actions-runners/
