test_changed_raw_member_is_detected_under_new_outer_pin (tests.test_census_capture.CensusCaptureTests.test_changed_raw_member_is_detected_under_new_outer_pin) ... ok
test_complete_mixed_case_capture_and_raw_archive_replay (tests.test_census_capture.CensusCaptureTests.test_complete_mixed_case_capture_and_raw_archive_replay) ... ok
test_cross_page_order_failure_keeps_body_projection_and_receipt (tests.test_census_capture.CensusCaptureTests.test_cross_page_order_failure_keeps_body_projection_and_receipt) ... ok
test_exact_601_request_capture_and_archive_bound (tests.test_census_capture.CensusCaptureTests.test_exact_601_request_capture_and_archive_bound) ... ok
test_extra_missing_unsafe_members_and_false_terminal_report_fail (tests.test_census_capture.CensusCaptureTests.test_extra_missing_unsafe_members_and_false_terminal_report_fail) ... ok
test_failed_pacing_does_not_start_second_request (tests.test_census_capture.CensusCaptureTests.test_failed_pacing_does_not_start_second_request) ... ok
test_http_incomplete_encoding_and_size_errors_stop_once (tests.test_census_capture.CensusCaptureTests.test_http_incomplete_encoding_and_size_errors_stop_once) ... ok
test_intent_is_durable_before_transport_and_no_secret_is_retained (tests.test_census_capture.CensusCaptureTests.test_intent_is_durable_before_transport_and_no_secret_is_retained) ... ok
test_interruption_preserves_intent_and_failure_inventory (tests.test_census_capture.CensusCaptureTests.test_interruption_preserves_intent_and_failure_inventory) ... ok
test_no_restart_or_output_reuse (tests.test_census_capture.CensusCaptureTests.test_no_restart_or_output_reuse) ... ok
test_non_json_provider_error_retains_hash_only (tests.test_census_capture.CensusCaptureTests.test_non_json_provider_error_retains_hash_only) ... ok
test_original_quarantined_provider_page_survives_capture_and_replay (tests.test_census_capture.CensusCaptureTests.test_original_quarantined_provider_page_survives_capture_and_replay) ... ok
test_partial_archive_cannot_claim_completion (tests.test_census_capture.CensusCaptureTests.test_partial_archive_cannot_claim_completion) ... ok
test_payload_limit_preserves_failed_receipt_without_extra_call (tests.test_census_capture.CensusCaptureTests.test_payload_limit_preserves_failed_receipt_without_extra_call) ... ok
test_raw_order_witness_tamper_fails_even_if_resealed (tests.test_census_capture.CensusCaptureTests.test_raw_order_witness_tamper_fails_even_if_resealed) ... ok
test_required_page_21_is_failed_not_truncated_success (tests.test_census_capture.CensusCaptureTests.test_required_page_21_is_failed_not_truncated_success) ... ok
test_safe_rejected_page_retained_with_fixed_reason_and_no_retry (tests.test_census_capture.CensusCaptureTests.test_safe_rejected_page_retained_with_fixed_reason_and_no_retry) ... ok
test_transport_exception_never_discloses_text_or_retries (tests.test_census_capture.CensusCaptureTests.test_transport_exception_never_discloses_text_or_retries) ... ok
test_unicode_and_duplicate_key_credential_echo_is_not_saved (tests.test_census_capture.CensusCaptureTests.test_unicode_and_duplicate_key_credential_echo_is_not_saved) ... ok
test_wrong_outer_inventory_or_contract_pin_fails (tests.test_census_capture.CensusCaptureTests.test_wrong_outer_inventory_or_contract_pin_fails) ... ok
test_authorization_is_time_bounded (tests.test_census_capture_hosted.HostedCensusTests.test_authorization_is_time_bounded) ... ok
test_bad_inventory_output_pin_cannot_pass_hosted_verification (tests.test_census_capture_hosted.HostedCensusTests.test_bad_inventory_output_pin_cannot_pass_hosted_verification) ... ok
test_changed_preflight_fails_before_key_or_transport (tests.test_census_capture_hosted.HostedCensusTests.test_changed_preflight_fails_before_key_or_transport) ... ok
test_ci_wrong_code_failed_or_skipped_test_prevents_preparation (tests.test_census_capture_hosted.HostedCensusTests.test_ci_wrong_code_failed_or_skipped_test_prevents_preparation) ... ok
test_existing_output_or_launch_blocks_second_credential_read (tests.test_census_capture_hosted.HostedCensusTests.test_existing_output_or_launch_blocks_second_credential_read) ... ok
test_failed_skipped_or_wrong_capture_job_cannot_pass (tests.test_census_capture_hosted.HostedCensusTests.test_failed_skipped_or_wrong_capture_job_cannot_pass) ... ok
test_missing_extra_preflight_and_reuse_fail (tests.test_census_capture_hosted.HostedCensusTests.test_missing_extra_preflight_and_reuse_fail) ... ok
test_missing_key_preserves_launch_failure_and_zero_provider_calls (tests.test_census_capture_hosted.HostedCensusTests.test_missing_key_preserves_launch_failure_and_zero_provider_calls) ... ok
test_offline_cli_validates_without_credential_discovery (tests.test_census_capture_hosted.HostedCensusTests.test_offline_cli_validates_without_credential_discovery) ... ok
test_parent_dirty_merge_or_missing_new_contract_fails (tests.test_census_capture_hosted.HostedCensusTests.test_parent_dirty_merge_or_missing_new_contract_fails) ... ok
test_registration_fixes_scope_and_preserves_uncertain_entitlement (tests.test_census_capture_hosted.HostedCensusTests.test_registration_fixes_scope_and_preserves_uncertain_entitlement) ... ok
test_successful_credential_gated_capture_and_independent_hosted_replay (tests.test_census_capture_hosted.HostedCensusTests.test_successful_credential_gated_capture_and_independent_hosted_replay) ... ok
test_workflow_ci_precedes_consumption_and_verifier_uses_original_zips (tests.test_census_capture_hosted.HostedCensusTests.test_workflow_ci_precedes_consumption_and_verifier_uses_original_zips) ... ok
test_workflow_only_capture_step_has_provider_key (tests.test_census_capture_hosted.HostedCensusTests.test_workflow_only_capture_step_has_provider_key) ... ok
test_wrong_artifact_code_run_role_id_or_digest_cannot_pass (tests.test_census_capture_hosted.HostedCensusTests.test_wrong_artifact_code_run_role_id_or_digest_cannot_pass) ... ok
test_wrong_head_branch_event_attempt_or_workflow_fails (tests.test_census_capture_hosted.HostedCensusTests.test_wrong_head_branch_event_attempt_or_workflow_fails) ... ok
test_wrong_ref_or_artifact_fails_before_key (tests.test_census_capture_hosted.HostedCensusTests.test_wrong_ref_or_artifact_fails_before_key) ... ok
test_actual_page_replays_with_original_hash_and_cursor (tests.test_census_order_repair.CensusOrderRepairTests.test_actual_page_replays_with_original_hash_and_cursor) ... ok
test_archive_symlink_is_rejected (tests.test_census_order_repair.CensusOrderRepairTests.test_archive_symlink_is_rejected) ... ok
test_changed_archive_pin_is_rejected (tests.test_census_order_repair.CensusOrderRepairTests.test_changed_archive_pin_is_rejected) ... ok
test_cross_page_uses_raw_last_not_canonical_maximum (tests.test_census_order_repair.CensusOrderRepairTests.test_cross_page_uses_raw_last_not_canonical_maximum) ... ok
test_cursor_host_query_credentials_and_duplicates_still_rejected (tests.test_census_order_repair.CensusOrderRepairTests.test_cursor_host_query_credentials_and_duplicates_still_rejected) ... ok
test_distinct_identities_and_missing_metadata_are_not_dropped (tests.test_census_order_repair.CensusOrderRepairTests.test_distinct_identities_and_missing_metadata_are_not_dropped) ... ok
test_duplicate_canonical_identity_within_and_across_pages_rejected (tests.test_census_order_repair.CensusOrderRepairTests.test_duplicate_canonical_identity_within_and_across_pages_rejected) ... ok
test_duplicate_keys_nonfinite_json_and_nonobject_root_still_rejected (tests.test_census_order_repair.CensusOrderRepairTests.test_duplicate_keys_nonfinite_json_and_nonobject_root_still_rejected) ... ok
test_empty_intermediate_preserves_order_boundary (tests.test_census_order_repair.CensusOrderRepairTests.test_empty_intermediate_preserves_order_boundary) ... ok
test_empty_terminal_after_members_is_valid_but_empty_census_is_not (tests.test_census_order_repair.CensusOrderRepairTests.test_empty_terminal_after_members_is_valid_but_empty_census_is_not) ... ok
test_frozen_registration_has_no_capture_or_runtime_authority (tests.test_census_order_repair.CensusOrderRepairTests.test_frozen_registration_has_no_capture_or_runtime_authority) ... ok
test_missing_forged_or_inconsistent_order_witness_rejected (tests.test_census_order_repair.CensusOrderRepairTests.test_missing_forged_or_inconsistent_order_witness_rejected) ... ok
test_native_order_is_validated_before_any_sorting (tests.test_census_order_repair.CensusOrderRepairTests.test_native_order_is_validated_before_any_sorting) ... ok
test_no_network_is_needed_for_evidence_and_projection (tests.test_census_order_repair.CensusOrderRepairTests.test_no_network_is_needed_for_evidence_and_projection) ... ok
test_original_artifact_chain_and_rejected_body_reproduce (tests.test_census_order_repair.CensusOrderRepairTests.test_original_artifact_chain_and_rejected_body_reproduce) ... ok
test_projection_preserves_raw_case_and_canonical_identity (tests.test_census_order_repair.CensusOrderRepairTests.test_projection_preserves_raw_case_and_canonical_identity) ... ok
test_provider_free_cli_reverifies_saved_originals (tests.test_census_order_repair.CensusOrderRepairTests.test_provider_free_cli_reverifies_saved_originals) ... ok
test_real_cross_page_regression_rejected_before_all_mutation (tests.test_census_order_repair.CensusOrderRepairTests.test_real_cross_page_regression_rejected_before_all_mutation) ... ok
test_repeated_cursor_and_page_21_do_not_mutate_state (tests.test_census_order_repair.CensusOrderRepairTests.test_repeated_cursor_and_page_21_do_not_mutate_state) ... ok
test_request_mutation_still_fails (tests.test_census_order_repair.CensusOrderRepairTests.test_request_mutation_still_fails) ... ok
test_row_and_response_size_limits_still_apply (tests.test_census_order_repair.CensusOrderRepairTests.test_row_and_response_size_limits_still_apply) ... ok
test_schema_filter_count_and_metadata_checks_are_not_bypassed (tests.test_census_order_repair.CensusOrderRepairTests.test_schema_filter_count_and_metadata_checks_are_not_bypassed) ... ok
test_synthetic_complete_30_date_mixed_case_protocol (tests.test_census_order_repair.CensusOrderRepairTests.test_synthetic_complete_30_date_mixed_case_protocol) ... ok
test_synthetic_exact_601_attempt_maximum (tests.test_census_order_repair.CensusOrderRepairTests.test_synthetic_exact_601_attempt_maximum) ... ok
test_ticker_is_required_string_not_coerced (tests.test_census_order_repair.CensusOrderRepairTests.test_ticker_is_required_string_not_coerced) ... ok
test_unchanged_type_dictionary_and_uppercase_projections (tests.test_census_order_repair.CensusOrderRepairTests.test_unchanged_type_dictionary_and_uppercase_projections) ... ok
test_uppercase_cannot_hide_a_real_within_page_regression (tests.test_census_order_repair.CensusOrderRepairTests.test_uppercase_cannot_hide_a_real_within_page_regression) ... ok
test_valid_mixed_case_across_pages (tests.test_census_order_repair.CensusOrderRepairTests.test_valid_mixed_case_across_pages) ... ok
test_wrong_request_sequence_or_body_hash_rejected (tests.test_census_order_repair.CensusOrderRepairTests.test_wrong_request_sequence_or_body_hash_rejected) ... ok

----------------------------------------------------------------------
Ran 66 tests in 6.655s

OK
