test_actual_page_replays_with_original_hash_and_cursor (tests.test_census_order_repair.CensusOrderRepairTests.test_actual_page_replays_with_original_hash_and_cursor) ... ok
test_archive_symlink_is_rejected (tests.test_census_order_repair.CensusOrderRepairTests.test_archive_symlink_is_rejected) ... ok
test_changed_archive_pin_is_rejected (tests.test_census_order_repair.CensusOrderRepairTests.test_changed_archive_pin_is_rejected) ... ok
test_cross_page_uses_raw_last_not_canonical_maximum (tests.test_census_order_repair.CensusOrderRepairTests.test_cross_page_uses_raw_last_not_canonical_maximum) ... ok
test_cursor_host_query_credentials_and_duplicates_still_rejected (tests.test_census_order_repair.CensusOrderRepairTests.test_cursor_host_query_credentials_and_duplicates_still_rejected) ... ok
test_distinct_identities_and_missing_metadata_are_not_dropped (tests.test_census_order_repair.CensusOrderRepairTests.test_distinct_identities_and_missing_metadata_are_not_dropped) ... ok
test_duplicate_canonical_identity_within_and_across_pages_rejected (tests.test_census_order_repair.CensusOrderRepairTests.test_duplicate_canonical_identity_within_and_across_pages_rejected) ... ok
test_duplicate_keys_nonfinite_json_and_nonobject_root_still_rejected (tests.test_census_order_repair.CensusOrderRepairTests.test_duplicate_keys_nonfinite_json_and_nonobject_root_still_rejected) ... ok
test_empty_intermediate_preserves_order_boundary (tests.test_census_order_repair.CensusOrderRepairTests.test_empty_intermediate_preserves_order_boundary) ... ok
test_empty_terminal_after_members_is_valid_but_empty_census_is_not (tests.test_census_order_repair.CensusOrderRepairTests.test_empty_terminal_after_members_is_valid_but_empty_census_is_not) ... ok
test_frozen_registration_has_no_capture_or_runtime_authority (tests.test_census_order_repair.CensusOrderRepairTests.test_frozen_registration_has_no_capture_or_runtime_authority) ... ok
test_missing_forged_or_inconsistent_order_witness_rejected (tests.test_census_order_repair.CensusOrderRepairTests.test_missing_forged_or_inconsistent_order_witness_rejected) ... ok
test_native_order_is_validated_before_any_sorting (tests.test_census_order_repair.CensusOrderRepairTests.test_native_order_is_validated_before_any_sorting) ... ok
test_no_network_is_needed_for_evidence_and_projection (tests.test_census_order_repair.CensusOrderRepairTests.test_no_network_is_needed_for_evidence_and_projection) ... ok
test_original_artifact_chain_and_rejected_body_reproduce (tests.test_census_order_repair.CensusOrderRepairTests.test_original_artifact_chain_and_rejected_body_reproduce) ... ok
test_projection_preserves_raw_case_and_canonical_identity (tests.test_census_order_repair.CensusOrderRepairTests.test_projection_preserves_raw_case_and_canonical_identity) ... ok
test_provider_free_cli_reverifies_saved_originals (tests.test_census_order_repair.CensusOrderRepairTests.test_provider_free_cli_reverifies_saved_originals) ... ok
test_real_cross_page_regression_rejected_before_all_mutation (tests.test_census_order_repair.CensusOrderRepairTests.test_real_cross_page_regression_rejected_before_all_mutation) ... ok
test_repeated_cursor_and_page_21_do_not_mutate_state (tests.test_census_order_repair.CensusOrderRepairTests.test_repeated_cursor_and_page_21_do_not_mutate_state) ... ok
test_request_mutation_still_fails (tests.test_census_order_repair.CensusOrderRepairTests.test_request_mutation_still_fails) ... ok
test_row_and_response_size_limits_still_apply (tests.test_census_order_repair.CensusOrderRepairTests.test_row_and_response_size_limits_still_apply) ... ok
test_schema_filter_count_and_metadata_checks_are_not_bypassed (tests.test_census_order_repair.CensusOrderRepairTests.test_schema_filter_count_and_metadata_checks_are_not_bypassed) ... ok
test_synthetic_complete_30_date_mixed_case_protocol (tests.test_census_order_repair.CensusOrderRepairTests.test_synthetic_complete_30_date_mixed_case_protocol) ... ok
test_synthetic_exact_601_attempt_maximum (tests.test_census_order_repair.CensusOrderRepairTests.test_synthetic_exact_601_attempt_maximum) ... ok
test_ticker_is_required_string_not_coerced (tests.test_census_order_repair.CensusOrderRepairTests.test_ticker_is_required_string_not_coerced) ... ok
test_unchanged_type_dictionary_and_uppercase_projections (tests.test_census_order_repair.CensusOrderRepairTests.test_unchanged_type_dictionary_and_uppercase_projections) ... ok
test_uppercase_cannot_hide_a_real_within_page_regression (tests.test_census_order_repair.CensusOrderRepairTests.test_uppercase_cannot_hide_a_real_within_page_regression) ... ok
test_valid_mixed_case_across_pages (tests.test_census_order_repair.CensusOrderRepairTests.test_valid_mixed_case_across_pages) ... ok
test_wrong_request_sequence_or_body_hash_rejected (tests.test_census_order_repair.CensusOrderRepairTests.test_wrong_request_sequence_or_body_hash_rejected) ... ok
test_bad_preflight_never_reads_key (tests.test_census_payload_diagnostic.PayloadDiagnosticTests.test_bad_preflight_never_reads_key) ... ok
test_bad_ref_artifact_or_runtime_never_passes (tests.test_census_payload_diagnostic.PayloadDiagnosticTests.test_bad_ref_artifact_or_runtime_never_passes) ... ok
test_ci_must_match_code_and_succeed_in_every_step (tests.test_census_payload_diagnostic.PayloadDiagnosticTests.test_ci_must_match_code_and_succeed_in_every_step) ... ok
test_dirty_merge_wrong_parent_or_missing_authorization_rejected (tests.test_census_payload_diagnostic.PayloadDiagnosticTests.test_dirty_merge_wrong_parent_or_missing_authorization_rejected) ... ok
test_duplicate_key_body_is_safely_inspectable_but_legacy_rejected (tests.test_census_payload_diagnostic.PayloadDiagnosticTests.test_duplicate_key_body_is_safely_inspectable_but_legacy_rejected) ... ok
test_duplicate_key_overwrite_cannot_hide_escaped_credential (tests.test_census_payload_diagnostic.PayloadDiagnosticTests.test_duplicate_key_overwrite_cannot_hide_escaped_credential) ... ok
test_exact_frozen_parent_request_and_no_runtime_authority (tests.test_census_payload_diagnostic.PayloadDiagnosticTests.test_exact_frozen_parent_request_and_no_runtime_authority) ... ok
test_exact_same_commit_launch_allows_batched_code_commit (tests.test_census_payload_diagnostic.PayloadDiagnosticTests.test_exact_same_commit_launch_allows_batched_code_commit) ... ok
test_expired_and_future_authorization_rejected (tests.test_census_payload_diagnostic.PayloadDiagnosticTests.test_expired_and_future_authorization_rejected) ... ok
test_incomplete_oversize_or_encoded_body_not_retained (tests.test_census_payload_diagnostic.PayloadDiagnosticTests.test_incomplete_oversize_or_encoded_body_not_retained) ... ok
test_missing_credential_records_zero_attempts (tests.test_census_payload_diagnostic.PayloadDiagnosticTests.test_missing_credential_records_zero_attempts) ... ok
test_output_reuse_blocks_second_key_read (tests.test_census_payload_diagnostic.PayloadDiagnosticTests.test_output_reuse_blocks_second_key_read) ... ok
test_preflight_roundtrip_and_immutability (tests.test_census_payload_diagnostic.PayloadDiagnosticTests.test_preflight_roundtrip_and_immutability) ... ok
test_provider_denial_does_not_retry (tests.test_census_payload_diagnostic.PayloadDiagnosticTests.test_provider_denial_does_not_retry) ... ok
test_raw_percent_encoded_and_unicode_escaped_secrets_are_not_retained (tests.test_census_payload_diagnostic.PayloadDiagnosticTests.test_raw_percent_encoded_and_unicode_escaped_secrets_are_not_retained) ... ok
test_rejected_order_body_is_retained_and_identified (tests.test_census_payload_diagnostic.PayloadDiagnosticTests.test_rejected_order_body_is_retained_and_identified) ... ok
test_rerun_dispatch_wrong_sha_branch_workflow_or_repo_rejected (tests.test_census_payload_diagnostic.PayloadDiagnosticTests.test_rerun_dispatch_wrong_sha_branch_workflow_or_repo_rejected) ... ok
test_secret_echo_capture_keeps_only_hash (tests.test_census_payload_diagnostic.PayloadDiagnosticTests.test_secret_echo_capture_keeps_only_hash) ... ok
test_symlink_or_extra_preflight_rejected (tests.test_census_payload_diagnostic.PayloadDiagnosticTests.test_symlink_or_extra_preflight_rejected) ... ok
test_transport_exception_does_not_retry_or_leak (tests.test_census_payload_diagnostic.PayloadDiagnosticTests.test_transport_exception_does_not_retry_or_leak) ... ok
test_unexpected_exception_text_is_never_disclosed (tests.test_census_payload_diagnostic.PayloadDiagnosticTests.test_unexpected_exception_text_is_never_disclosed) ... ok
test_uninspectable_json_not_retained (tests.test_census_payload_diagnostic.PayloadDiagnosticTests.test_uninspectable_json_not_retained) ... ok
test_unknown_field_bad_filter_and_bad_cursor_keep_specific_reason (tests.test_census_payload_diagnostic.PayloadDiagnosticTests.test_unknown_field_bad_filter_and_bad_cursor_keep_specific_reason) ... ok
test_valid_page_retained_once_without_pagination (tests.test_census_payload_diagnostic.PayloadDiagnosticTests.test_valid_page_retained_once_without_pagination) ... ok
test_workflow_waits_same_commit_ci_then_consumes_before_secrets (tests.test_census_payload_diagnostic.PayloadDiagnosticTests.test_workflow_waits_same_commit_ci_then_consumes_before_secrets) ... ok
test_archive_inner_hash_detects_changed_raw_bytes (tests.test_early_pullback_census_v01.CensusTests.test_archive_inner_hash_detects_changed_raw_bytes) ... ok
test_archive_missing_extra_and_partial_evidence_cannot_pass (tests.test_early_pullback_census_v01.CensusTests.test_archive_missing_extra_and_partial_evidence_cannot_pass) ... ok
test_archive_outer_and_inventory_pins_are_required (tests.test_early_pullback_census_v01.CensusTests.test_archive_outer_and_inventory_pins_are_required) ... ok
test_archive_unsafe_duplicate_and_special_members_rejected (tests.test_early_pullback_census_v01.CensusTests.test_archive_unsafe_duplicate_and_special_members_rejected) ... ok
test_bad_http_encoding_incomplete_and_oversize_stop_without_retry (tests.test_early_pullback_census_v01.CensusTests.test_bad_http_encoding_incomplete_and_oversize_stop_without_retry) ... ok
test_cli_offline_validation_and_no_capture_mode (tests.test_early_pullback_census_v01.CensusTests.test_cli_offline_validation_and_no_capture_mode) ... ok
test_complete_31_request_capture_and_independent_byte_replay (tests.test_early_pullback_census_v01.CensusTests.test_complete_31_request_capture_and_independent_byte_replay) ... ok
test_current_type_dictionary_rejects_empty_duplicate_or_paginated (tests.test_early_pullback_census_v01.CensusTests.test_current_type_dictionary_rejects_empty_duplicate_or_paginated) ... ok
test_duplicate_membership_within_or_across_pages_rejected (tests.test_early_pullback_census_v01.CensusTests.test_duplicate_membership_within_or_across_pages_rejected) ... ok
test_empty_complete_census_is_failure_not_zero_opportunities (tests.test_early_pullback_census_v01.CensusTests.test_empty_complete_census_is_failure_not_zero_opportunities) ... ok
test_empty_intermediate_or_terminal_after_members_can_complete (tests.test_early_pullback_census_v01.CensusTests.test_empty_intermediate_or_terminal_after_members_can_complete) ... ok
test_frozen_parent_and_registration (tests.test_early_pullback_census_v01.CensusTests.test_frozen_parent_and_registration) ... ok
test_independently_pinned_contract_must_match (tests.test_early_pullback_census_v01.CensusTests.test_independently_pinned_contract_must_match) ... ok
test_intent_persisted_before_transport_and_no_credential_files (tests.test_early_pullback_census_v01.CensusTests.test_intent_persisted_before_transport_and_no_credential_files) ... ok
test_interruption_preserves_pending_intent_and_failure_inventory (tests.test_early_pullback_census_v01.CensusTests.test_interruption_preserves_pending_intent_and_failure_inventory) ... ok
test_literal_encoded_and_json_escaped_credential_echo_never_retained (tests.test_early_pullback_census_v01.CensusTests.test_literal_encoded_and_json_escaped_credential_echo_never_retained) ... ok
test_no_early_request_when_sleeper_fails_to_advance_clock (tests.test_early_pullback_census_v01.CensusTests.test_no_early_request_when_sleeper_fails_to_advance_clock) ... ok
test_no_restart_output_reuse_or_implicit_transport (tests.test_early_pullback_census_v01.CensusTests.test_no_restart_output_reuse_or_implicit_transport) ... ok
test_output_symlink_and_metadata_overflow_rejected (tests.test_early_pullback_census_v01.CensusTests.test_output_symlink_and_metadata_overflow_rejected) ... ok
test_page_and_cross_page_order_regression_rejected (tests.test_early_pullback_census_v01.CensusTests.test_page_and_cross_page_order_regression_rejected) ... ok
test_payload_limit_stops_and_retains_failure_metadata (tests.test_early_pullback_census_v01.CensusTests.test_payload_limit_stops_and_retains_failure_metadata) ... ok
test_request_mutations_fail_before_transport (tests.test_early_pullback_census_v01.CensusTests.test_request_mutations_fail_before_transport) ... ok
test_required_page_21_fails_without_next_request (tests.test_early_pullback_census_v01.CensusTests.test_required_page_21_fails_without_next_request) ... ok
test_resealed_normalization_report_and_pacing_forgery_rejected (tests.test_early_pullback_census_v01.CensusTests.test_resealed_normalization_report_and_pacing_forgery_rejected) ... ok
test_schema_rejects_labels_coercion_nonfinite_and_duplicate_json (tests.test_early_pullback_census_v01.CensusTests.test_schema_rejects_labels_coercion_nonfinite_and_duplicate_json) ... ok
test_ticker_collisions_missing_identity_and_unknown_types_retained (tests.test_early_pullback_census_v01.CensusTests.test_ticker_collisions_missing_identity_and_unknown_types_retained) ... ok
test_transport_exception_sanitized_and_not_retried (tests.test_early_pullback_census_v01.CensusTests.test_transport_exception_sanitized_and_not_retried) ... ok
test_twentieth_terminal_page_and_601_attempt_ceiling (tests.test_early_pullback_census_v01.CensusTests.test_twentieth_terminal_page_and_601_attempt_ceiling) ... ok
test_two_pages_all_dates_are_exhausted (tests.test_early_pullback_census_v01.CensusTests.test_two_pages_all_dates_are_exhausted) ... ok
test_unicode_escaped_credential_in_unprojected_metadata_not_retained (tests.test_early_pullback_census_v01.CensusTests.test_unicode_escaped_credential_in_unprojected_metadata_not_retained) ... ok
test_content_length_mismatch_marks_incomplete (tests.test_early_pullback_census_v01.HTTPTests.test_content_length_mismatch_marks_incomplete) ... ok
test_fixed_host_exact_get_identity_encoding_and_close (tests.test_early_pullback_census_v01.HTTPTests.test_fixed_host_exact_get_identity_encoding_and_close) ... ok
test_invalid_request_never_constructs_connection (tests.test_early_pullback_census_v01.HTTPTests.test_invalid_request_never_constructs_connection) ... ok
test_read_error_preserves_partial_failure_and_closes (tests.test_early_pullback_census_v01.HTTPTests.test_read_error_preserves_partial_failure_and_closes) ... ok
test_redirect_is_returned_without_following (tests.test_early_pullback_census_v01.HTTPTests.test_redirect_is_returned_without_following) ... ok
test_transport_stops_at_oversize_sentinel (tests.test_early_pullback_census_v01.HTTPTests.test_transport_stops_at_oversize_sentinel) ... ok

----------------------------------------------------------------------
Ran 90 tests in 4.480s

OK
