test_cik_uniqueness_recomputed_after_coverage (tests.test_census_scanner_bridge.CoverageTests.test_cik_uniqueness_recomputed_after_coverage) ... ok
test_complete_exact_coverage_population (tests.test_census_scanner_bridge.CoverageTests.test_complete_exact_coverage_population) ... ok
test_coverage_observations_cannot_coerce_or_contradict (tests.test_census_scanner_bridge.CoverageTests.test_coverage_observations_cannot_coerce_or_contradict) ... ok
test_coverage_projection_tamper_rejected (tests.test_census_scanner_bridge.CoverageTests.test_coverage_projection_tamper_rejected) ... ok
test_coverage_requires_dated_envelope (tests.test_census_scanner_bridge.CoverageTests.test_coverage_requires_dated_envelope) ... ok
test_exact_existing_membership_projection (tests.test_census_scanner_bridge.CoverageTests.test_exact_existing_membership_projection) ... ok
test_metadata_exclusions_cannot_be_resurrected_by_coverage (tests.test_census_scanner_bridge.CoverageTests.test_metadata_exclusions_cannot_be_resurrected_by_coverage) ... ok
test_missing_and_false_are_different (tests.test_census_scanner_bridge.CoverageTests.test_missing_and_false_are_different) ... ok
test_raw_split_disagreement_retained (tests.test_census_scanner_bridge.CoverageTests.test_raw_split_disagreement_retained) ... ok
test_wrong_coverage_date_or_reference_cannot_be_resealed (tests.test_census_scanner_bridge.CoverageTests.test_wrong_coverage_date_or_reference_cannot_be_resealed) ... ok
test_dst_uses_inherited_utc_window_not_new_semantics (tests.test_census_scanner_bridge.PlanAndPinsTests.test_dst_uses_inherited_utc_window_not_new_semantics) ... ok
test_frozen_registration_and_source_authority (tests.test_census_scanner_bridge.PlanAndPinsTests.test_frozen_registration_and_source_authority) ... ok
test_no_requests_for_metadata_exclusions (tests.test_census_scanner_bridge.PlanAndPinsTests.test_no_requests_for_metadata_exclusions) ... ok
test_request_union_all_candidates_and_adjustments (tests.test_census_scanner_bridge.PlanAndPinsTests.test_request_union_all_candidates_and_adjustments) ... ok
test_symlink_cannot_substitute_original_source (tests.test_census_scanner_bridge.PlanAndPinsTests.test_symlink_cannot_substitute_original_source) ... ok
test_wrong_archive_cannot_be_admitted_by_self_supplied_pins (tests.test_census_scanner_bridge.PlanAndPinsTests.test_wrong_archive_cannot_be_admitted_by_self_supplied_pins) ... ok
test_collision_uses_frozen_semantics (tests.test_census_scanner_bridge.ReferenceTests.test_collision_uses_frozen_semantics) ... ok
test_common_type_name_conflicts_retained (tests.test_census_scanner_bridge.ReferenceTests.test_common_type_name_conflicts_retained) ... ok
test_duplicate_reference_identity_rejected (tests.test_census_scanner_bridge.ReferenceTests.test_duplicate_reference_identity_rejected) ... ok
test_future_label_and_price_fields_rejected (tests.test_census_scanner_bridge.ReferenceTests.test_future_label_and_price_fields_rejected) ... ok
test_input_not_modified (tests.test_census_scanner_bridge.ReferenceTests.test_input_not_modified) ... ok
test_missing_cik_with_figi_accepted_by_existing_rule (tests.test_census_scanner_bridge.ReferenceTests.test_missing_cik_with_figi_accepted_by_existing_rule) ... ok
test_missing_figi_unique_cik_is_only_provisional (tests.test_census_scanner_bridge.ReferenceTests.test_missing_figi_unique_cik_is_only_provisional) ... ok
test_missing_identifiers_quarantined_without_dropping_source (tests.test_census_scanner_bridge.ReferenceTests.test_missing_identifiers_quarantined_without_dropping_source) ... ok
test_missing_type_not_inferred_from_name_or_other_dates (tests.test_census_scanner_bridge.ReferenceTests.test_missing_type_not_inferred_from_name_or_other_dates) ... ok
test_no_empty_source_or_replacement_dates (tests.test_census_scanner_bridge.ReferenceTests.test_no_empty_source_or_replacement_dates) ... ok
test_no_fabricated_coverage (tests.test_census_scanner_bridge.ReferenceTests.test_no_fabricated_coverage) ... ok
test_nonunique_cik_not_used_as_security_identity (tests.test_census_scanner_bridge.ReferenceTests.test_nonunique_cik_not_used_as_security_identity) ... ok
test_two_common_identities_not_merged (tests.test_census_scanner_bridge.ReferenceTests.test_two_common_identities_not_merged) ... ok
test_wrong_scope_and_scalar_types_rejected (tests.test_census_scanner_bridge.ReferenceTests.test_wrong_scope_and_scalar_types_rejected) ... ok
test_clean_common_equity_with_complete_bars_is_included (tests.test_historical_universe.HistoricalUniverseTests.test_clean_common_equity_with_complete_bars_is_included) ... ok
test_collision_selects_one_clean_identity_but_not_two (tests.test_historical_universe.HistoricalUniverseTests.test_collision_selects_one_clean_identity_but_not_two) ... ok
test_market_data_failure_reasons_are_structural_and_deterministic (tests.test_historical_universe.HistoricalUniverseTests.test_market_data_failure_reasons_are_structural_and_deterministic) ... ok
test_missing_coverage_and_disallowed_exchange_fail_closed (tests.test_historical_universe.HistoricalUniverseTests.test_missing_coverage_and_disallowed_exchange_fail_closed) ... ok
test_policy_manifest_is_stable_and_non_promotable_by_status (tests.test_historical_universe.HistoricalUniverseTests.test_policy_manifest_is_stable_and_non_promotable_by_status) ... ok
test_type_name_conflict_and_units_fail_closed (tests.test_historical_universe.HistoricalUniverseTests.test_type_name_conflict_and_units_fail_closed) ... ok
test_bridge_fingerprint_is_input_order_independent (tests.test_identity_continuity.IdentityContinuityTests.test_bridge_fingerprint_is_input_order_independent) ... ok
test_different_nonblank_figis_are_not_collapsed_by_cik (tests.test_identity_continuity.IdentityContinuityTests.test_different_nonblank_figis_are_not_collapsed_by_cik) ... ok
test_figi_primary_cik_fallback_and_symbol_reuse_are_explicit (tests.test_identity_continuity.IdentityContinuityTests.test_figi_primary_cik_fallback_and_symbol_reuse_are_explicit) ... ok
test_nonunique_cik_without_figi_is_quarantined (tests.test_identity_continuity.IdentityContinuityTests.test_nonunique_cik_without_figi_is_quarantined) ... ok
test_single_date_status_uses_the_same_frozen_rule (tests.test_identity_continuity.IdentityContinuityTests.test_single_date_status_uses_the_same_frozen_rule) ... ok
test_loader_verifies_complete_bundle_before_returning_rows (tests.test_identity_resolved_universe.IdentityResolvedUniverseTests.test_loader_verifies_complete_bundle_before_returning_rows) ... ok
test_policy_is_fingerprinted_and_non_promotable (tests.test_identity_resolved_universe.IdentityResolvedUniverseTests.test_policy_is_fingerprinted_and_non_promotable) ... ok
test_provisional_membership_fingerprint_is_order_invariant (tests.test_identity_resolved_universe.IdentityResolvedUniverseTests.test_provisional_membership_fingerprint_is_order_invariant) ... ok
test_resolution_removes_only_quarantine_and_attaches_identity (tests.test_identity_resolved_universe.IdentityResolvedUniverseTests.test_resolution_removes_only_quarantine_and_attaches_identity) ... ok
test_statuses_must_cover_every_provisional_ticker (tests.test_identity_resolved_universe.IdentityResolvedUniverseTests.test_statuses_must_cover_every_provisional_ticker) ... ok
test_unique_cik_fallback_requires_missing_figi (tests.test_identity_resolved_universe.IdentityResolvedUniverseTests.test_unique_cik_fallback_requires_missing_figi) ... ok

----------------------------------------------------------------------
Ran 47 tests in 0.057s

OK
