2026-09-12T19:43:43.2859078Z Current runner version: '2.337.0'
2026-09-12T19:43:43.2885608Z ##[group]Runner Image Provisioner
2026-09-12T19:43:43.2886487Z Hosted Compute Agent
2026-09-12T19:43:43.2887169Z Version: 20260828.587
2026-09-12T19:43:43.2887819Z Commit: abac92662cab4cc7352de4f9f9d2e2419aad9c29
2026-09-12T19:43:43.2889139Z Build Date: 2026-08-28T16:44:25Z
2026-09-12T19:43:43.2889951Z Worker ID: {ac43061a-cc46-4a94-947e-d23bd1f9a3b4}
2026-09-12T19:43:43.2890719Z Azure Region: centralus
2026-09-12T19:43:43.2891336Z ##[endgroup]
2026-09-12T19:43:43.2893102Z ##[group]Operating System
2026-09-12T19:43:43.2893833Z Ubuntu
2026-09-12T19:43:43.2894424Z 24.04.5
2026-09-12T19:43:43.2894937Z LTS
2026-09-12T19:43:43.2895499Z ##[endgroup]
2026-09-12T19:43:43.2896043Z ##[group]Runner Image
2026-09-12T19:43:43.2896622Z Image: ubuntu-24.04
2026-09-12T19:43:43.2897253Z Version: 20260907.300.1
2026-09-12T19:43:43.2898943Z Included Software: https://github.com/actions/runner-images/blob/ubuntu24/20260907.300/images/ubuntu/Ubuntu2404-Readme.md
2026-09-12T19:43:43.2900992Z Image Release: https://github.com/actions/runner-images/releases/tag/ubuntu24%2F20260907.300
2026-09-12T19:43:43.2902070Z ##[endgroup]
2026-09-12T19:43:43.2903337Z ##[group]GITHUB_TOKEN Permissions
2026-09-12T19:43:43.2905579Z Actions: read
2026-09-12T19:43:43.2906250Z Contents: write
2026-09-12T19:43:43.2906796Z Metadata: read
2026-09-12T19:43:43.2907412Z ##[endgroup]
2026-09-12T19:43:43.2909786Z Secret source: Actions
2026-09-12T19:43:43.2910823Z Cache mode: write
2026-09-12T19:43:43.2911962Z Prepare workflow directory
2026-09-12T19:43:43.3398485Z Prepare all required actions
2026-09-12T19:43:43.3468786Z Getting action download info
2026-09-12T19:43:43.6036231Z Download action repository 'actions/checkout@11bd71901bbe5b1630ceea73d27597364c9af683' (SHA:11bd71901bbe5b1630ceea73d27597364c9af683)
2026-09-12T19:43:43.7380303Z Download action repository 'actions/setup-python@42375524e23c412d93fb67b49958b491fce71c38' (SHA:42375524e23c412d93fb67b49958b491fce71c38)
2026-09-12T19:43:43.9746577Z Download action repository 'actions/upload-artifact@ea165f8d65b6e75b540449e92b4886f43607fa02' (SHA:ea165f8d65b6e75b540449e92b4886f43607fa02)
2026-09-12T19:43:44.2245421Z Complete job name: consume
2026-09-12T19:43:44.3027808Z Node 20 is being deprecated. This workflow is running with Node 24 by default. If you need to temporarily use Node 20, you can set the ACTIONS_ALLOW_USE_UNSECURE_NODE_VERSION=true environment variable. For more information see: https://github.blog/changelog/2025-09-19-deprecation-of-node-20-on-github-actions-runners/
2026-09-12T19:43:44.3037015Z ##[group]Run actions/checkout@11bd71901bbe5b1630ceea73d27597364c9af683
2026-09-12T19:43:44.3037934Z with:
2026-09-12T19:43:44.3038853Z   fetch-depth: 2
2026-09-12T19:43:44.3039332Z   persist-credentials: false
2026-09-12T19:43:44.3039854Z   repository: RoomyRems/momentumbot
2026-09-12T19:43:44.3043540Z   token: ***
2026-09-12T19:43:44.3043958Z   ssh-strict: true
2026-09-12T19:43:44.3044382Z   ssh-user: git
2026-09-12T19:43:44.3044793Z   clean: true
2026-09-12T19:43:44.3045258Z   sparse-checkout-cone-mode: true
2026-09-12T19:43:44.3045767Z   fetch-tags: false
2026-09-12T19:43:44.3046198Z   show-progress: true
2026-09-12T19:43:44.3046737Z   lfs: false
2026-09-12T19:43:44.3047215Z   submodules: false
2026-09-12T19:43:44.3047715Z   set-safe-directory: true
2026-09-12T19:43:44.3048680Z env:
2026-09-12T19:43:44.3049099Z   PYTHONPATH: src:scripts
2026-09-12T19:43:44.3049600Z   PYTHONDONTWRITEBYTECODE: 1
2026-09-12T19:43:44.3050077Z ##[endgroup]
2026-09-12T19:43:44.4080967Z Syncing repository: RoomyRems/momentumbot
2026-09-12T19:43:44.4083923Z ##[group]Getting Git version info
2026-09-12T19:43:44.4085204Z Working directory is '/home/runner/work/momentumbot/momentumbot'
2026-09-12T19:43:44.4087093Z [command]/usr/bin/git version
2026-09-12T19:43:44.4184443Z git version 2.55.0
2026-09-12T19:43:44.4209931Z ##[endgroup]
2026-09-12T19:43:44.4227711Z Temporarily overriding HOME='/home/runner/work/_temp/67c5fbe1-dde5-444f-a006-b9d28fc79dcd' before making global git config changes
2026-09-12T19:43:44.4230789Z Adding repository directory to the temporary git global config as a safe directory
2026-09-12T19:43:44.4234674Z [command]/usr/bin/git config --global --add safe.directory /home/runner/work/momentumbot/momentumbot
2026-09-12T19:43:44.4289300Z Deleting the contents of '/home/runner/work/momentumbot/momentumbot'
2026-09-12T19:43:44.4295019Z ##[group]Initializing the repository
2026-09-12T19:43:44.4301263Z [command]/usr/bin/git init /home/runner/work/momentumbot/momentumbot
2026-09-12T19:43:44.4402828Z hint: Using 'master' as the name for the initial branch. This default branch name
2026-09-12T19:43:44.4405076Z hint: will change to "main" in Git 3.0. To configure the initial branch name
2026-09-12T19:43:44.4406714Z hint: to use in all of your new repositories, which will suppress this warning,
2026-09-12T19:43:44.4408269Z hint: call:
2026-09-12T19:43:44.4409050Z hint:
2026-09-12T19:43:44.4410027Z hint: 	git config --global init.defaultBranch <name>
2026-09-12T19:43:44.4411242Z hint:
2026-09-12T19:43:44.4412360Z hint: Names commonly chosen instead of 'master' are 'main', 'trunk' and
2026-09-12T19:43:44.4414116Z hint: 'development'. The just-created branch can be renamed via this command:
2026-09-12T19:43:44.4415480Z hint:
2026-09-12T19:43:44.4416223Z hint: 	git branch -m <name>
2026-09-12T19:43:44.4417026Z hint:
2026-09-12T19:43:44.4418375Z hint: Disable this message with "git config set advice.defaultBranchName false"
2026-09-12T19:43:44.4420331Z Initialized empty Git repository in /home/runner/work/momentumbot/momentumbot/.git/
2026-09-12T19:43:44.4423536Z [command]/usr/bin/git remote add origin https://github.com/RoomyRems/momentumbot
2026-09-12T19:43:44.4478200Z ##[endgroup]
2026-09-12T19:43:44.4479464Z ##[group]Disabling automatic garbage collection
2026-09-12T19:43:44.4485555Z [command]/usr/bin/git config --local gc.auto 0
2026-09-12T19:43:44.4516211Z ##[endgroup]
2026-09-12T19:43:44.4517337Z ##[group]Setting up auth
2026-09-12T19:43:44.4523653Z [command]/usr/bin/git config --local --name-only --get-regexp core\.sshCommand
2026-09-12T19:43:44.4559981Z [command]/usr/bin/git submodule foreach --recursive sh -c "git config --local --name-only --get-regexp 'core\.sshCommand' && git config --local --unset-all 'core.sshCommand' || :"
2026-09-12T19:43:44.4944996Z [command]/usr/bin/git config --local --name-only --get-regexp http\.https\:\/\/github\.com\/\.extraheader
2026-09-12T19:43:44.4986934Z [command]/usr/bin/git submodule foreach --recursive sh -c "git config --local --name-only --get-regexp 'http\.https\:\/\/github\.com\/\.extraheader' && git config --local --unset-all 'http.https://github.com/.extraheader' || :"
2026-09-12T19:43:44.5215753Z [command]/usr/bin/git config --local http.https://github.com/.extraheader AUTHORIZATION: basic ***
2026-09-12T19:43:44.5257178Z ##[endgroup]
2026-09-12T19:43:44.5258315Z ##[group]Fetching the repository
2026-09-12T19:43:44.5267662Z [command]/usr/bin/git -c protocol.version=2 fetch --no-tags --prune --no-recurse-submodules --depth=2 origin +7bba0854cbfbf58dbe79ce3f0fd8b6f3ac02ee17:refs/remotes/origin/phase-3-historical-snapshot
2026-09-12T19:43:45.9028348Z From https://github.com/RoomyRems/momentumbot
2026-09-12T19:43:45.9031981Z  * [new ref]         7bba0854cbfbf58dbe79ce3f0fd8b6f3ac02ee17 -> origin/phase-3-historical-snapshot
2026-09-12T19:43:45.9037498Z ##[endgroup]
2026-09-12T19:43:45.9039948Z ##[group]Determining the checkout info
2026-09-12T19:43:45.9042346Z ##[endgroup]
2026-09-12T19:43:45.9044672Z [command]/usr/bin/git sparse-checkout disable
2026-09-12T19:43:45.9099026Z [command]/usr/bin/git config --local --unset-all extensions.worktreeConfig
2026-09-12T19:43:45.9133234Z ##[group]Checking out the ref
2026-09-12T19:43:45.9139465Z [command]/usr/bin/git checkout --progress --force -B phase-3-historical-snapshot refs/remotes/origin/phase-3-historical-snapshot
2026-09-12T19:43:46.1056624Z Switched to a new branch 'phase-3-historical-snapshot'
2026-09-12T19:43:46.1059917Z branch 'phase-3-historical-snapshot' set up to track 'origin/phase-3-historical-snapshot'.
2026-09-12T19:43:46.1080120Z ##[endgroup]
2026-09-12T19:43:46.1136536Z [command]/usr/bin/git log -1 --format=%H
2026-09-12T19:43:46.1171927Z 7bba0854cbfbf58dbe79ce3f0fd8b6f3ac02ee17
2026-09-12T19:43:46.1183256Z ##[group]Removing auth
2026-09-12T19:43:46.1187017Z [command]/usr/bin/git config --local --name-only --get-regexp core\.sshCommand
2026-09-12T19:43:46.1226483Z [command]/usr/bin/git submodule foreach --recursive sh -c "git config --local --name-only --get-regexp 'core\.sshCommand' && git config --local --unset-all 'core.sshCommand' || :"
2026-09-12T19:43:46.1480216Z [command]/usr/bin/git config --local --name-only --get-regexp http\.https\:\/\/github\.com\/\.extraheader
2026-09-12T19:43:46.1513763Z http.https://github.com/.extraheader
2026-09-12T19:43:46.1521609Z [command]/usr/bin/git config --local --unset-all http.https://github.com/.extraheader
2026-09-12T19:43:46.1560230Z [command]/usr/bin/git submodule foreach --recursive sh -c "git config --local --name-only --get-regexp 'http\.https\:\/\/github\.com\/\.extraheader' && git config --local --unset-all 'http.https://github.com/.extraheader' || :"
2026-09-12T19:43:46.1785714Z ##[endgroup]
2026-09-12T19:43:46.2151251Z Node 20 is being deprecated. This workflow is running with Node 24 by default. If you need to temporarily use Node 20, you can set the ACTIONS_ALLOW_USE_UNSECURE_NODE_VERSION=true environment variable. For more information see: https://github.blog/changelog/2025-09-19-deprecation-of-node-20-on-github-actions-runners/
2026-09-12T19:43:46.2154704Z ##[group]Run actions/setup-python@42375524e23c412d93fb67b49958b491fce71c38
2026-09-12T19:43:46.2155767Z with:
2026-09-12T19:43:46.2156603Z   python-version: 3.12.14
2026-09-12T19:43:46.2157473Z   check-latest: false
2026-09-12T19:43:46.2161300Z   token: ***
2026-09-12T19:43:46.2162127Z   update-environment: true
2026-09-12T19:43:46.2163009Z   allow-prereleases: false
2026-09-12T19:43:46.2163860Z env:
2026-09-12T19:43:46.2164653Z   PYTHONPATH: src:scripts
2026-09-12T19:43:46.2165539Z   PYTHONDONTWRITEBYTECODE: 1
2026-09-12T19:43:46.2166377Z ##[endgroup]
2026-09-12T19:43:46.3596353Z ##[group]Installed versions
2026-09-12T19:43:46.3810733Z (node:2286) [DEP0040] DeprecationWarning: The `punycode` module is deprecated. Please use a userland alternative instead.
2026-09-12T19:43:46.3812091Z (Use `node --trace-deprecation ...` to show where the warning was created)
2026-09-12T19:43:46.3813094Z Successfully set up CPython (3.12.14)
2026-09-12T19:43:46.3814321Z ##[endgroup]
2026-09-12T19:43:46.4000166Z ##[group]Run python -m pip install --disable-pip-version-check --require-hashes --only-binary=:all: --no-deps -r requirements-sealed-source-v04.txt
2026-09-12T19:43:46.4001495Z [36;1mpython -m pip install --disable-pip-version-check --require-hashes --only-binary=:all: --no-deps -r requirements-sealed-source-v04.txt[0m
2026-09-12T19:43:46.4002445Z [36;1mpython -m pip install --disable-pip-version-check --no-deps --no-build-isolation -e .[0m
2026-09-12T19:43:46.4003010Z [36;1mpython -m pip check[0m
2026-09-12T19:43:46.4163674Z shell: /usr/bin/bash -e {0}
2026-09-12T19:43:46.4164072Z env:
2026-09-12T19:43:46.4164345Z   PYTHONPATH: src:scripts
2026-09-12T19:43:46.4164678Z   PYTHONDONTWRITEBYTECODE: 1
2026-09-12T19:43:46.4165077Z   pythonLocation: /opt/hostedtoolcache/Python/3.12.14/x64
2026-09-12T19:43:46.4165631Z   PKG_CONFIG_PATH: /opt/hostedtoolcache/Python/3.12.14/x64/lib/pkgconfig
2026-09-12T19:43:46.4166156Z   Python_ROOT_DIR: /opt/hostedtoolcache/Python/3.12.14/x64
2026-09-12T19:43:46.4166701Z   Python2_ROOT_DIR: /opt/hostedtoolcache/Python/3.12.14/x64
2026-09-12T19:43:46.4167173Z   Python3_ROOT_DIR: /opt/hostedtoolcache/Python/3.12.14/x64
2026-09-12T19:43:46.4167633Z   LD_LIBRARY_PATH: /opt/hostedtoolcache/Python/3.12.14/x64/lib
2026-09-12T19:43:46.4168227Z ##[endgroup]
2026-09-12T19:43:49.3253548Z Requirement already satisfied: pip==26.2.1 in /opt/hostedtoolcache/Python/3.12.14/x64/lib/python3.12/site-packages (from -r requirements-sealed-source-v04.txt (line 6)) (26.2.1)
2026-09-12T19:43:49.5024551Z Collecting setuptools==84.0.0 (from -r requirements-sealed-source-v04.txt (line 8))
2026-09-12T19:43:49.5780446Z   Downloading setuptools-84.0.0-py3-none-any.whl (818 kB)
2026-09-12T19:43:49.6948746Z      ━━━━━━━━━━━━━━━━━━━━━━━━━━━━━━━━━━━━━━━━ 818.2/818.2 kB 8.3 MB/s  0:00:00
2026-09-12T19:43:49.7286031Z Collecting wheel==0.48.0 (from -r requirements-sealed-source-v04.txt (line 10))
2026-09-12T19:43:49.7421547Z   Downloading wheel-0.48.0-py3-none-any.whl (33 kB)
2026-09-12T19:43:49.7674101Z Collecting packaging==26.3 (from -r requirements-sealed-source-v04.txt (line 12))
2026-09-12T19:43:49.7808553Z   Downloading packaging-26.3-py3-none-any.whl (129 kB)
2026-09-12T19:43:50.0423473Z Collecting numpy==2.3.5 (from -r requirements-sealed-source-v04.txt (line 14))
2026-09-12T19:43:50.0558466Z   Downloading numpy-2.3.5-cp312-cp312-manylinux_2_27_x86_64.manylinux_2_28_x86_64.whl (16.6 MB)
2026-09-12T19:43:51.1639636Z      ━━━━━━━━━━━━━━━━━━━━━━━━━━━━━━━━━━━━━━━━ 16.6/16.6 MB 15.1 MB/s  0:00:01
2026-09-12T19:43:51.3177938Z Collecting pandas==2.2.3 (from -r requirements-sealed-source-v04.txt (line 16))
2026-09-12T19:43:51.3312132Z   Downloading pandas-2.2.3-cp312-cp312-manylinux_2_17_x86_64.manylinux2014_x86_64.whl (12.7 MB)
2026-09-12T19:43:52.1742454Z      ━━━━━━━━━━━━━━━━━━━━━━━━━━━━━━━━━━━━━━━━ 12.7/12.7 MB 15.1 MB/s  0:00:00
2026-09-12T19:43:52.2576662Z Collecting PyYAML==6.0.3 (from -r requirements-sealed-source-v04.txt (line 18))
2026-09-12T19:43:52.2711042Z   Downloading pyyaml-6.0.3-cp312-cp312-manylinux2014_x86_64.manylinux_2_17_x86_64.manylinux_2_28_x86_64.whl (807 kB)
2026-09-12T19:43:52.3211566Z      ━━━━━━━━━━━━━━━━━━━━━━━━━━━━━━━━━━━━━━━━ 807.9/807.9 kB 16.1 MB/s  0:00:00
2026-09-12T19:43:52.3411702Z Collecting python-dateutil==2.9.0.post0 (from -r requirements-sealed-source-v04.txt (line 20))
2026-09-12T19:43:52.3545879Z   Downloading python_dateutil-2.9.0.post0-py2.py3-none-any.whl (229 kB)
2026-09-12T19:43:52.4103057Z Collecting pytz==2026.3.post1 (from -r requirements-sealed-source-v04.txt (line 22))
2026-09-12T19:43:52.4238487Z   Downloading pytz-2026.3.post1-py2.py3-none-any.whl (508 kB)
2026-09-12T19:43:52.4774825Z Collecting tzdata==2026.3 (from -r requirements-sealed-source-v04.txt (line 24))
2026-09-12T19:43:52.4906651Z   Downloading tzdata-2026.3-py2.py3-none-any.whl (348 kB)
2026-09-12T19:43:52.5315042Z Collecting six==1.17.0 (from -r requirements-sealed-source-v04.txt (line 26))
2026-09-12T19:43:52.5443532Z   Downloading six-1.17.0-py2.py3-none-any.whl (11 kB)
2026-09-12T19:43:52.6545054Z Installing collected packages: pytz, wheel, tzdata, six, setuptools, PyYAML, python-dateutil, pandas, packaging, numpy
2026-09-12T19:44:00.1080227Z 
2026-09-12T19:44:00.1098934Z Successfully installed PyYAML-6.0.3 numpy-2.3.5 packaging-26.3 pandas-2.2.3 python-dateutil-2.9.0.post0 pytz-2026.3.post1 setuptools-84.0.0 six-1.17.0 tzdata-2026.3 wheel-0.48.0
2026-09-12T19:44:00.9784325Z Obtaining file:///home/runner/work/momentumbot/momentumbot
2026-09-12T19:44:00.9798908Z   Checking if build backend supports build_editable: started
2026-09-12T19:44:01.2363518Z   Checking if build backend supports build_editable: finished with status 'done'
2026-09-12T19:44:01.2374670Z   Preparing editable metadata (pyproject.toml): started
2026-09-12T19:44:01.4949671Z   Preparing editable metadata (pyproject.toml): finished with status 'done'
2026-09-12T19:44:01.4995899Z Building wheels for collected packages: momentumbot
2026-09-12T19:44:01.5004956Z   Building editable for momentumbot (pyproject.toml): started
2026-09-12T19:44:01.7779285Z   Building editable for momentumbot (pyproject.toml): finished with status 'done'
2026-09-12T19:44:01.7786376Z   Created wheel for momentumbot: filename=momentumbot-0.2.0-0.editable-py3-none-any.whl size=4119 sha256=31a3c541ad61a7a78f26e3359518e49e257673f68ebb993f345e7fc792f6efdf
2026-09-12T19:44:01.7788978Z   Stored in directory: /tmp/pip-ephem-wheel-cache-6g7yj4gx/wheels/07/cb/80/ea9ec0ff3434472434457f9dbf823fffe4e1a99167faeb982a
2026-09-12T19:44:01.7811948Z Successfully built momentumbot
2026-09-12T19:44:01.7966258Z Installing collected packages: momentumbot
2026-09-12T19:44:01.8047236Z Successfully installed momentumbot-0.2.0
2026-09-12T19:44:02.0768221Z No broken requirements found.
2026-09-12T19:44:02.1094205Z ##[group]Run python scripts/run_census_payload_diagnostic.py validate --check-launch
2026-09-12T19:44:02.1094850Z [36;1mpython scripts/run_census_payload_diagnostic.py validate --check-launch[0m
2026-09-12T19:44:02.1134162Z shell: /usr/bin/bash -e {0}
2026-09-12T19:44:02.1134429Z env:
2026-09-12T19:44:02.1134637Z   PYTHONPATH: src:scripts
2026-09-12T19:44:02.1134897Z   PYTHONDONTWRITEBYTECODE: 1
2026-09-12T19:44:02.1135219Z   pythonLocation: /opt/hostedtoolcache/Python/3.12.14/x64
2026-09-12T19:44:02.1135679Z   PKG_CONFIG_PATH: /opt/hostedtoolcache/Python/3.12.14/x64/lib/pkgconfig
2026-09-12T19:44:02.1136136Z   Python_ROOT_DIR: /opt/hostedtoolcache/Python/3.12.14/x64
2026-09-12T19:44:02.1136550Z   Python2_ROOT_DIR: /opt/hostedtoolcache/Python/3.12.14/x64
2026-09-12T19:44:02.1136957Z   Python3_ROOT_DIR: /opt/hostedtoolcache/Python/3.12.14/x64
2026-09-12T19:44:02.1137359Z   LD_LIBRARY_PATH: /opt/hostedtoolcache/Python/3.12.14/x64/lib
2026-09-12T19:44:02.1137694Z ##[endgroup]
2026-09-12T19:44:03.5520043Z {"registration_sha256": "8eac4c8cf2a9fd8e257eb6fa2a6b4b7829bd1119b0d43c9207a1b38edadacc63", "provider_requests": 0}
2026-09-12T19:44:03.6179601Z ##[group]Run mkdir diagnostic-preflight
2026-09-12T19:44:03.6179993Z [36;1mmkdir diagnostic-preflight[0m
2026-09-12T19:44:03.6180276Z [36;1mCI_RUN=""[0m
2026-09-12T19:44:03.6180500Z [36;1mfor n in $(seq 1 20); do[0m
2026-09-12T19:44:03.6181172Z [36;1m  CI_RUN=$(gh run list --repo RoomyRems/momentumbot --workflow ci.yml --commit "$GITHUB_SHA" --event push --json databaseId --jq '.[0].databaseId // empty')[0m
2026-09-12T19:44:03.6181869Z [36;1m  if [ -n "$CI_RUN" ]; then break; fi[0m
2026-09-12T19:44:03.6182153Z [36;1m  sleep 3[0m
2026-09-12T19:44:03.6182359Z [36;1mdone[0m
2026-09-12T19:44:03.6182564Z [36;1mtest -n "$CI_RUN"[0m
2026-09-12T19:44:03.6182963Z [36;1mgh run watch "$CI_RUN" --repo RoomyRems/momentumbot --exit-status --interval 15[0m
2026-09-12T19:44:03.6183600Z [36;1mgh api "repos/RoomyRems/momentumbot/actions/runs/$CI_RUN" > diagnostic-preflight/ci.json[0m
2026-09-12T19:44:03.6184374Z [36;1mgh api "repos/RoomyRems/momentumbot/actions/runs/$CI_RUN/jobs?per_page=100" > diagnostic-preflight/ci-jobs.json[0m
2026-09-12T19:44:03.6184919Z [36;1mpython - <<'PY'[0m
2026-09-12T19:44:03.6185143Z [36;1mimport os[0m
2026-09-12T19:44:03.6185362Z [36;1mfrom pathlib import Path[0m
2026-09-12T19:44:03.6185733Z [36;1mfrom momentumbot.research import census_payload_diagnostic as m[0m
2026-09-12T19:44:03.6186671Z [36;1mm.check_ci(m.base.json_object(Path('diagnostic-preflight/ci.json').read_bytes()), m.base.json_object(Path('diagnostic-preflight/ci-jobs.json').read_bytes()), {'GITHUB_SHA': os.environ['GITHUB_SHA']})[0m
2026-09-12T19:44:03.6187490Z [36;1mPY[0m
2026-09-12T19:44:03.6224901Z shell: /usr/bin/bash -e {0}
2026-09-12T19:44:03.6225170Z env:
2026-09-12T19:44:03.6225370Z   PYTHONPATH: src:scripts
2026-09-12T19:44:03.6225620Z   PYTHONDONTWRITEBYTECODE: 1
2026-09-12T19:44:03.6225943Z   pythonLocation: /opt/hostedtoolcache/Python/3.12.14/x64
2026-09-12T19:44:03.6226388Z   PKG_CONFIG_PATH: /opt/hostedtoolcache/Python/3.12.14/x64/lib/pkgconfig
2026-09-12T19:44:03.6226826Z   Python_ROOT_DIR: /opt/hostedtoolcache/Python/3.12.14/x64
2026-09-12T19:44:03.6227246Z   Python2_ROOT_DIR: /opt/hostedtoolcache/Python/3.12.14/x64
2026-09-12T19:44:03.6227648Z   Python3_ROOT_DIR: /opt/hostedtoolcache/Python/3.12.14/x64
2026-09-12T19:44:03.6228308Z   LD_LIBRARY_PATH: /opt/hostedtoolcache/Python/3.12.14/x64/lib
2026-09-12T19:44:03.6230909Z   GH_TOKEN: ***
2026-09-12T19:44:03.6231128Z ##[endgroup]
2026-09-12T19:44:08.0897122Z Refreshing run status every 15 seconds. Press Ctrl+C to quit.
2026-09-12T19:44:08.0897828Z 
2026-09-12T19:44:08.0898552Z * phase-3-historical-snapshot CI · 34715001971
2026-09-12T19:44:08.0898929Z Triggered via push less than a minute ago
2026-09-12T19:44:08.0899554Z 
2026-09-12T19:44:08.0899636Z JOBS
2026-09-12T19:44:08.0899838Z * test (ID 103610558202)
2026-09-12T19:44:23.5573570Z Refreshing run status every 15 seconds. Press Ctrl+C to quit.
2026-09-12T19:44:23.5574216Z 
2026-09-12T19:44:23.5574685Z * phase-3-historical-snapshot CI · 34715001971
2026-09-12T19:44:23.5575453Z Triggered via push less than a minute ago
2026-09-12T19:44:23.5575904Z 
2026-09-12T19:44:23.5576068Z JOBS
2026-09-12T19:44:23.5576448Z * test (ID 103610558202)
2026-09-12T19:44:23.5576987Z   ✓ Set up job
2026-09-12T19:44:23.5577402Z   ✓ Run actions/checkout@v4
2026-09-12T19:44:23.5577791Z   ✓ Run actions/setup-python@v5
2026-09-12T19:44:23.5578624Z   * Install package
2026-09-12T19:44:23.5578918Z   * Run tests
2026-09-12T19:44:23.5579143Z   * Compile
2026-09-12T19:44:23.5579392Z   * Post Run actions/setup-python@v5
2026-09-12T19:44:23.5579728Z   * Post Run actions/checkout@v4
2026-09-12T19:44:39.0697756Z Refreshing run status every 15 seconds. Press Ctrl+C to quit.
2026-09-12T19:44:39.0698730Z 
2026-09-12T19:44:39.0699351Z * phase-3-historical-snapshot CI · 34715001971
2026-09-12T19:44:39.0700043Z Triggered via push about 1 minute ago
2026-09-12T19:44:39.0700443Z 
2026-09-12T19:44:39.0700599Z JOBS
2026-09-12T19:44:39.0700958Z * test (ID 103610558202)
2026-09-12T19:44:39.0701998Z   ✓ Set up job
2026-09-12T19:44:39.0702458Z   ✓ Run actions/checkout@v4
2026-09-12T19:44:39.0702929Z   ✓ Run actions/setup-python@v5
2026-09-12T19:44:39.0703396Z   ✓ Install package
2026-09-12T19:44:39.0703722Z   * Run tests
2026-09-12T19:44:39.0704041Z   * Compile
2026-09-12T19:44:39.0704427Z   * Post Run actions/setup-python@v5
2026-09-12T19:44:39.0704959Z   * Post Run actions/checkout@v4
2026-09-12T19:44:54.7077729Z Refreshing run status every 15 seconds. Press Ctrl+C to quit.
2026-09-12T19:44:54.7079119Z 
2026-09-12T19:44:54.7079671Z * phase-3-historical-snapshot CI · 34715001971
2026-09-12T19:44:54.7080203Z Triggered via push about 1 minute ago
2026-09-12T19:44:54.7080445Z 
2026-09-12T19:44:54.7080537Z JOBS
2026-09-12T19:44:54.7080745Z * test (ID 103610558202)
2026-09-12T19:44:54.7081030Z   ✓ Set up job
2026-09-12T19:44:54.7081294Z   ✓ Run actions/checkout@v4
2026-09-12T19:44:54.7081613Z   ✓ Run actions/setup-python@v5
2026-09-12T19:44:54.7081917Z   ✓ Install package
2026-09-12T19:44:54.7082140Z   * Run tests
2026-09-12T19:44:54.7082359Z   * Compile
2026-09-12T19:44:54.7082594Z   * Post Run actions/setup-python@v5
2026-09-12T19:44:54.7082900Z   * Post Run actions/checkout@v4
2026-09-12T19:45:10.2714090Z Refreshing run status every 15 seconds. Press Ctrl+C to quit.
2026-09-12T19:45:10.2714593Z 
2026-09-12T19:45:10.2715127Z * phase-3-historical-snapshot CI · 34715001971
2026-09-12T19:45:10.2715673Z Triggered via push about 1 minute ago
2026-09-12T19:45:10.2715979Z 
2026-09-12T19:45:10.2716101Z JOBS
2026-09-12T19:45:10.2716394Z * test (ID 103610558202)
2026-09-12T19:45:10.2716787Z   ✓ Set up job
2026-09-12T19:45:10.2717172Z   ✓ Run actions/checkout@v4
2026-09-12T19:45:10.2717657Z   ✓ Run actions/setup-python@v5
2026-09-12T19:45:10.2718325Z   ✓ Install package
2026-09-12T19:45:10.2718656Z   * Run tests
2026-09-12T19:45:10.2718973Z   * Compile
2026-09-12T19:45:10.2719313Z   * Post Run actions/setup-python@v5
2026-09-12T19:45:10.2719682Z   * Post Run actions/checkout@v4
2026-09-12T19:45:25.9105617Z Refreshing run status every 15 seconds. Press Ctrl+C to quit.
2026-09-12T19:45:25.9106077Z 
2026-09-12T19:45:25.9106618Z * phase-3-historical-snapshot CI · 34715001971
2026-09-12T19:45:25.9107140Z Triggered via push about 1 minute ago
2026-09-12T19:45:25.9107433Z 
2026-09-12T19:45:25.9107550Z JOBS
2026-09-12T19:45:25.9107839Z * test (ID 103610558202)
2026-09-12T19:45:25.9108557Z   ✓ Set up job
2026-09-12T19:45:25.9108939Z   ✓ Run actions/checkout@v4
2026-09-12T19:45:25.9109399Z   ✓ Run actions/setup-python@v5
2026-09-12T19:45:25.9109726Z   ✓ Install package
2026-09-12T19:45:25.9109966Z   * Run tests
2026-09-12T19:45:25.9110186Z   * Compile
2026-09-12T19:45:25.9110430Z   * Post Run actions/setup-python@v5
2026-09-12T19:45:25.9111176Z   * Post Run actions/checkout@v4
2026-09-12T19:45:41.4714529Z Refreshing run status every 15 seconds. Press Ctrl+C to quit.
2026-09-12T19:45:41.4714996Z 
2026-09-12T19:45:41.4715453Z * phase-3-historical-snapshot CI · 34715001971
2026-09-12T19:45:41.4715958Z Triggered via push about 2 minutes ago
2026-09-12T19:45:41.4716242Z 
2026-09-12T19:45:41.4716346Z JOBS
2026-09-12T19:45:41.4716595Z * test (ID 103610558202)
2026-09-12T19:45:41.4716933Z   ✓ Set up job
2026-09-12T19:45:41.4717265Z   ✓ Run actions/checkout@v4
2026-09-12T19:45:41.4717689Z   ✓ Run actions/setup-python@v5
2026-09-12T19:45:41.4718234Z   ✓ Install package
2026-09-12T19:45:41.4718465Z   * Run tests
2026-09-12T19:45:41.4718676Z   * Compile
2026-09-12T19:45:41.4718916Z   * Post Run actions/setup-python@v5
2026-09-12T19:45:41.4719239Z   * Post Run actions/checkout@v4
2026-09-12T19:45:57.0135163Z Refreshing run status every 15 seconds. Press Ctrl+C to quit.
2026-09-12T19:45:57.0135631Z 
2026-09-12T19:45:57.0136167Z * phase-3-historical-snapshot CI · 34715001971
2026-09-12T19:45:57.0136637Z Triggered via push about 2 minutes ago
2026-09-12T19:45:57.0136899Z 
2026-09-12T19:45:57.0137008Z JOBS
2026-09-12T19:45:57.0137262Z * test (ID 103610558202)
2026-09-12T19:45:57.0137605Z   ✓ Set up job
2026-09-12T19:45:57.0137933Z   ✓ Run actions/checkout@v4
2026-09-12T19:45:57.0139067Z   ✓ Run actions/setup-python@v5
2026-09-12T19:45:57.0139457Z   ✓ Install package
2026-09-12T19:45:57.0139752Z   * Run tests
2026-09-12T19:45:57.0140197Z   * Compile
2026-09-12T19:45:57.0140627Z   * Post Run actions/setup-python@v5
2026-09-12T19:45:57.0141068Z   * Post Run actions/checkout@v4
2026-09-12T19:46:12.5766511Z Refreshing run status every 15 seconds. Press Ctrl+C to quit.
2026-09-12T19:46:12.5767725Z 
2026-09-12T19:46:12.5768653Z * phase-3-historical-snapshot CI · 34715001971
2026-09-12T19:46:12.5769401Z Triggered via push about 2 minutes ago
2026-09-12T19:46:12.5769696Z 
2026-09-12T19:46:12.5769800Z JOBS
2026-09-12T19:46:12.5770057Z * test (ID 103610558202)
2026-09-12T19:46:12.5770443Z   ✓ Set up job
2026-09-12T19:46:12.5770769Z   ✓ Run actions/checkout@v4
2026-09-12T19:46:12.5771159Z   ✓ Run actions/setup-python@v5
2026-09-12T19:46:12.5771533Z   ✓ Install package
2026-09-12T19:46:12.5771811Z   * Run tests
2026-09-12T19:46:12.5772064Z   * Compile
2026-09-12T19:46:12.5772360Z   * Post Run actions/setup-python@v5
2026-09-12T19:46:12.5772739Z   * Post Run actions/checkout@v4
2026-09-12T19:46:28.1478835Z Refreshing run status every 15 seconds. Press Ctrl+C to quit.
2026-09-12T19:46:28.1479386Z 
2026-09-12T19:46:28.1479811Z * phase-3-historical-snapshot CI · 34715001971
2026-09-12T19:46:28.1480230Z Triggered via push about 2 minutes ago
2026-09-12T19:46:28.1480454Z 
2026-09-12T19:46:28.1480553Z JOBS
2026-09-12T19:46:28.1480771Z * test (ID 103610558202)
2026-09-12T19:46:28.1481064Z   ✓ Set up job
2026-09-12T19:46:28.1481343Z   ✓ Run actions/checkout@v4
2026-09-12T19:46:28.1481679Z   ✓ Run actions/setup-python@v5
2026-09-12T19:46:28.1482002Z   ✓ Install package
2026-09-12T19:46:28.1482279Z   * Run tests
2026-09-12T19:46:28.1482510Z   * Compile
2026-09-12T19:46:28.1482752Z   * Post Run actions/setup-python@v5
2026-09-12T19:46:28.1483079Z   * Post Run actions/checkout@v4
2026-09-12T19:46:43.6770831Z Refreshing run status every 15 seconds. Press Ctrl+C to quit.
2026-09-12T19:46:43.6771192Z 
2026-09-12T19:46:43.6771625Z * phase-3-historical-snapshot CI · 34715001971
2026-09-12T19:46:43.6772009Z Triggered via push about 3 minutes ago
2026-09-12T19:46:43.6772222Z 
2026-09-12T19:46:43.6772312Z JOBS
2026-09-12T19:46:43.6772511Z * test (ID 103610558202)
2026-09-12T19:46:43.6772789Z   ✓ Set up job
2026-09-12T19:46:43.6773051Z   ✓ Run actions/checkout@v4
2026-09-12T19:46:43.6773361Z   ✓ Run actions/setup-python@v5
2026-09-12T19:46:43.6773659Z   ✓ Install package
2026-09-12T19:46:43.6773879Z   * Run tests
2026-09-12T19:46:43.6774080Z   * Compile
2026-09-12T19:46:43.6774307Z   * Post Run actions/setup-python@v5
2026-09-12T19:46:43.6774614Z   * Post Run actions/checkout@v4
2026-09-12T19:46:59.4848823Z Refreshing run status every 15 seconds. Press Ctrl+C to quit.
2026-09-12T19:46:59.4849383Z 
2026-09-12T19:46:59.4849899Z * phase-3-historical-snapshot CI · 34715001971
2026-09-12T19:46:59.4850391Z Triggered via push about 3 minutes ago
2026-09-12T19:46:59.4850614Z 
2026-09-12T19:46:59.4850695Z JOBS
2026-09-12T19:46:59.4850934Z * test (ID 103610558202)
2026-09-12T19:46:59.4851216Z   ✓ Set up job
2026-09-12T19:46:59.4851475Z   ✓ Run actions/checkout@v4
2026-09-12T19:46:59.4851781Z   ✓ Run actions/setup-python@v5
2026-09-12T19:46:59.4852088Z   ✓ Install package
2026-09-12T19:46:59.4852308Z   * Run tests
2026-09-12T19:46:59.4852512Z   * Compile
2026-09-12T19:46:59.4852736Z   * Post Run actions/setup-python@v5
2026-09-12T19:46:59.4853040Z   * Post Run actions/checkout@v4
2026-09-12T19:47:14.9797278Z Refreshing run status every 15 seconds. Press Ctrl+C to quit.
2026-09-12T19:47:14.9797767Z 
2026-09-12T19:47:14.9798577Z * phase-3-historical-snapshot CI · 34715001971
2026-09-12T19:47:14.9799128Z Triggered via push about 3 minutes ago
2026-09-12T19:47:14.9799408Z 
2026-09-12T19:47:14.9799527Z JOBS
2026-09-12T19:47:14.9799794Z * test (ID 103610558202)
2026-09-12T19:47:14.9800158Z   ✓ Set up job
2026-09-12T19:47:14.9800503Z   ✓ Run actions/checkout@v4
2026-09-12T19:47:14.9800892Z   ✓ Run actions/setup-python@v5
2026-09-12T19:47:14.9801617Z   ✓ Install package
2026-09-12T19:47:14.9801850Z   * Run tests
2026-09-12T19:47:14.9802052Z   * Compile
2026-09-12T19:47:14.9802274Z   * Post Run actions/setup-python@v5
2026-09-12T19:47:14.9802580Z   * Post Run actions/checkout@v4
2026-09-12T19:47:30.5197165Z Refreshing run status every 15 seconds. Press Ctrl+C to quit.
2026-09-12T19:47:30.5199532Z 
2026-09-12T19:47:30.5200743Z * phase-3-historical-snapshot CI · 34715001971
2026-09-12T19:47:30.5201549Z Triggered via push about 3 minutes ago
2026-09-12T19:47:30.5202003Z 
2026-09-12T19:47:30.5202200Z JOBS
2026-09-12T19:47:30.5202622Z * test (ID 103610558202)
2026-09-12T19:47:30.5203223Z   ✓ Set up job
2026-09-12T19:47:30.5203634Z   ✓ Run actions/checkout@v4
2026-09-12T19:47:30.5204057Z   ✓ Run actions/setup-python@v5
2026-09-12T19:47:30.5204484Z   ✓ Install package
2026-09-12T19:47:30.5204773Z   * Run tests
2026-09-12T19:47:30.5204996Z   * Compile
2026-09-12T19:47:30.5205240Z   * Post Run actions/setup-python@v5
2026-09-12T19:47:30.5205583Z   * Post Run actions/checkout@v4
2026-09-12T19:47:45.9968894Z Refreshing run status every 15 seconds. Press Ctrl+C to quit.
2026-09-12T19:47:45.9969635Z 
2026-09-12T19:47:45.9970077Z * phase-3-historical-snapshot CI · 34715001971
2026-09-12T19:47:45.9970573Z Triggered via push about 4 minutes ago
2026-09-12T19:47:45.9970841Z 
2026-09-12T19:47:45.9970942Z JOBS
2026-09-12T19:47:45.9971196Z * test (ID 103610558202)
2026-09-12T19:47:45.9971541Z   ✓ Set up job
2026-09-12T19:47:45.9971866Z   ✓ Run actions/checkout@v4
2026-09-12T19:47:45.9972246Z   ✓ Run actions/setup-python@v5
2026-09-12T19:47:45.9972620Z   ✓ Install package
2026-09-12T19:47:45.9972895Z   * Run tests
2026-09-12T19:47:45.9973182Z   * Compile
2026-09-12T19:47:45.9973457Z   * Post Run actions/setup-python@v5
2026-09-12T19:47:45.9973835Z   * Post Run actions/checkout@v4
2026-09-12T19:48:01.5566651Z Refreshing run status every 15 seconds. Press Ctrl+C to quit.
2026-09-12T19:48:01.5567336Z 
2026-09-12T19:48:01.5567853Z * phase-3-historical-snapshot CI · 34715001971
2026-09-12T19:48:01.5568598Z Triggered via push about 4 minutes ago
2026-09-12T19:48:01.5568936Z 
2026-09-12T19:48:01.5569060Z JOBS
2026-09-12T19:48:01.5569340Z * test (ID 103610558202)
2026-09-12T19:48:01.5569713Z   ✓ Set up job
2026-09-12T19:48:01.5570016Z   ✓ Run actions/checkout@v4
2026-09-12T19:48:01.5570346Z   ✓ Run actions/setup-python@v5
2026-09-12T19:48:01.5570681Z   ✓ Install package
2026-09-12T19:48:01.5570923Z   * Run tests
2026-09-12T19:48:01.5571144Z   * Compile
2026-09-12T19:48:01.5571396Z   * Post Run actions/setup-python@v5
2026-09-12T19:48:01.5571725Z   * Post Run actions/checkout@v4
2026-09-12T19:48:17.1165949Z Refreshing run status every 15 seconds. Press Ctrl+C to quit.
2026-09-12T19:48:17.1166755Z 
2026-09-12T19:48:17.1167152Z * phase-3-historical-snapshot CI · 34715001971
2026-09-12T19:48:17.1167564Z Triggered via push about 4 minutes ago
2026-09-12T19:48:17.1167782Z 
2026-09-12T19:48:17.1167866Z JOBS
2026-09-12T19:48:17.1168410Z * test (ID 103610558202)
2026-09-12T19:48:17.1168723Z   ✓ Set up job
2026-09-12T19:48:17.1168991Z   ✓ Run actions/checkout@v4
2026-09-12T19:48:17.1169300Z   ✓ Run actions/setup-python@v5
2026-09-12T19:48:17.1169599Z   ✓ Install package
2026-09-12T19:48:17.1169824Z   * Run tests
2026-09-12T19:48:17.1170029Z   * Compile
2026-09-12T19:48:17.1170251Z   * Post Run actions/setup-python@v5
2026-09-12T19:48:17.1170550Z   * Post Run actions/checkout@v4
2026-09-12T19:48:32.6385561Z Refreshing run status every 15 seconds. Press Ctrl+C to quit.
2026-09-12T19:48:32.6386039Z 
2026-09-12T19:48:32.6386510Z * phase-3-historical-snapshot CI · 34715001971
2026-09-12T19:48:32.6386878Z Triggered via push about 4 minutes ago
2026-09-12T19:48:32.6387123Z 
2026-09-12T19:48:32.6387205Z JOBS
2026-09-12T19:48:32.6387407Z * test (ID 103610558202)
2026-09-12T19:48:32.6387711Z   ✓ Set up job
2026-09-12T19:48:32.6388246Z   ✓ Run actions/checkout@v4
2026-09-12T19:48:32.6388599Z   ✓ Run actions/setup-python@v5
2026-09-12T19:48:32.6388914Z   ✓ Install package
2026-09-12T19:48:32.6389557Z   * Run tests
2026-09-12T19:48:32.6389773Z   * Compile
2026-09-12T19:48:32.6390005Z   * Post Run actions/setup-python@v5
2026-09-12T19:48:32.6390312Z   * Post Run actions/checkout@v4
2026-09-12T19:48:48.1900502Z Refreshing run status every 15 seconds. Press Ctrl+C to quit.
2026-09-12T19:48:48.1900878Z 
2026-09-12T19:48:48.1901284Z * phase-3-historical-snapshot CI · 34715001971
2026-09-12T19:48:48.1901677Z Triggered via push about 5 minutes ago
2026-09-12T19:48:48.1901900Z 
2026-09-12T19:48:48.1901997Z JOBS
2026-09-12T19:48:48.1902212Z * test (ID 103610558202)
2026-09-12T19:48:48.1902503Z   ✓ Set up job
2026-09-12T19:48:48.1902781Z   ✓ Run actions/checkout@v4
2026-09-12T19:48:48.1903139Z   ✓ Run actions/setup-python@v5
2026-09-12T19:48:48.1903455Z   ✓ Install package
2026-09-12T19:48:48.1903696Z   * Run tests
2026-09-12T19:48:48.1903917Z   * Compile
2026-09-12T19:48:48.1904164Z   * Post Run actions/setup-python@v5
2026-09-12T19:48:48.1904489Z   * Post Run actions/checkout@v4
2026-09-12T19:49:03.7253761Z Refreshing run status every 15 seconds. Press Ctrl+C to quit.
2026-09-12T19:49:03.7254085Z 
2026-09-12T19:49:03.7254508Z * phase-3-historical-snapshot CI · 34715001971
2026-09-12T19:49:03.7254861Z Triggered via push about 5 minutes ago
2026-09-12T19:49:03.7255054Z 
2026-09-12T19:49:03.7255141Z JOBS
2026-09-12T19:49:03.7255337Z * test (ID 103610558202)
2026-09-12T19:49:03.7255596Z   ✓ Set up job
2026-09-12T19:49:03.7255844Z   ✓ Run actions/checkout@v4
2026-09-12T19:49:03.7256136Z   ✓ Run actions/setup-python@v5
2026-09-12T19:49:03.7256415Z   ✓ Install package
2026-09-12T19:49:03.7256624Z   * Run tests
2026-09-12T19:49:03.7256823Z   * Compile
2026-09-12T19:49:03.7257033Z   * Post Run actions/setup-python@v5
2026-09-12T19:49:03.7257330Z   * Post Run actions/checkout@v4
2026-09-12T19:49:19.3645691Z Refreshing run status every 15 seconds. Press Ctrl+C to quit.
2026-09-12T19:49:19.3646120Z 
2026-09-12T19:49:19.3646634Z * phase-3-historical-snapshot CI · 34715001971
2026-09-12T19:49:19.3647123Z Triggered via push about 5 minutes ago
2026-09-12T19:49:19.3647384Z 
2026-09-12T19:49:19.3647494Z JOBS
2026-09-12T19:49:19.3647700Z * test (ID 103610558202)
2026-09-12T19:49:19.3648262Z   ✓ Set up job
2026-09-12T19:49:19.3648551Z   ✓ Run actions/checkout@v4
2026-09-12T19:49:19.3648866Z   ✓ Run actions/setup-python@v5
2026-09-12T19:49:19.3649161Z   ✓ Install package
2026-09-12T19:49:19.3649382Z   * Run tests
2026-09-12T19:49:19.3649587Z   * Compile
2026-09-12T19:49:19.3649878Z   * Post Run actions/setup-python@v5
2026-09-12T19:49:19.3650292Z   * Post Run actions/checkout@v4
2026-09-12T19:49:34.9356927Z Refreshing run status every 15 seconds. Press Ctrl+C to quit.
2026-09-12T19:49:34.9357327Z 
2026-09-12T19:49:34.9358956Z * phase-3-historical-snapshot CI · 34715001971
2026-09-12T19:49:34.9359681Z Triggered via push about 5 minutes ago
2026-09-12T19:49:34.9360094Z 
2026-09-12T19:49:34.9360248Z JOBS
2026-09-12T19:49:34.9360591Z * test (ID 103610558202)
2026-09-12T19:49:34.9360993Z   ✓ Set up job
2026-09-12T19:49:34.9361296Z   ✓ Run actions/checkout@v4
2026-09-12T19:49:34.9361630Z   ✓ Run actions/setup-python@v5
2026-09-12T19:49:34.9361948Z   ✓ Install package
2026-09-12T19:49:34.9362191Z   * Run tests
2026-09-12T19:49:34.9362412Z   * Compile
2026-09-12T19:49:34.9362659Z   * Post Run actions/setup-python@v5
2026-09-12T19:49:34.9362994Z   * Post Run actions/checkout@v4
2026-09-12T19:49:50.4882630Z Refreshing run status every 15 seconds. Press Ctrl+C to quit.
2026-09-12T19:49:50.4883052Z 
2026-09-12T19:49:50.4883580Z * phase-3-historical-snapshot CI · 34715001971
2026-09-12T19:49:50.4884023Z Triggered via push about 6 minutes ago
2026-09-12T19:49:50.4884303Z 
2026-09-12T19:49:50.4884412Z JOBS
2026-09-12T19:49:50.4884729Z * test (ID 103610558202)
2026-09-12T19:49:50.4885041Z   ✓ Set up job
2026-09-12T19:49:50.4885302Z   ✓ Run actions/checkout@v4
2026-09-12T19:49:50.4885614Z   ✓ Run actions/setup-python@v5
2026-09-12T19:49:50.4885916Z   ✓ Install package
2026-09-12T19:49:50.4886139Z   * Run tests
2026-09-12T19:49:50.4886343Z   * Compile
2026-09-12T19:49:50.4886983Z   * Post Run actions/setup-python@v5
2026-09-12T19:49:50.4887292Z   * Post Run actions/checkout@v4
2026-09-12T19:50:05.9456552Z Refreshing run status every 15 seconds. Press Ctrl+C to quit.
2026-09-12T19:50:05.9456910Z 
2026-09-12T19:50:05.9457305Z * phase-3-historical-snapshot CI · 34715001971
2026-09-12T19:50:05.9457696Z Triggered via push about 6 minutes ago
2026-09-12T19:50:05.9457911Z 
2026-09-12T19:50:05.9458222Z JOBS
2026-09-12T19:50:05.9458435Z * test (ID 103610558202)
2026-09-12T19:50:05.9458717Z   ✓ Set up job
2026-09-12T19:50:05.9458978Z   ✓ Run actions/checkout@v4
2026-09-12T19:50:05.9459284Z   ✓ Run actions/setup-python@v5
2026-09-12T19:50:05.9459609Z   ✓ Install package
2026-09-12T19:50:05.9459833Z   * Run tests
2026-09-12T19:50:05.9460040Z   * Compile
2026-09-12T19:50:05.9460268Z   * Post Run actions/setup-python@v5
2026-09-12T19:50:05.9460581Z   * Post Run actions/checkout@v4
2026-09-12T19:50:21.4734174Z Refreshing run status every 15 seconds. Press Ctrl+C to quit.
2026-09-12T19:50:21.4734613Z 
2026-09-12T19:50:21.4735065Z * phase-3-historical-snapshot CI · 34715001971
2026-09-12T19:50:21.4735489Z Triggered via push about 6 minutes ago
2026-09-12T19:50:21.4735729Z 
2026-09-12T19:50:21.4735820Z JOBS
2026-09-12T19:50:21.4736048Z * test (ID 103610558202)
2026-09-12T19:50:21.4736358Z   ✓ Set up job
2026-09-12T19:50:21.4736657Z   ✓ Run actions/checkout@v4
2026-09-12T19:50:21.4737004Z   ✓ Run actions/setup-python@v5
2026-09-12T19:50:21.4737343Z   ✓ Install package
2026-09-12T19:50:21.4737596Z   * Run tests
2026-09-12T19:50:21.4737828Z   * Compile
2026-09-12T19:50:21.4738438Z   * Post Run actions/setup-python@v5
2026-09-12T19:50:21.4738793Z   * Post Run actions/checkout@v4
2026-09-12T19:50:37.0033981Z Refreshing run status every 15 seconds. Press Ctrl+C to quit.
2026-09-12T19:50:37.0034412Z 
2026-09-12T19:50:37.0034853Z * phase-3-historical-snapshot CI · 34715001971
2026-09-12T19:50:37.0035320Z Triggered via push about 7 minutes ago
2026-09-12T19:50:37.0035588Z 
2026-09-12T19:50:37.0035733Z JOBS
2026-09-12T19:50:37.0035985Z * test (ID 103610558202)
2026-09-12T19:50:37.0036319Z   ✓ Set up job
2026-09-12T19:50:37.0036640Z   ✓ Run actions/checkout@v4
2026-09-12T19:50:37.0037017Z   ✓ Run actions/setup-python@v5
2026-09-12T19:50:37.0037389Z   ✓ Install package
2026-09-12T19:50:37.0037666Z   * Run tests
2026-09-12T19:50:37.0037945Z   * Compile
2026-09-12T19:50:37.0038642Z   * Post Run actions/setup-python@v5
2026-09-12T19:50:37.0039029Z   * Post Run actions/checkout@v4
2026-09-12T19:50:52.5563810Z Refreshing run status every 15 seconds. Press Ctrl+C to quit.
2026-09-12T19:50:52.5564391Z 
2026-09-12T19:50:52.5564839Z * phase-3-historical-snapshot CI · 34715001971
2026-09-12T19:50:52.5565645Z Triggered via push about 7 minutes ago
2026-09-12T19:50:52.5565858Z 
2026-09-12T19:50:52.5565951Z JOBS
2026-09-12T19:50:52.5566154Z * test (ID 103610558202)
2026-09-12T19:50:52.5566434Z   ✓ Set up job
2026-09-12T19:50:52.5566699Z   ✓ Run actions/checkout@v4
2026-09-12T19:50:52.5567017Z   ✓ Run actions/setup-python@v5
2026-09-12T19:50:52.5567315Z   ✓ Install package
2026-09-12T19:50:52.5567538Z   * Run tests
2026-09-12T19:50:52.5567743Z   * Compile
2026-09-12T19:50:52.5568172Z   * Post Run actions/setup-python@v5
2026-09-12T19:50:52.5568492Z   * Post Run actions/checkout@v4
2026-09-12T19:51:08.1153450Z Refreshing run status every 15 seconds. Press Ctrl+C to quit.
2026-09-12T19:51:08.1153922Z 
2026-09-12T19:51:08.1154409Z * phase-3-historical-snapshot CI · 34715001971
2026-09-12T19:51:08.1154909Z Triggered via push about 7 minutes ago
2026-09-12T19:51:08.1155187Z 
2026-09-12T19:51:08.1155300Z JOBS
2026-09-12T19:51:08.1155565Z * test (ID 103610558202)
2026-09-12T19:51:08.1155962Z   ✓ Set up job
2026-09-12T19:51:08.1156307Z   ✓ Run actions/checkout@v4
2026-09-12T19:51:08.1156711Z   ✓ Run actions/setup-python@v5
2026-09-12T19:51:08.1157104Z   ✓ Install package
2026-09-12T19:51:08.1157403Z   * Run tests
2026-09-12T19:51:08.1157672Z   * Compile
2026-09-12T19:51:08.1157970Z   * Post Run actions/setup-python@v5
2026-09-12T19:51:08.1159199Z   * Post Run actions/checkout@v4
2026-09-12T19:51:23.6316883Z Refreshing run status every 15 seconds. Press Ctrl+C to quit.
2026-09-12T19:51:23.6317313Z 
2026-09-12T19:51:23.6317772Z * phase-3-historical-snapshot CI · 34715001971
2026-09-12T19:51:23.6318874Z Triggered via push about 7 minutes ago
2026-09-12T19:51:23.6319305Z 
2026-09-12T19:51:23.6319485Z JOBS
2026-09-12T19:51:23.6319892Z * test (ID 103610558202)
2026-09-12T19:51:23.6320478Z   ✓ Set up job
2026-09-12T19:51:23.6320983Z   ✓ Run actions/checkout@v4
2026-09-12T19:51:23.6321447Z   ✓ Run actions/setup-python@v5
2026-09-12T19:51:23.6321753Z   ✓ Install package
2026-09-12T19:51:23.6321978Z   * Run tests
2026-09-12T19:51:23.6322216Z   * Compile
2026-09-12T19:51:23.6322440Z   * Post Run actions/setup-python@v5
2026-09-12T19:51:23.6322744Z   * Post Run actions/checkout@v4
2026-09-12T19:51:39.3709686Z ✓ phase-3-historical-snapshot CI · 34715001971
2026-09-12T19:51:39.3710345Z Triggered via push about 8 minutes ago
2026-09-12T19:51:39.3710747Z 
2026-09-12T19:51:39.3710886Z JOBS
2026-09-12T19:51:39.3711311Z ✓ test in 7m18s (ID 103610558202)
2026-09-12T19:51:39.3711803Z   ✓ Set up job
2026-09-12T19:51:39.3712233Z   ✓ Run actions/checkout@v4
2026-09-12T19:51:39.3712663Z   ✓ Run actions/setup-python@v5
2026-09-12T19:51:39.3712981Z   ✓ Install package
2026-09-12T19:51:39.3713242Z   ✓ Run tests
2026-09-12T19:51:39.3713482Z   ✓ Compile
2026-09-12T19:51:39.3713763Z   ✓ Post Run actions/setup-python@v5
2026-09-12T19:51:39.3714123Z   ✓ Post Run actions/checkout@v4
2026-09-12T19:51:39.3714437Z   ✓ Complete job
2026-09-12T19:51:41.0894437Z ##[group]Run gh api --method POST repos/RoomyRems/momentumbot/git/refs -f ref=refs/tags/early-pullback-census-diagnostic-v0.1-consumed -f sha="$GITHUB_SHA" > diagnostic-preflight/consumed-ref.json
2026-09-12T19:51:41.0895909Z [36;1mgh api --method POST repos/RoomyRems/momentumbot/git/refs -f ref=refs/tags/early-pullback-census-diagnostic-v0.1-consumed -f sha="$GITHUB_SHA" > diagnostic-preflight/consumed-ref.json[0m
2026-09-12T19:51:41.0896823Z [36;1mpython scripts/run_census_payload_diagnostic.py prepare[0m
2026-09-12T19:51:41.0934618Z shell: /usr/bin/bash -e {0}
2026-09-12T19:51:41.0934891Z env:
2026-09-12T19:51:41.0935125Z   PYTHONPATH: src:scripts
2026-09-12T19:51:41.0935388Z   PYTHONDONTWRITEBYTECODE: 1
2026-09-12T19:51:41.0935707Z   pythonLocation: /opt/hostedtoolcache/Python/3.12.14/x64
2026-09-12T19:51:41.0936161Z   PKG_CONFIG_PATH: /opt/hostedtoolcache/Python/3.12.14/x64/lib/pkgconfig
2026-09-12T19:51:41.0936676Z   Python_ROOT_DIR: /opt/hostedtoolcache/Python/3.12.14/x64
2026-09-12T19:51:41.0937069Z   Python2_ROOT_DIR: /opt/hostedtoolcache/Python/3.12.14/x64
2026-09-12T19:51:41.0937636Z   Python3_ROOT_DIR: /opt/hostedtoolcache/Python/3.12.14/x64
2026-09-12T19:51:41.0938239Z   LD_LIBRARY_PATH: /opt/hostedtoolcache/Python/3.12.14/x64/lib
2026-09-12T19:51:41.0940832Z   GH_TOKEN: ***
2026-09-12T19:51:41.0941044Z ##[endgroup]
2026-09-12T19:51:43.1831460Z Node 20 is being deprecated. This workflow is running with Node 24 by default. If you need to temporarily use Node 20, you can set the ACTIONS_ALLOW_USE_UNSECURE_NODE_VERSION=true environment variable. For more information see: https://github.blog/changelog/2025-09-19-deprecation-of-node-20-on-github-actions-runners/
2026-09-12T19:51:43.1832869Z ##[group]Run actions/upload-artifact@ea165f8d65b6e75b540449e92b4886f43607fa02
2026-09-12T19:51:43.1833262Z with:
2026-09-12T19:51:43.1833599Z   name: early-pullback-census-diagnostic-v0.1-consumption-34715001958-1
2026-09-12T19:51:43.1834031Z   path: diagnostic-preflight
2026-09-12T19:51:43.1834286Z   if-no-files-found: error
2026-09-12T19:51:43.1834515Z   retention-days: 90
2026-09-12T19:51:43.1834744Z   compression-level: 6
2026-09-12T19:51:43.1834960Z   overwrite: false
2026-09-12T19:51:43.1835171Z   include-hidden-files: false
2026-09-12T19:51:43.1835406Z env:
2026-09-12T19:51:43.1835591Z   PYTHONPATH: src:scripts
2026-09-12T19:51:43.1835850Z   PYTHONDONTWRITEBYTECODE: 1
2026-09-12T19:51:43.1836161Z   pythonLocation: /opt/hostedtoolcache/Python/3.12.14/x64
2026-09-12T19:51:43.1836588Z   PKG_CONFIG_PATH: /opt/hostedtoolcache/Python/3.12.14/x64/lib/pkgconfig
2026-09-12T19:51:43.1837006Z   Python_ROOT_DIR: /opt/hostedtoolcache/Python/3.12.14/x64
2026-09-12T19:51:43.1837383Z   Python2_ROOT_DIR: /opt/hostedtoolcache/Python/3.12.14/x64
2026-09-12T19:51:43.1837765Z   Python3_ROOT_DIR: /opt/hostedtoolcache/Python/3.12.14/x64
2026-09-12T19:51:43.1838331Z   LD_LIBRARY_PATH: /opt/hostedtoolcache/Python/3.12.14/x64/lib
2026-09-12T19:51:43.1838651Z ##[endgroup]
2026-09-12T19:51:43.3471977Z (node:2545) [DEP0040] DeprecationWarning: The `punycode` module is deprecated. Please use a userland alternative instead.
2026-09-12T19:51:43.3473350Z (Use `node --trace-deprecation ...` to show where the warning was created)
2026-09-12T19:51:43.3582939Z With the provided path, there will be 6 files uploaded
2026-09-12T19:51:43.3584226Z Artifact name is valid!
2026-09-12T19:51:43.3584904Z Root directory input is valid!
2026-09-12T19:51:43.6384808Z Beginning upload of artifact content to blob storage
2026-09-12T19:51:43.6670089Z (node:2545) [DEP0169] DeprecationWarning: `url.parse()` behavior is not standardized and prone to errors that have security implications. Use the WHATWG URL API instead. CVEs are not issued for `url.parse()` vulnerabilities.
2026-09-12T19:51:43.8210986Z Uploaded bytes 24766
2026-09-12T19:51:43.8613621Z Finished uploading artifact content to blob storage!
2026-09-12T19:51:43.8614664Z SHA256 digest of uploaded artifact zip is 327576093c14785d651487372c20897fba9c380fc1b0d0836467a79987f7de51
2026-09-12T19:51:43.8615484Z Finalizing artifact upload
2026-09-12T19:51:44.0715043Z Artifact early-pullback-census-diagnostic-v0.1-consumption-34715001958-1.zip successfully finalized. Artifact ID 10304832381
2026-09-12T19:51:44.0717393Z Artifact early-pullback-census-diagnostic-v0.1-consumption-34715001958-1 has been successfully uploaded! Final size is 24766 bytes. Artifact ID is 10304832381
2026-09-12T19:51:44.0723532Z Artifact download URL: https://github.com/RoomyRems/momentumbot/actions/runs/34715001958/artifacts/10304832381
2026-09-12T19:51:44.0902084Z Node 20 is being deprecated. This workflow is running with Node 24 by default. If you need to temporarily use Node 20, you can set the ACTIONS_ALLOW_USE_UNSECURE_NODE_VERSION=true environment variable. For more information see: https://github.blog/changelog/2025-09-19-deprecation-of-node-20-on-github-actions-runners/
2026-09-12T19:51:44.0903348Z Post job cleanup.
2026-09-12T19:51:44.2130289Z (node:2557) [DEP0040] DeprecationWarning: The `punycode` module is deprecated. Please use a userland alternative instead.
2026-09-12T19:51:44.2131195Z (Use `node --trace-deprecation ...` to show where the warning was created)
2026-09-12T19:51:44.2329292Z Node 20 is being deprecated. This workflow is running with Node 24 by default. If you need to temporarily use Node 20, you can set the ACTIONS_ALLOW_USE_UNSECURE_NODE_VERSION=true environment variable. For more information see: https://github.blog/changelog/2025-09-19-deprecation-of-node-20-on-github-actions-runners/
2026-09-12T19:51:44.2331443Z Post job cleanup.
2026-09-12T19:51:44.3203622Z [command]/usr/bin/git version
2026-09-12T19:51:44.3247284Z git version 2.55.0
2026-09-12T19:51:44.3292957Z Temporarily overriding HOME='/home/runner/work/_temp/826af283-394d-4a46-a868-8d323cd6abbc' before making global git config changes
2026-09-12T19:51:44.3293791Z Adding repository directory to the temporary git global config as a safe directory
2026-09-12T19:51:44.3297682Z [command]/usr/bin/git config --global --add safe.directory /home/runner/work/momentumbot/momentumbot
2026-09-12T19:51:44.3337440Z [command]/usr/bin/git config --local --name-only --get-regexp core\.sshCommand
2026-09-12T19:51:44.3373016Z [command]/usr/bin/git submodule foreach --recursive sh -c "git config --local --name-only --get-regexp 'core\.sshCommand' && git config --local --unset-all 'core.sshCommand' || :"
2026-09-12T19:51:44.3636622Z [command]/usr/bin/git config --local --name-only --get-regexp http\.https\:\/\/github\.com\/\.extraheader
2026-09-12T19:51:44.3674302Z [command]/usr/bin/git submodule foreach --recursive sh -c "git config --local --name-only --get-regexp 'http\.https\:\/\/github\.com\/\.extraheader' && git config --local --unset-all 'http.https://github.com/.extraheader' || :"
2026-09-12T19:51:44.4145495Z Evaluate and set job outputs
2026-09-12T19:51:44.4152329Z Set output 'artifact_id'
2026-09-12T19:51:44.4154682Z Set output 'inventory_sha256'
2026-09-12T19:51:44.4156484Z Cleaning up orphan processes
2026-09-12T19:51:44.4456316Z ##[warning]Node.js 20 is deprecated. The following actions target Node.js 20 but are being forced to run on Node.js 24: actions/checkout@11bd71901bbe5b1630ceea73d27597364c9af683, actions/setup-python@42375524e23c412d93fb67b49958b491fce71c38, actions/upload-artifact@ea165f8d65b6e75b540449e92b4886f43607fa02. For more information see: https://github.blog/changelog/2025-09-19-deprecation-of-node-20-on-github-actions-runners/
