2026-09-12T19:52:05.2743448Z Current runner version: '2.337.0'
2026-09-12T19:52:05.2768212Z ##[group]Runner Image Provisioner
2026-09-12T19:52:05.2769202Z Hosted Compute Agent
2026-09-12T19:52:05.2769817Z Version: 20260828.587
2026-09-12T19:52:05.2770457Z Commit: abac92662cab4cc7352de4f9f9d2e2419aad9c29
2026-09-12T19:52:05.2771301Z Build Date: 2026-08-28T16:44:25Z
2026-09-12T19:52:05.2771993Z Worker ID: {a49bdbf0-06a7-4290-b42a-52263465e8f3}
2026-09-12T19:52:05.2772737Z Azure Region: westus
2026-09-12T19:52:05.2773365Z ##[endgroup]
2026-09-12T19:52:05.2774966Z ##[group]Operating System
2026-09-12T19:52:05.2776151Z Ubuntu
2026-09-12T19:52:05.2776704Z 24.04.5
2026-09-12T19:52:05.2777520Z LTS
2026-09-12T19:52:05.2778075Z ##[endgroup]
2026-09-12T19:52:05.2778646Z ##[group]Runner Image
2026-09-12T19:52:05.2779378Z Image: ubuntu-24.04
2026-09-12T19:52:05.2779970Z Version: 20260907.300.1
2026-09-12T19:52:05.2781281Z Included Software: https://github.com/actions/runner-images/blob/ubuntu24/20260907.300/images/ubuntu/Ubuntu2404-Readme.md
2026-09-12T19:52:05.2782850Z Image Release: https://github.com/actions/runner-images/releases/tag/ubuntu24%2F20260907.300
2026-09-12T19:52:05.2783898Z ##[endgroup]
2026-09-12T19:52:05.2785070Z ##[group]GITHUB_TOKEN Permissions
2026-09-12T19:52:05.2787424Z Actions: read
2026-09-12T19:52:05.2788057Z Contents: read
2026-09-12T19:52:05.2788798Z Metadata: read
2026-09-12T19:52:05.2789368Z ##[endgroup]
2026-09-12T19:52:05.2791460Z Secret source: Actions
2026-09-12T19:52:05.2792548Z Cache mode: write
2026-09-12T19:52:05.2793284Z Prepare workflow directory
2026-09-12T19:52:05.3380888Z Prepare all required actions
2026-09-12T19:52:05.3429040Z Getting action download info
2026-09-12T19:52:05.6948695Z Download action repository 'actions/checkout@11bd71901bbe5b1630ceea73d27597364c9af683' (SHA:11bd71901bbe5b1630ceea73d27597364c9af683)
2026-09-12T19:52:05.7959660Z Download action repository 'actions/setup-python@42375524e23c412d93fb67b49958b491fce71c38' (SHA:42375524e23c412d93fb67b49958b491fce71c38)
2026-09-12T19:52:06.0724949Z Download action repository 'actions/download-artifact@d3f86a106a0bac45b974a628896c90dbdf5c8093' (SHA:d3f86a106a0bac45b974a628896c90dbdf5c8093)
2026-09-12T19:52:06.5014571Z Download action repository 'actions/upload-artifact@ea165f8d65b6e75b540449e92b4886f43607fa02' (SHA:ea165f8d65b6e75b540449e92b4886f43607fa02)
2026-09-12T19:52:06.7157804Z Complete job name: diagnose
2026-09-12T19:52:06.7995985Z Node 20 is being deprecated. This workflow is running with Node 24 by default. If you need to temporarily use Node 20, you can set the ACTIONS_ALLOW_USE_UNSECURE_NODE_VERSION=true environment variable. For more information see: https://github.blog/changelog/2025-09-19-deprecation-of-node-20-on-github-actions-runners/
2026-09-12T19:52:06.8005423Z ##[group]Run actions/checkout@11bd71901bbe5b1630ceea73d27597364c9af683
2026-09-12T19:52:06.8006455Z with:
2026-09-12T19:52:06.8007335Z   fetch-depth: 2
2026-09-12T19:52:06.8008103Z   persist-credentials: false
2026-09-12T19:52:06.8008969Z   repository: RoomyRems/momentumbot
2026-09-12T19:52:06.8014826Z   token: ***
2026-09-12T19:52:06.8015367Z   ssh-strict: true
2026-09-12T19:52:06.8015865Z   ssh-user: git
2026-09-12T19:52:06.8016343Z   clean: true
2026-09-12T19:52:06.8017149Z   sparse-checkout-cone-mode: true
2026-09-12T19:52:06.8017788Z   fetch-tags: false
2026-09-12T19:52:06.8018294Z   show-progress: true
2026-09-12T19:52:06.8018882Z   lfs: false
2026-09-12T19:52:06.8019357Z   submodules: false
2026-09-12T19:52:06.8019872Z   set-safe-directory: true
2026-09-12T19:52:06.8020786Z env:
2026-09-12T19:52:06.8021267Z   PYTHONPATH: src:scripts
2026-09-12T19:52:06.8021822Z   PYTHONDONTWRITEBYTECODE: 1
2026-09-12T19:52:06.8022423Z   DIAGNOSTIC_PREFLIGHT_ARTIFACT_ID: 10304832381
2026-09-12T19:52:06.8023413Z   DIAGNOSTIC_PREFLIGHT_SHA256: f3680d6f8e10d7eb0329bf39d02f5d9497b376bc4467596a3ea344cb7a1f2581
2026-09-12T19:52:06.8024347Z ##[endgroup]
2026-09-12T19:52:06.9039490Z Syncing repository: RoomyRems/momentumbot
2026-09-12T19:52:06.9041538Z ##[group]Getting Git version info
2026-09-12T19:52:06.9043429Z Working directory is '/home/runner/work/momentumbot/momentumbot'
2026-09-12T19:52:06.9045023Z [command]/usr/bin/git version
2026-09-12T19:52:06.9176072Z git version 2.55.0
2026-09-12T19:52:06.9202693Z ##[endgroup]
2026-09-12T19:52:06.9218976Z Temporarily overriding HOME='/home/runner/work/_temp/58632517-4720-486b-90a5-6ba08667920f' before making global git config changes
2026-09-12T19:52:06.9221562Z Adding repository directory to the temporary git global config as a safe directory
2026-09-12T19:52:06.9225017Z [command]/usr/bin/git config --global --add safe.directory /home/runner/work/momentumbot/momentumbot
2026-09-12T19:52:06.9281720Z Deleting the contents of '/home/runner/work/momentumbot/momentumbot'
2026-09-12T19:52:06.9285857Z ##[group]Initializing the repository
2026-09-12T19:52:06.9291618Z [command]/usr/bin/git init /home/runner/work/momentumbot/momentumbot
2026-09-12T19:52:06.9409108Z hint: Using 'master' as the name for the initial branch. This default branch name
2026-09-12T19:52:06.9410506Z hint: will change to "main" in Git 3.0. To configure the initial branch name
2026-09-12T19:52:06.9411602Z hint: to use in all of your new repositories, which will suppress this warning,
2026-09-12T19:52:06.9412452Z hint: call:
2026-09-12T19:52:06.9412913Z hint:
2026-09-12T19:52:06.9413793Z hint: 	git config --global init.defaultBranch <name>
2026-09-12T19:52:06.9414559Z hint:
2026-09-12T19:52:06.9415627Z hint: Names commonly chosen instead of 'master' are 'main', 'trunk' and
2026-09-12T19:52:06.9417496Z hint: 'development'. The just-created branch can be renamed via this command:
2026-09-12T19:52:06.9418697Z hint:
2026-09-12T19:52:06.9419665Z hint: 	git branch -m <name>
2026-09-12T19:52:06.9420275Z hint:
2026-09-12T19:52:06.9421013Z hint: Disable this message with "git config set advice.defaultBranchName false"
2026-09-12T19:52:06.9422867Z Initialized empty Git repository in /home/runner/work/momentumbot/momentumbot/.git/
2026-09-12T19:52:06.9427975Z [command]/usr/bin/git remote add origin https://github.com/RoomyRems/momentumbot
2026-09-12T19:52:06.9479830Z ##[endgroup]
2026-09-12T19:52:06.9481333Z ##[group]Disabling automatic garbage collection
2026-09-12T19:52:06.9482833Z [command]/usr/bin/git config --local gc.auto 0
2026-09-12T19:52:06.9515697Z ##[endgroup]
2026-09-12T19:52:06.9517590Z ##[group]Setting up auth
2026-09-12T19:52:06.9523323Z [command]/usr/bin/git config --local --name-only --get-regexp core\.sshCommand
2026-09-12T19:52:06.9557048Z [command]/usr/bin/git submodule foreach --recursive sh -c "git config --local --name-only --get-regexp 'core\.sshCommand' && git config --local --unset-all 'core.sshCommand' || :"
2026-09-12T19:52:06.9964943Z [command]/usr/bin/git config --local --name-only --get-regexp http\.https\:\/\/github\.com\/\.extraheader
2026-09-12T19:52:07.0009679Z [command]/usr/bin/git submodule foreach --recursive sh -c "git config --local --name-only --get-regexp 'http\.https\:\/\/github\.com\/\.extraheader' && git config --local --unset-all 'http.https://github.com/.extraheader' || :"
2026-09-12T19:52:07.0244196Z [command]/usr/bin/git config --local http.https://github.com/.extraheader AUTHORIZATION: basic ***
2026-09-12T19:52:07.0285848Z ##[endgroup]
2026-09-12T19:52:07.0286738Z ##[group]Fetching the repository
2026-09-12T19:52:07.0296672Z [command]/usr/bin/git -c protocol.version=2 fetch --no-tags --prune --no-recurse-submodules --depth=2 origin +7bba0854cbfbf58dbe79ce3f0fd8b6f3ac02ee17:refs/remotes/origin/phase-3-historical-snapshot
2026-09-12T19:52:08.3672419Z From https://github.com/RoomyRems/momentumbot
2026-09-12T19:52:08.3676031Z  * [new ref]         7bba0854cbfbf58dbe79ce3f0fd8b6f3ac02ee17 -> origin/phase-3-historical-snapshot
2026-09-12T19:52:08.3680045Z ##[endgroup]
2026-09-12T19:52:08.3681257Z ##[group]Determining the checkout info
2026-09-12T19:52:08.3682687Z ##[endgroup]
2026-09-12T19:52:08.3688106Z [command]/usr/bin/git sparse-checkout disable
2026-09-12T19:52:08.3745666Z [command]/usr/bin/git config --local --unset-all extensions.worktreeConfig
2026-09-12T19:52:08.3779224Z ##[group]Checking out the ref
2026-09-12T19:52:08.3784342Z [command]/usr/bin/git checkout --progress --force -B phase-3-historical-snapshot refs/remotes/origin/phase-3-historical-snapshot
2026-09-12T19:52:08.5697831Z Switched to a new branch 'phase-3-historical-snapshot'
2026-09-12T19:52:08.5709633Z branch 'phase-3-historical-snapshot' set up to track 'origin/phase-3-historical-snapshot'.
2026-09-12T19:52:08.5721530Z ##[endgroup]
2026-09-12T19:52:08.5781044Z [command]/usr/bin/git log -1 --format=%H
2026-09-12T19:52:08.5826016Z 7bba0854cbfbf58dbe79ce3f0fd8b6f3ac02ee17
2026-09-12T19:52:08.5917452Z ##[group]Removing auth
2026-09-12T19:52:08.5920913Z [command]/usr/bin/git config --local --name-only --get-regexp core\.sshCommand
2026-09-12T19:52:08.5934993Z [command]/usr/bin/git submodule foreach --recursive sh -c "git config --local --name-only --get-regexp 'core\.sshCommand' && git config --local --unset-all 'core.sshCommand' || :"
2026-09-12T19:52:08.6121622Z [command]/usr/bin/git config --local --name-only --get-regexp http\.https\:\/\/github\.com\/\.extraheader
2026-09-12T19:52:08.6151968Z http.https://github.com/.extraheader
2026-09-12T19:52:08.6160149Z [command]/usr/bin/git config --local --unset-all http.https://github.com/.extraheader
2026-09-12T19:52:08.6196212Z [command]/usr/bin/git submodule foreach --recursive sh -c "git config --local --name-only --get-regexp 'http\.https\:\/\/github\.com\/\.extraheader' && git config --local --unset-all 'http.https://github.com/.extraheader' || :"
2026-09-12T19:52:08.6418559Z ##[endgroup]
2026-09-12T19:52:08.6780738Z Node 20 is being deprecated. This workflow is running with Node 24 by default. If you need to temporarily use Node 20, you can set the ACTIONS_ALLOW_USE_UNSECURE_NODE_VERSION=true environment variable. For more information see: https://github.blog/changelog/2025-09-19-deprecation-of-node-20-on-github-actions-runners/
2026-09-12T19:52:08.6787356Z ##[group]Run actions/setup-python@42375524e23c412d93fb67b49958b491fce71c38
2026-09-12T19:52:08.6789017Z with:
2026-09-12T19:52:08.6789913Z   python-version: 3.12.14
2026-09-12T19:52:08.6790969Z   check-latest: false
2026-09-12T19:52:08.6801573Z   token: ***
2026-09-12T19:52:08.6802506Z   update-environment: true
2026-09-12T19:52:08.6803591Z   allow-prereleases: false
2026-09-12T19:52:08.6804622Z env:
2026-09-12T19:52:08.6805466Z   PYTHONPATH: src:scripts
2026-09-12T19:52:08.6806547Z   PYTHONDONTWRITEBYTECODE: 1
2026-09-12T19:52:08.6807908Z   DIAGNOSTIC_PREFLIGHT_ARTIFACT_ID: 10304832381
2026-09-12T19:52:08.6810064Z   DIAGNOSTIC_PREFLIGHT_SHA256: f3680d6f8e10d7eb0329bf39d02f5d9497b376bc4467596a3ea344cb7a1f2581
2026-09-12T19:52:08.6812075Z ##[endgroup]
2026-09-12T19:52:08.8195462Z ##[group]Installed versions
2026-09-12T19:52:08.8240173Z (node:2287) [DEP0040] DeprecationWarning: The `punycode` module is deprecated. Please use a userland alternative instead.
2026-09-12T19:52:08.8245039Z (Use `node --trace-deprecation ...` to show where the warning was created)
2026-09-12T19:52:08.8248304Z Successfully set up CPython (3.12.14)
2026-09-12T19:52:08.8251366Z ##[endgroup]
2026-09-12T19:52:08.8487338Z ##[group]Run python -m pip install --disable-pip-version-check --require-hashes --only-binary=:all: --no-deps -r requirements-sealed-source-v04.txt
2026-09-12T19:52:08.8491688Z [36;1mpython -m pip install --disable-pip-version-check --require-hashes --only-binary=:all: --no-deps -r requirements-sealed-source-v04.txt[0m
2026-09-12T19:52:08.8495112Z [36;1mpython -m pip install --disable-pip-version-check --no-deps --no-build-isolation -e .[0m
2026-09-12T19:52:08.8497300Z [36;1mpython -m pip check[0m
2026-09-12T19:52:08.8571327Z shell: /usr/bin/bash -e {0}
2026-09-12T19:52:08.8572506Z env:
2026-09-12T19:52:08.8573582Z   PYTHONPATH: src:scripts
2026-09-12T19:52:08.8574981Z   PYTHONDONTWRITEBYTECODE: 1
2026-09-12T19:52:08.8576984Z   DIAGNOSTIC_PREFLIGHT_ARTIFACT_ID: 10304832381
2026-09-12T19:52:08.8581058Z   DIAGNOSTIC_PREFLIGHT_SHA256: f3680d6f8e10d7eb0329bf39d02f5d9497b376bc4467596a3ea344cb7a1f2581
2026-09-12T19:52:08.8585414Z   pythonLocation: /opt/hostedtoolcache/Python/3.12.14/x64
2026-09-12T19:52:08.8588142Z   PKG_CONFIG_PATH: /opt/hostedtoolcache/Python/3.12.14/x64/lib/pkgconfig
2026-09-12T19:52:08.8590181Z   Python_ROOT_DIR: /opt/hostedtoolcache/Python/3.12.14/x64
2026-09-12T19:52:08.8592493Z   Python2_ROOT_DIR: /opt/hostedtoolcache/Python/3.12.14/x64
2026-09-12T19:52:08.8594405Z   Python3_ROOT_DIR: /opt/hostedtoolcache/Python/3.12.14/x64
2026-09-12T19:52:08.8597381Z   LD_LIBRARY_PATH: /opt/hostedtoolcache/Python/3.12.14/x64/lib
2026-09-12T19:52:08.8599676Z ##[endgroup]
2026-09-12T19:52:10.1238776Z Requirement already satisfied: pip==26.2.1 in /opt/hostedtoolcache/Python/3.12.14/x64/lib/python3.12/site-packages (from -r requirements-sealed-source-v04.txt (line 6)) (26.2.1)
2026-09-12T19:52:10.2581692Z Collecting setuptools==84.0.0 (from -r requirements-sealed-source-v04.txt (line 8))
2026-09-12T19:52:10.3053679Z   Downloading setuptools-84.0.0-py3-none-any.whl (818 kB)
2026-09-12T19:52:10.3591686Z      ━━━━━━━━━━━━━━━━━━━━━━━━━━━━━━━━━━━━━━━━ 818.2/818.2 kB 55.1 MB/s  0:00:00
2026-09-12T19:52:10.3824150Z Collecting wheel==0.48.0 (from -r requirements-sealed-source-v04.txt (line 10))
2026-09-12T19:52:10.3852823Z   Downloading wheel-0.48.0-py3-none-any.whl (33 kB)
2026-09-12T19:52:10.4036722Z Collecting packaging==26.3 (from -r requirements-sealed-source-v04.txt (line 12))
2026-09-12T19:52:10.4066426Z   Downloading packaging-26.3-py3-none-any.whl (129 kB)
2026-09-12T19:52:10.6078745Z Collecting numpy==2.3.5 (from -r requirements-sealed-source-v04.txt (line 14))
2026-09-12T19:52:10.6156680Z   Downloading numpy-2.3.5-cp312-cp312-manylinux_2_27_x86_64.manylinux_2_28_x86_64.whl (16.6 MB)
2026-09-12T19:52:10.7312290Z      ━━━━━━━━━━━━━━━━━━━━━━━━━━━━━━━━━━━━━━━━ 16.6/16.6 MB 147.2 MB/s  0:00:00
2026-09-12T19:52:10.8569239Z Collecting pandas==2.2.3 (from -r requirements-sealed-source-v04.txt (line 16))
2026-09-12T19:52:10.8643052Z   Downloading pandas-2.2.3-cp312-cp312-manylinux_2_17_x86_64.manylinux2014_x86_64.whl (12.7 MB)
2026-09-12T19:52:10.9278987Z      ━━━━━━━━━━━━━━━━━━━━━━━━━━━━━━━━━━━━━━━━ 12.7/12.7 MB 204.2 MB/s  0:00:00
2026-09-12T19:52:10.9996478Z Collecting PyYAML==6.0.3 (from -r requirements-sealed-source-v04.txt (line 18))
2026-09-12T19:52:11.0098258Z   Downloading pyyaml-6.0.3-cp312-cp312-manylinux2014_x86_64.manylinux_2_17_x86_64.manylinux_2_28_x86_64.whl (807 kB)
2026-09-12T19:52:11.0165144Z      ━━━━━━━━━━━━━━━━━━━━━━━━━━━━━━━━━━━━━━━━ 807.9/807.9 kB 125.2 MB/s  0:00:00
2026-09-12T19:52:11.0277481Z Collecting python-dateutil==2.9.0.post0 (from -r requirements-sealed-source-v04.txt (line 20))
2026-09-12T19:52:11.0310110Z   Downloading python_dateutil-2.9.0.post0-py2.py3-none-any.whl (229 kB)
2026-09-12T19:52:11.0616058Z Collecting pytz==2026.3.post1 (from -r requirements-sealed-source-v04.txt (line 22))
2026-09-12T19:52:11.0645589Z   Downloading pytz-2026.3.post1-py2.py3-none-any.whl (508 kB)
2026-09-12T19:52:11.0823325Z Collecting tzdata==2026.3 (from -r requirements-sealed-source-v04.txt (line 24))
2026-09-12T19:52:11.0854356Z   Downloading tzdata-2026.3-py2.py3-none-any.whl (348 kB)
2026-09-12T19:52:11.1004782Z Collecting six==1.17.0 (from -r requirements-sealed-source-v04.txt (line 26))
2026-09-12T19:52:11.1033023Z   Downloading six-1.17.0-py2.py3-none-any.whl (11 kB)
2026-09-12T19:52:11.1861106Z Installing collected packages: pytz, wheel, tzdata, six, setuptools, PyYAML, python-dateutil, pandas, packaging, numpy
2026-09-12T19:52:18.7489922Z 
2026-09-12T19:52:18.7507571Z Successfully installed PyYAML-6.0.3 numpy-2.3.5 packaging-26.3 pandas-2.2.3 python-dateutil-2.9.0.post0 pytz-2026.3.post1 setuptools-84.0.0 six-1.17.0 tzdata-2026.3 wheel-0.48.0
2026-09-12T19:52:19.1251362Z Obtaining file:///home/runner/work/momentumbot/momentumbot
2026-09-12T19:52:19.1266318Z   Checking if build backend supports build_editable: started
2026-09-12T19:52:19.3426689Z   Checking if build backend supports build_editable: finished with status 'done'
2026-09-12T19:52:19.3434982Z   Preparing editable metadata (pyproject.toml): started
2026-09-12T19:52:19.6051219Z   Preparing editable metadata (pyproject.toml): finished with status 'done'
2026-09-12T19:52:19.6095656Z Building wheels for collected packages: momentumbot
2026-09-12T19:52:19.6103527Z   Building editable for momentumbot (pyproject.toml): started
2026-09-12T19:52:19.8823250Z   Building editable for momentumbot (pyproject.toml): finished with status 'done'
2026-09-12T19:52:19.8830884Z   Created wheel for momentumbot: filename=momentumbot-0.2.0-0.editable-py3-none-any.whl size=4119 sha256=2ccfc648e66783f59927a30c07d18adcb452e8ae3df0cb8d248bcd5f2e87e66a
2026-09-12T19:52:19.8833653Z   Stored in directory: /tmp/pip-ephem-wheel-cache-j_815cik/wheels/07/cb/80/ea9ec0ff3434472434457f9dbf823fffe4e1a99167faeb982a
2026-09-12T19:52:19.8857520Z Successfully built momentumbot
2026-09-12T19:52:19.9009031Z Installing collected packages: momentumbot
2026-09-12T19:52:19.9090619Z Successfully installed momentumbot-0.2.0
2026-09-12T19:52:20.1711473Z No broken requirements found.
2026-09-12T19:52:20.2019963Z Node 20 is being deprecated. This workflow is running with Node 24 by default. If you need to temporarily use Node 20, you can set the ACTIONS_ALLOW_USE_UNSECURE_NODE_VERSION=true environment variable. For more information see: https://github.blog/changelog/2025-09-19-deprecation-of-node-20-on-github-actions-runners/
2026-09-12T19:52:20.2021397Z ##[group]Run actions/download-artifact@d3f86a106a0bac45b974a628896c90dbdf5c8093
2026-09-12T19:52:20.2021791Z with:
2026-09-12T19:52:20.2021986Z   artifact-ids: 10304832381
2026-09-12T19:52:20.2022235Z   path: diagnostic-preflight
2026-09-12T19:52:20.2022489Z   merge-multiple: true
2026-09-12T19:52:20.2022727Z   repository: RoomyRems/momentumbot
2026-09-12T19:52:20.2022982Z   run-id: 34715001958
2026-09-12T19:52:20.2023193Z env:
2026-09-12T19:52:20.2023387Z   PYTHONPATH: src:scripts
2026-09-12T19:52:20.2023630Z   PYTHONDONTWRITEBYTECODE: 1
2026-09-12T19:52:20.2023907Z   DIAGNOSTIC_PREFLIGHT_ARTIFACT_ID: 10304832381
2026-09-12T19:52:20.2024415Z   DIAGNOSTIC_PREFLIGHT_SHA256: f3680d6f8e10d7eb0329bf39d02f5d9497b376bc4467596a3ea344cb7a1f2581
2026-09-12T19:52:20.2024950Z   pythonLocation: /opt/hostedtoolcache/Python/3.12.14/x64
2026-09-12T19:52:20.2025374Z   PKG_CONFIG_PATH: /opt/hostedtoolcache/Python/3.12.14/x64/lib/pkgconfig
2026-09-12T19:52:20.2025796Z   Python_ROOT_DIR: /opt/hostedtoolcache/Python/3.12.14/x64
2026-09-12T19:52:20.2026175Z   Python2_ROOT_DIR: /opt/hostedtoolcache/Python/3.12.14/x64
2026-09-12T19:52:20.2026547Z   Python3_ROOT_DIR: /opt/hostedtoolcache/Python/3.12.14/x64
2026-09-12T19:52:20.2027260Z   LD_LIBRARY_PATH: /opt/hostedtoolcache/Python/3.12.14/x64/lib
2026-09-12T19:52:20.2027604Z ##[endgroup]
2026-09-12T19:52:20.3506658Z Downloading artifacts by ID
2026-09-12T19:52:20.3686972Z (node:2353) [DEP0040] DeprecationWarning: The `punycode` module is deprecated. Please use a userland alternative instead.
2026-09-12T19:52:20.3687893Z (Use `node --trace-deprecation ...` to show where the warning was created)
2026-09-12T19:52:20.6351801Z Found 1 artifact(s)
2026-09-12T19:52:20.6352935Z Preparing to download the following artifacts:
2026-09-12T19:52:20.6354507Z - early-pullback-census-diagnostic-v0.1-consumption-34715001958-1 (ID: 10304832381, Size: 24766, Expected Digest: sha256:327576093c14785d651487372c20897fba9c380fc1b0d0836467a79987f7de51)
2026-09-12T19:52:20.8727262Z Redirecting to blob download url: https://productionresultssa15.blob.core.windows.net/actions-results/9fcc5cb8-f0bc-4bb9-9b4f-dd3c8d550e91/workflow-job-run-476704fa-d0dc-58c0-a36b-a862b5c93ea0/artifacts/bd0aa5d85541b225439c01e6a3ad16dace50e7533ed3a66d921e7990752f343a.zip
2026-09-12T19:52:20.8730061Z Starting download of artifact to: /home/runner/work/momentumbot/momentumbot/diagnostic-preflight
2026-09-12T19:52:21.1569931Z (node:2353) [DEP0005] DeprecationWarning: Buffer() is deprecated due to security and usability issues. Please use the Buffer.alloc(), Buffer.allocUnsafe(), or Buffer.from() methods instead.
2026-09-12T19:52:21.2216420Z SHA256 digest of downloaded artifact is 327576093c14785d651487372c20897fba9c380fc1b0d0836467a79987f7de51
2026-09-12T19:52:21.2217676Z Artifact download completed successfully.
2026-09-12T19:52:21.2218052Z Total of 1 artifact(s) downloaded
2026-09-12T19:52:21.2222006Z Download artifact has finished successfully
2026-09-12T19:52:21.2338925Z ##[group]Run gh api repos/RoomyRems/momentumbot/git/ref/tags/early-pullback-census-diagnostic-v0.1-consumed > diagnostic-current-ref.json
2026-09-12T19:52:21.2340011Z [36;1mgh api repos/RoomyRems/momentumbot/git/ref/tags/early-pullback-census-diagnostic-v0.1-consumed > diagnostic-current-ref.json[0m
2026-09-12T19:52:21.2340952Z [36;1mgh api "repos/RoomyRems/momentumbot/actions/artifacts/$DIAGNOSTIC_PREFLIGHT_ARTIFACT_ID" > diagnostic-artifact.json[0m
2026-09-12T19:52:21.2379139Z shell: /usr/bin/bash -e {0}
2026-09-12T19:52:21.2379395Z env:
2026-09-12T19:52:21.2379597Z   PYTHONPATH: src:scripts
2026-09-12T19:52:21.2379850Z   PYTHONDONTWRITEBYTECODE: 1
2026-09-12T19:52:21.2380142Z   DIAGNOSTIC_PREFLIGHT_ARTIFACT_ID: 10304832381
2026-09-12T19:52:21.2380646Z   DIAGNOSTIC_PREFLIGHT_SHA256: f3680d6f8e10d7eb0329bf39d02f5d9497b376bc4467596a3ea344cb7a1f2581
2026-09-12T19:52:21.2381184Z   pythonLocation: /opt/hostedtoolcache/Python/3.12.14/x64
2026-09-12T19:52:21.2381649Z   PKG_CONFIG_PATH: /opt/hostedtoolcache/Python/3.12.14/x64/lib/pkgconfig
2026-09-12T19:52:21.2382110Z   Python_ROOT_DIR: /opt/hostedtoolcache/Python/3.12.14/x64
2026-09-12T19:52:21.2382503Z   Python2_ROOT_DIR: /opt/hostedtoolcache/Python/3.12.14/x64
2026-09-12T19:52:21.2382887Z   Python3_ROOT_DIR: /opt/hostedtoolcache/Python/3.12.14/x64
2026-09-12T19:52:21.2383275Z   LD_LIBRARY_PATH: /opt/hostedtoolcache/Python/3.12.14/x64/lib
2026-09-12T19:52:21.2385899Z   GH_TOKEN: ***
2026-09-12T19:52:21.2386116Z ##[endgroup]
2026-09-12T19:52:21.9823522Z ##[group]Run python scripts/run_census_payload_diagnostic.py capture
2026-09-12T19:52:21.9824039Z [36;1mpython scripts/run_census_payload_diagnostic.py capture[0m
2026-09-12T19:52:21.9860545Z shell: /usr/bin/bash -e {0}
2026-09-12T19:52:21.9860804Z env:
2026-09-12T19:52:21.9861009Z   PYTHONPATH: src:scripts
2026-09-12T19:52:21.9861268Z   PYTHONDONTWRITEBYTECODE: 1
2026-09-12T19:52:21.9861553Z   DIAGNOSTIC_PREFLIGHT_ARTIFACT_ID: 10304832381
2026-09-12T19:52:21.9862041Z   DIAGNOSTIC_PREFLIGHT_SHA256: f3680d6f8e10d7eb0329bf39d02f5d9497b376bc4467596a3ea344cb7a1f2581
2026-09-12T19:52:21.9862582Z   pythonLocation: /opt/hostedtoolcache/Python/3.12.14/x64
2026-09-12T19:52:21.9863015Z   PKG_CONFIG_PATH: /opt/hostedtoolcache/Python/3.12.14/x64/lib/pkgconfig
2026-09-12T19:52:21.9863443Z   Python_ROOT_DIR: /opt/hostedtoolcache/Python/3.12.14/x64
2026-09-12T19:52:21.9863828Z   Python2_ROOT_DIR: /opt/hostedtoolcache/Python/3.12.14/x64
2026-09-12T19:52:21.9864233Z   Python3_ROOT_DIR: /opt/hostedtoolcache/Python/3.12.14/x64
2026-09-12T19:52:21.9864619Z   LD_LIBRARY_PATH: /opt/hostedtoolcache/Python/3.12.14/x64/lib
2026-09-12T19:52:21.9865087Z   MASSIVE_API_KEY: ***
2026-09-12T19:52:21.9865309Z ##[endgroup]
2026-09-12T19:52:24.1273266Z {"attempts": 1, "failure": null, "diagnosis": {"legacy_accepted": false, "reason": "provider page order regressed", "rows_projected": null}}
2026-09-12T19:52:24.1911306Z Node 20 is being deprecated. This workflow is running with Node 24 by default. If you need to temporarily use Node 20, you can set the ACTIONS_ALLOW_USE_UNSECURE_NODE_VERSION=true environment variable. For more information see: https://github.blog/changelog/2025-09-19-deprecation-of-node-20-on-github-actions-runners/
2026-09-12T19:52:24.1912696Z ##[group]Run actions/upload-artifact@ea165f8d65b6e75b540449e92b4886f43607fa02
2026-09-12T19:52:24.1913085Z with:
2026-09-12T19:52:24.1913401Z   name: early-pullback-census-diagnostic-v0.1-result-34715001958-1
2026-09-12T19:52:24.1913786Z   path: diagnostic-result
2026-09-12T19:52:24.1914027Z   if-no-files-found: error
2026-09-12T19:52:24.1914261Z   retention-days: 90
2026-09-12T19:52:24.1914477Z   compression-level: 6
2026-09-12T19:52:24.1914693Z   overwrite: false
2026-09-12T19:52:24.1914920Z   include-hidden-files: false
2026-09-12T19:52:24.1915331Z env:
2026-09-12T19:52:24.1915525Z   PYTHONPATH: src:scripts
2026-09-12T19:52:24.1915800Z   PYTHONDONTWRITEBYTECODE: 1
2026-09-12T19:52:24.1916077Z   DIAGNOSTIC_PREFLIGHT_ARTIFACT_ID: 10304832381
2026-09-12T19:52:24.1916560Z   DIAGNOSTIC_PREFLIGHT_SHA256: f3680d6f8e10d7eb0329bf39d02f5d9497b376bc4467596a3ea344cb7a1f2581
2026-09-12T19:52:24.1917441Z   pythonLocation: /opt/hostedtoolcache/Python/3.12.14/x64
2026-09-12T19:52:24.1917890Z   PKG_CONFIG_PATH: /opt/hostedtoolcache/Python/3.12.14/x64/lib/pkgconfig
2026-09-12T19:52:24.1918318Z   Python_ROOT_DIR: /opt/hostedtoolcache/Python/3.12.14/x64
2026-09-12T19:52:24.1918705Z   Python2_ROOT_DIR: /opt/hostedtoolcache/Python/3.12.14/x64
2026-09-12T19:52:24.1919090Z   Python3_ROOT_DIR: /opt/hostedtoolcache/Python/3.12.14/x64
2026-09-12T19:52:24.1919485Z   LD_LIBRARY_PATH: /opt/hostedtoolcache/Python/3.12.14/x64/lib
2026-09-12T19:52:24.1919819Z ##[endgroup]
2026-09-12T19:52:24.3549059Z (node:2394) [DEP0040] DeprecationWarning: The `punycode` module is deprecated. Please use a userland alternative instead.
2026-09-12T19:52:24.3549854Z (Use `node --trace-deprecation ...` to show where the warning was created)
2026-09-12T19:52:24.3636620Z With the provided path, there will be 12 files uploaded
2026-09-12T19:52:24.3647430Z Artifact name is valid!
2026-09-12T19:52:24.3647898Z Root directory input is valid!
2026-09-12T19:52:24.7549179Z Beginning upload of artifact content to blob storage
2026-09-12T19:52:24.7970368Z (node:2394) [DEP0169] DeprecationWarning: `url.parse()` behavior is not standardized and prone to errors that have security implications. Use the WHATWG URL API instead. CVEs are not issued for `url.parse()` vulnerabilities.
2026-09-12T19:52:25.1740131Z Uploaded bytes 65103
2026-09-12T19:52:25.2731083Z Finished uploading artifact content to blob storage!
2026-09-12T19:52:25.2731925Z SHA256 digest of uploaded artifact zip is 3ae062d9dd610873c3f50e568b5b61026d6dd47fb1417374ec72ac8ab46bc6e4
2026-09-12T19:52:25.2734003Z Finalizing artifact upload
2026-09-12T19:52:25.5227370Z Artifact early-pullback-census-diagnostic-v0.1-result-34715001958-1.zip successfully finalized. Artifact ID 10304886525
2026-09-12T19:52:25.5229679Z Artifact early-pullback-census-diagnostic-v0.1-result-34715001958-1 has been successfully uploaded! Final size is 65103 bytes. Artifact ID is 10304886525
2026-09-12T19:52:25.5236238Z Artifact download URL: https://github.com/RoomyRems/momentumbot/actions/runs/34715001958/artifacts/10304886525
2026-09-12T19:52:25.5408444Z Node 20 is being deprecated. This workflow is running with Node 24 by default. If you need to temporarily use Node 20, you can set the ACTIONS_ALLOW_USE_UNSECURE_NODE_VERSION=true environment variable. For more information see: https://github.blog/changelog/2025-09-19-deprecation-of-node-20-on-github-actions-runners/
2026-09-12T19:52:25.5409735Z Post job cleanup.
2026-09-12T19:52:25.6623761Z (node:2406) [DEP0040] DeprecationWarning: The `punycode` module is deprecated. Please use a userland alternative instead.
2026-09-12T19:52:25.6625088Z (Use `node --trace-deprecation ...` to show where the warning was created)
2026-09-12T19:52:25.6830187Z Node 20 is being deprecated. This workflow is running with Node 24 by default. If you need to temporarily use Node 20, you can set the ACTIONS_ALLOW_USE_UNSECURE_NODE_VERSION=true environment variable. For more information see: https://github.blog/changelog/2025-09-19-deprecation-of-node-20-on-github-actions-runners/
2026-09-12T19:52:25.6831462Z Post job cleanup.
2026-09-12T19:52:25.7892318Z [command]/usr/bin/git version
2026-09-12T19:52:25.7957661Z git version 2.55.0
2026-09-12T19:52:25.8019918Z Temporarily overriding HOME='/home/runner/work/_temp/15b9693e-a2b0-4b87-8821-fdfe8baa5038' before making global git config changes
2026-09-12T19:52:25.8021512Z Adding repository directory to the temporary git global config as a safe directory
2026-09-12T19:52:25.8022866Z [command]/usr/bin/git config --global --add safe.directory /home/runner/work/momentumbot/momentumbot
2026-09-12T19:52:25.8102295Z [command]/usr/bin/git config --local --name-only --get-regexp core\.sshCommand
2026-09-12T19:52:25.8148104Z [command]/usr/bin/git submodule foreach --recursive sh -c "git config --local --name-only --get-regexp 'core\.sshCommand' && git config --local --unset-all 'core.sshCommand' || :"
2026-09-12T19:52:25.8459951Z [command]/usr/bin/git config --local --name-only --get-regexp http\.https\:\/\/github\.com\/\.extraheader
2026-09-12T19:52:25.8496447Z [command]/usr/bin/git submodule foreach --recursive sh -c "git config --local --name-only --get-regexp 'http\.https\:\/\/github\.com\/\.extraheader' && git config --local --unset-all 'http.https://github.com/.extraheader' || :"
2026-09-12T19:52:25.8925953Z Cleaning up orphan processes
2026-09-12T19:52:25.9255870Z ##[warning]Node.js 20 is deprecated. The following actions target Node.js 20 but are being forced to run on Node.js 24: actions/checkout@11bd71901bbe5b1630ceea73d27597364c9af683, actions/download-artifact@d3f86a106a0bac45b974a628896c90dbdf5c8093, actions/setup-python@42375524e23c412d93fb67b49958b491fce71c38, actions/upload-artifact@ea165f8d65b6e75b540449e92b4886f43607fa02. For more information see: https://github.blog/changelog/2025-09-19-deprecation-of-node-20-on-github-actions-runners/
